Archive member included to satisfy reference by file (symbol)

C:/ST/STM32CubeIDE_1.19.0/STM32CubeIDE/plugins/com.st.stm32cube.ide.mcu.externaltools.gnu-tools-for-stm32.13.3.rel1.win32_1.0.0.202411081344/tools/bin/../lib/gcc/arm-none-eabi/13.3.1/../../../../arm-none-eabi/lib/thumb/v7-m/nofp\libc_nano.a(libc_a-exit.o)
                              C:/ST/STM32CubeIDE_1.19.0/STM32CubeIDE/plugins/com.st.stm32cube.ide.mcu.externaltools.gnu-tools-for-stm32.13.3.rel1.win32_1.0.0.202411081344/tools/bin/../lib/gcc/arm-none-eabi/13.3.1/../../../../arm-none-eabi/lib/thumb/v7-m/nofp/crt0.o (exit)
C:/ST/STM32CubeIDE_1.19.0/STM32CubeIDE/plugins/com.st.stm32cube.ide.mcu.externaltools.gnu-tools-for-stm32.13.3.rel1.win32_1.0.0.202411081344/tools/bin/../lib/gcc/arm-none-eabi/13.3.1/../../../../arm-none-eabi/lib/thumb/v7-m/nofp\libc_nano.a(libc_a-findfp.o)
                              ./Middlewares/Third_Party/FreeRTOS/Source/tasks.o (__sf)
C:/ST/STM32CubeIDE_1.19.0/STM32CubeIDE/plugins/com.st.stm32cube.ide.mcu.externaltools.gnu-tools-for-stm32.13.3.rel1.win32_1.0.0.202411081344/tools/bin/../lib/gcc/arm-none-eabi/13.3.1/../../../../arm-none-eabi/lib/thumb/v7-m/nofp\libc_nano.a(libc_a-fwalk.o)
                              C:/ST/STM32CubeIDE_1.19.0/STM32CubeIDE/plugins/com.st.stm32cube.ide.mcu.externaltools.gnu-tools-for-stm32.13.3.rel1.win32_1.0.0.202411081344/tools/bin/../lib/gcc/arm-none-eabi/13.3.1/../../../../arm-none-eabi/lib/thumb/v7-m/nofp\libc_nano.a(libc_a-findfp.o) (_fwalk_sglue)
C:/ST/STM32CubeIDE_1.19.0/STM32CubeIDE/plugins/com.st.stm32cube.ide.mcu.externaltools.gnu-tools-for-stm32.13.3.rel1.win32_1.0.0.202411081344/tools/bin/../lib/gcc/arm-none-eabi/13.3.1/../../../../arm-none-eabi/lib/thumb/v7-m/nofp\libc_nano.a(libc_a-stdio.o)
                              C:/ST/STM32CubeIDE_1.19.0/STM32CubeIDE/plugins/com.st.stm32cube.ide.mcu.externaltools.gnu-tools-for-stm32.13.3.rel1.win32_1.0.0.202411081344/tools/bin/../lib/gcc/arm-none-eabi/13.3.1/../../../../arm-none-eabi/lib/thumb/v7-m/nofp\libc_nano.a(libc_a-findfp.o) (__sread)
C:/ST/STM32CubeIDE_1.19.0/STM32CubeIDE/plugins/com.st.stm32cube.ide.mcu.externaltools.gnu-tools-for-stm32.13.3.rel1.win32_1.0.0.202411081344/tools/bin/../lib/gcc/arm-none-eabi/13.3.1/../../../../arm-none-eabi/lib/thumb/v7-m/nofp\libc_nano.a(libc_a-memcmp.o)
                              ./Core/Src/main.o (memcmp)
C:/ST/STM32CubeIDE_1.19.0/STM32CubeIDE/plugins/com.st.stm32cube.ide.mcu.externaltools.gnu-tools-for-stm32.13.3.rel1.win32_1.0.0.202411081344/tools/bin/../lib/gcc/arm-none-eabi/13.3.1/../../../../arm-none-eabi/lib/thumb/v7-m/nofp\libc_nano.a(libc_a-memset.o)
                              C:/ST/STM32CubeIDE_1.19.0/STM32CubeIDE/plugins/com.st.stm32cube.ide.mcu.externaltools.gnu-tools-for-stm32.13.3.rel1.win32_1.0.0.202411081344/tools/bin/../lib/gcc/arm-none-eabi/13.3.1/../../../../arm-none-eabi/lib/thumb/v7-m/nofp/crt0.o (memset)
C:/ST/STM32CubeIDE_1.19.0/STM32CubeIDE/plugins/com.st.stm32cube.ide.mcu.externaltools.gnu-tools-for-stm32.13.3.rel1.win32_1.0.0.202411081344/tools/bin/../lib/gcc/arm-none-eabi/13.3.1/../../../../arm-none-eabi/lib/thumb/v7-m/nofp\libc_nano.a(libc_a-closer.o)
                              C:/ST/STM32CubeIDE_1.19.0/STM32CubeIDE/plugins/com.st.stm32cube.ide.mcu.externaltools.gnu-tools-for-stm32.13.3.rel1.win32_1.0.0.202411081344/tools/bin/../lib/gcc/arm-none-eabi/13.3.1/../../../../arm-none-eabi/lib/thumb/v7-m/nofp\libc_nano.a(libc_a-stdio.o) (_close_r)
C:/ST/STM32CubeIDE_1.19.0/STM32CubeIDE/plugins/com.st.stm32cube.ide.mcu.externaltools.gnu-tools-for-stm32.13.3.rel1.win32_1.0.0.202411081344/tools/bin/../lib/gcc/arm-none-eabi/13.3.1/../../../../arm-none-eabi/lib/thumb/v7-m/nofp\libc_nano.a(libc_a-reent.o)
                              ./Middlewares/Third_Party/FreeRTOS/Source/tasks.o (_reclaim_reent)
C:/ST/STM32CubeIDE_1.19.0/STM32CubeIDE/plugins/com.st.stm32cube.ide.mcu.externaltools.gnu-tools-for-stm32.13.3.rel1.win32_1.0.0.202411081344/tools/bin/../lib/gcc/arm-none-eabi/13.3.1/../../../../arm-none-eabi/lib/thumb/v7-m/nofp\libc_nano.a(libc_a-impure.o)
                              ./Middlewares/Third_Party/FreeRTOS/Source/tasks.o (_impure_ptr)
C:/ST/STM32CubeIDE_1.19.0/STM32CubeIDE/plugins/com.st.stm32cube.ide.mcu.externaltools.gnu-tools-for-stm32.13.3.rel1.win32_1.0.0.202411081344/tools/bin/../lib/gcc/arm-none-eabi/13.3.1/../../../../arm-none-eabi/lib/thumb/v7-m/nofp\libc_nano.a(libc_a-lseekr.o)
                              C:/ST/STM32CubeIDE_1.19.0/STM32CubeIDE/plugins/com.st.stm32cube.ide.mcu.externaltools.gnu-tools-for-stm32.13.3.rel1.win32_1.0.0.202411081344/tools/bin/../lib/gcc/arm-none-eabi/13.3.1/../../../../arm-none-eabi/lib/thumb/v7-m/nofp\libc_nano.a(libc_a-stdio.o) (_lseek_r)
C:/ST/STM32CubeIDE_1.19.0/STM32CubeIDE/plugins/com.st.stm32cube.ide.mcu.externaltools.gnu-tools-for-stm32.13.3.rel1.win32_1.0.0.202411081344/tools/bin/../lib/gcc/arm-none-eabi/13.3.1/../../../../arm-none-eabi/lib/thumb/v7-m/nofp\libc_nano.a(libc_a-readr.o)
[...]
Memory Configuration

Name             Origin             Length             Attributes
RAM              0x20000000         0x00005000         xrw
FLASH            0x08000000         0x00010000         xr
*default*        0x00000000         0xffffffff

Linker script and memory map

LOAD C:/ST/STM32CubeIDE_1.19.0/STM32CubeIDE/plugins/com.st.stm32cube.ide.mcu.externaltools.gnu-tools-for-stm32.13.3.rel1.win32_1.0.0.202411081344/tools/bin/../lib/gcc/arm-none-eabi/13.3.1/thumb/v7-m/nofp/crti.o
LOAD C:/ST/STM32CubeIDE_1.19.0/STM32CubeIDE/plugins/com.st.stm32cube.ide.mcu.externaltools.gnu-tools-for-stm32.13.3.rel1.win32_1.0.0.202411081344/tools/bin/../lib/gcc/arm-none-eabi/13.3.1/thumb/v7-m/nofp/crtbegin.o
LOAD C:/ST/STM32CubeIDE_1.19.0/STM32CubeIDE/plugins/com.st.stm32cube.ide.mcu.externaltools.gnu-tools-for-stm32.13.3.rel1.win32_1.0.0.202411081344/tools/bin/../lib/gcc/arm-none-eabi/13.3.1/../../../../arm-none-eabi/lib/thumb/v7-m/nofp/crt0.o
LOAD ./Core/Src/aes.o
LOAD ./Core/Src/buffer_pool.o
LOAD ./Core/Src/enc28j60_driver.o
LOAD ./Core/Src/freertos.o
LOAD ./Core/Src/main.o
LOAD ./Core/Src/stm32f1xx_hal_msp.o
LOAD ./Core/Src/stm32f1xx_hal_timebase_tim.o
LOAD ./Core/Src/stm32f1xx_it.o
LOAD ./Core/Src/syscalls.o
LOAD ./Core/Src/sysmem.o
LOAD ./Core/Src/system_stm32f1xx.o
LOAD ./Core/Startup/startup_stm32f103c8tx.o
LOAD ./Drivers/STM32F1xx_HAL_Driver/Src/stm32f1xx_hal.o
LOAD ./Drivers/STM32F1xx_HAL_Driver/Src/stm32f1xx_hal_cortex.o
LOAD ./Drivers/STM32F1xx_HAL_Driver/Src/stm32f1xx_hal_dma.o
LOAD ./Drivers/STM32F1xx_HAL_Driver/Src/stm32f1xx_hal_exti.o
LOAD ./Drivers/STM32F1xx_HAL_Driver/Src/stm32f1xx_hal_flash.o
LOAD ./Drivers/STM32F1xx_HAL_Driver/Src/stm32f1xx_hal_flash_ex.o
LOAD ./Drivers/STM32F1xx_HAL_Driver/Src/stm32f1xx_hal_gpio.o
LOAD ./Drivers/STM32F1xx_HAL_Driver/Src/stm32f1xx_hal_gpio_ex.o
LOAD ./Drivers/STM32F1xx_HAL_Driver/Src/stm32f1xx_hal_iwdg.o
LOAD ./Drivers/STM32F1xx_HAL_Driver/Src/stm32f1xx_hal_pwr.o
LOAD ./Drivers/STM32F1xx_HAL_Driver/Src/stm32f1xx_hal_rcc.o
LOAD ./Drivers/STM32F1xx_HAL_Driver/Src/stm32f1xx_hal_rcc_ex.o
LOAD ./Drivers/STM32F1xx_HAL_Driver/Src/stm32f1xx_hal_spi.o
LOAD ./Drivers/STM32F1xx_HAL_Driver/Src/stm32f1xx_hal_tim.o
LOAD ./Drivers/STM32F1xx_HAL_Driver/Src/stm32f1xx_hal_tim_ex.o
LOAD ./Middlewares/Third_Party/FreeRTOS/Source/CMSIS_RTOS/cmsis_os.o
LOAD ./Middlewares/Third_Party/FreeRTOS/Source/croutine.o
LOAD ./Middlewares/Third_Party/FreeRTOS/Source/event_groups.o
LOAD ./Middlewares/Third_Party/FreeRTOS/Source/list.o
LOAD ./Middlewares/Third_Party/FreeRTOS/Source/queue.o
LOAD ./Middlewares/Third_Party/FreeRTOS/Source/stream_buffer.o
LOAD ./Middlewares/Third_Party/FreeRTOS/Source/tasks.o
LOAD ./Middlewares/Third_Party/FreeRTOS/Source/timers.o
LOAD ./Middlewares/Third_Party/FreeRTOS/Source/portable/GCC/ARM_CM3/port.o
LOAD ./Middlewares/Third_Party/FreeRTOS/Source/portable/MemMang/heap_4.o
START GROUP
LOAD C:/ST/STM32CubeIDE_1.19.0/STM32CubeIDE/plugins/com.st.stm32cube.ide.mcu.externaltools.gnu-tools-for-stm32.13.3.rel1.win32_1.0.0.202411081344/tools/bin/../lib/gcc/arm-none-eabi/13.3.1/../../../../arm-none-eabi/lib/thumb/v7-m/nofp\libc_nano.a
LOAD C:/ST/STM32CubeIDE_1.19.0/STM32CubeIDE/plugins/com.st.stm32cube.ide.mcu.externaltools.gnu-tools-for-stm32.13.3.rel1.win32_1.0.0.202411081344/tools/bin/../lib/gcc/arm-none-eabi/13.3.1/../../../../arm-none-eabi/lib/thumb/v7-m/nofp\libm.a
END GROUP
START GROUP
LOAD C:/ST/STM32CubeIDE_1.19.0/STM32CubeIDE/plugins/com.st.stm32cube.ide.mcu.externaltools.gnu-tools-for-stm32.13.3.rel1.win32_1.0.0.202411081344/tools/bin/../lib/gcc/arm-none-eabi/13.3.1/thumb/v7-m/nofp\libgcc.a
LOAD C:/ST/STM32CubeIDE_1.19.0/STM32CubeIDE/plugins/com.st.stm32cube.ide.mcu.externaltools.gnu-tools-for-stm32.13.3.rel1.win32_1.0.0.202411081344/tools/bin/../lib/gcc/arm-none-eabi/13.3.1/../../../../arm-none-eabi/lib/thumb/v7-m/nofp\libc_nano.a
END GROUP
START GROUP
LOAD C:/ST/STM32CubeIDE_1.19.0/STM32CubeIDE/plugins/com.st.stm32cube.ide.mcu.externaltools.gnu-tools-for-stm32.13.3.rel1.win32_1.0.0.202411081344/tools/bin/../lib/gcc/arm-none-eabi/13.3.1/thumb/v7-m/nofp\libgcc.a
LOAD C:/ST/STM32CubeIDE_1.19.0/STM32CubeIDE/plugins/com.st.stm32cube.ide.mcu.externaltools.gnu-tools-for-stm32.13.3.rel1.win32_1.0.0.202411081344/tools/bin/../lib/gcc/arm-none-eabi/13.3.1/../../../../arm-none-eabi/lib/thumb/v7-m/nofp\libc_nano.a
LOAD C:/ST/STM32CubeIDE_1.19.0/STM32CubeIDE/plugins/com.st.stm32cube.ide.mcu.externaltools.gnu-tools-for-stm32.13.3.rel1.win32_1.0.0.202411081344/tools/bin/../lib/gcc/arm-none-eabi/13.3.1/../../../../arm-none-eabi/lib/thumb/v7-m/nofp\libnosys.a
END GROUP
START GROUP
LOAD C:/ST/STM32CubeIDE_1.19.0/STM32CubeIDE/plugins/com.st.stm32cube.ide.mcu.externaltools.gnu-tools-for-stm32.13.3.rel1.win32_1.0.0.202411081344/tools/bin/../lib/gcc/arm-none-eabi/13.3.1/thumb/v7-m/nofp\libgcc.a
LOAD C:/ST/STM32CubeIDE_1.19.0/STM32CubeIDE/plugins/com.st.stm32cube.ide.mcu.externaltools.gnu-tools-for-stm32.13.3.rel1.win32_1.0.0.202411081344/tools/bin/../lib/gcc/arm-none-eabi/13.3.1/../../../../arm-none-eabi/lib/thumb/v7-m/nofp\libc_nano.a
LOAD C:/ST/STM32CubeIDE_1.19.0/STM32CubeIDE/plugins/com.st.stm32cube.ide.mcu.externaltools.gnu-tools-for-stm32.13.3.rel1.win32_1.0.0.202411081344/tools/bin/../lib/gcc/arm-none-eabi/13.3.1/../../../../arm-none-eabi/lib/thumb/v7-m/nofp\libnosys.a
END GROUP
LOAD C:/ST/STM32CubeIDE_1.19.0/STM32CubeIDE/plugins/com.st.stm32cube.ide.mcu.externaltools.gnu-tools-for-stm32.13.3.rel1.win32_1.0.0.202411081344/tools/bin/../lib/gcc/arm-none-eabi/13.3.1/thumb/v7-m/nofp/crtend.o
LOAD C:/ST/STM32CubeIDE_1.19.0/STM32CubeIDE/plugins/com.st.stm32cube.ide.mcu.externaltools.gnu-tools-for-stm32.13.3.rel1.win32_1.0.0.202411081344/tools/bin/../lib/gcc/arm-none-eabi/13.3.1/thumb/v7-m/nofp/crtn.o
                0x20005000                        _estack = (ORIGIN (RAM) + LENGTH (RAM))
                0x00000200                        _Min_Heap_Size = 0x200
                0x00000400                        _Min_Stack_Size = 0x400

.isr_vector     0x08000000      0x10c
                0x08000000                        . = ALIGN (0x4)
 *(.isr_vector)
 .isr_vector    0x08000000      0x10c ./Core/Startup/startup_stm32f103c8tx.o
                0x08000000                g_pfnVectors
                0x0800010c                        . = ALIGN (0x4)

.text           0x08000110     0x7a7c
                0x08000110                        . = ALIGN (0x4)
 *(.text)
 .text          0x08000110       0x40 C:/ST/STM32CubeIDE_1.19.0/STM32CubeIDE/plugins/com.st.stm32cube.ide.mcu.externaltools.gnu-tools-for-stm32.13.3.rel1.win32_1.0.0.202411081344/tools/bin/../lib/gcc/arm-none-eabi/13.3.1/thumb/v7-m/nofp/crtbegin.o
 *(.text*)
 .text.KeyExpansion
                0x08000150      0x1a0 ./Core/Src/aes.o
 .text.AES_init_ctx_iv
                0x080002f0       0x2c ./Core/Src/aes.o
                0x080002f0                AES_init_ctx_iv
 .text.AddRoundKey
                0x0800031c       0x76 ./Core/Src/aes.o
 *fill*         0x08000392        0x2 
 .text.SubBytes
                0x08000394       0x60 ./Core/Src/aes.o
 .text.ShiftRows
                0x080003f4       0x82 ./Core/Src/aes.o
 .text.xtime    0x08000476       0x3c ./Core/Src/aes.o
 .text.MixColumns
                0x080004b2      0x16a ./Core/Src/aes.o
 .text.Cipher   0x0800061c       0x5c ./Core/Src/aes.o
 .text.XorWithIv
                0x08000678       0x44 ./Core/Src/aes.o
 .text.AES_CBC_encrypt_buffer
                0x080006bc       0x58 ./Core/Src/aes.o
                0x080006bc                AES_CBC_encrypt_buffer
 .text.AES_CBC_PKCS7_Encrypt
                0x08000714       0x90 ./Core/Src/aes.o
                0x08000714                AES_CBC_PKCS7_Encrypt
 .text.BufferPool_Init
                0x080007a4       0x74 ./Core/Src/buffer_pool.o
                0x080007a4                BufferPool_Init
 .text.BufferPool_Acquire
                0x08000818       0xa4 ./Core/Src/buffer_pool.o
                0x08000818                BufferPool_Acquire
 .text.BufferPool_Release
                0x080008bc       0x70 ./Core/Src/buffer_pool.o
                0x080008bc                BufferPool_Release
 .text.ENC28J60_ReadOp
                0x0800092c       0x8c ./Core/Src/enc28j60_driver.o
                0x0800092c                ENC28J60_ReadOp
 .text.ENC28J60_WriteOp
                0x080009b8       0x76 ./Core/Src/enc28j60_driver.o
                0x080009b8                ENC28J60_WriteOp
 .text.ENC28J60_SetBank
                0x08000a2e       0x48 ./Core/Src/enc28j60_driver.o
                0x08000a2e                ENC28J60_SetBank
 .text.ENC28J60_ReadReg
                0x08000a76       0x2c ./Core/Src/enc28j60_driver.o
                0x08000a76                ENC28J60_ReadReg
 .text.ENC28J60_WriteReg
                0x08000aa2       0x2e ./Core/Src/enc28j60_driver.o
                0x08000aa2                ENC28J60_WriteReg
 .text.ENC28J60_WritePhy
                0x08000ad0       0x5a ./Core/Src/enc28j60_driver.o
                0x08000ad0                ENC28J60_WritePhy
 .text.ENC28J60_ReadPhy
                0x08000b2a       0x74 ./Core/Src/enc28j60_driver.o
                0x08000b2a                ENC28J60_ReadPhy
 .text.ENC28J60_Init
                0x08000b9e      0x1e0 ./Core/Src/enc28j60_driver.o
                0x08000b9e                ENC28J60_Init
 *fill*         0x08000d7e        0x2 
 .text.ENC28J60_SendPacket
                0x08000d80      0x170 ./Core/Src/enc28j60_driver.o
                0x08000d80                ENC28J60_SendPacket
 .text.ENC28J60_ReceivePacket
                0x08000ef0      0x198 ./Core/Src/enc28j60_driver.o
                0x08000ef0                ENC28J60_ReceivePacket
 .text.vApplicationGetIdleTaskMemory
                0x08001088       0x30 ./Core/Src/freertos.o
                0x08001088                vApplicationGetIdleTaskMemory
 .text.HAL_GPIO_EXTI_Callback
                0x080010b8       0x3c ./Core/Src/freertos.o
                0x080010b8                HAL_GPIO_EXTI_Callback
 .text.HAL_SPI_RxCpltCallback
                0x080010f4       0x4c ./Core/Src/freertos.o
                0x080010f4                HAL_SPI_RxCpltCallback
 .text.HAL_SPI_TxCpltCallback
                0x08001140       0x4c ./Core/Src/freertos.o
                0x08001140                HAL_SPI_TxCpltCallback
 .text.RX_HandlePacket
                0x0800118c       0xc0 ./Core/Src/main.o
                0x0800118c                RX_HandlePacket
 .text.Update_Ip_Checksum
                0x0800124c       0xae ./Core/Src/main.o
                0x0800124c                Update_Ip_Checksum
 *fill*         0x080012fa        0x2 
 .text.main     0x080012fc      0x204 ./Core/Src/main.o
                0x080012fc                main
 .text.SystemClock_Config
                0x08001500       0x8e ./Core/Src/main.o
                0x08001500                SystemClock_Config
 *fill*         0x0800158e        0x2 
 .text.MX_IWDG_Init
                0x08001590       0x34 ./Core/Src/main.o
 .text.MX_SPI1_Init
                0x080015c4       0x6c ./Core/Src/main.o
 .text.MX_SPI2_Init
                0x08001630       0x6c ./Core/Src/main.o
 .text.MX_DMA_Init
                0x0800169c       0x6c ./Core/Src/main.o
 .text.MX_GPIO_Init
                0x08001708      0x144 ./Core/Src/main.o
 .text.StartDefaultTask
                0x0800184c       0x10 ./Core/Src/main.o
                0x0800184c                StartDefaultTask
 .text.vRX_SPI1_TaskFunc
                0x0800185c       0x58 ./Core/Src/main.o
                0x0800185c                vRX_SPI1_TaskFunc
 .text.vRX_SPI2_TaskFunc
                0x080018b4       0x58 ./Core/Src/main.o
                0x080018b4                vRX_SPI2_TaskFunc
 .text.vTX_TaskFunc
                0x0800190c       0x90 ./Core/Src/main.o
                0x0800190c                vTX_TaskFunc
 .text.vPacket_Processing_TaskFunc
                0x0800199c      0x21c ./Core/Src/main.o
                0x0800199c                vPacket_Processing_TaskFunc
 .text.vHeartbeat_TaskFunc
                0x08001bb8       0xdc ./Core/Src/main.o
                0x08001bb8                vHeartbeat_TaskFunc
 .text.HAL_TIM_PeriodElapsedCallback
                0x08001c94       0x24 ./Core/Src/main.o
                0x08001c94                HAL_TIM_PeriodElapsedCallback
 .text.Error_Handler
                0x08001cb8        0xc ./Core/Src/main.o
                0x08001cb8                Error_Handler
 .text.HAL_MspInit
                0x08001cc4       0x70 ./Core/Src/stm32f1xx_hal_msp.o
                0x08001cc4                HAL_MspInit
 .text.HAL_SPI_MspInit
                0x08001d34      0x264 ./Core/Src/stm32f1xx_hal_msp.o
                0x08001d34                HAL_SPI_MspInit
 .text.HAL_InitTick
                0x08001f98       0xfc ./Core/Src/stm32f1xx_hal_timebase_tim.o
                0x08001f98                HAL_InitTick
 .text.NMI_Handler
                0x08002094        0x8 ./Core/Src/stm32f1xx_it.o
                0x08002094                NMI_Handler
 .text.HardFault_Handler
                0x0800209c        0x8 ./Core/Src/stm32f1xx_it.o
                0x0800209c                HardFault_Handler
 .text.MemManage_Handler
                0x080020a4        0x8 ./Core/Src/stm32f1xx_it.o
                0x080020a4                MemManage_Handler
 .text.BusFault_Handler
                0x080020ac        0x8 ./Core/Src/stm32f1xx_it.o
                0x080020ac                BusFault_Handler
 .text.UsageFault_Handler
                0x080020b4        0x8 ./Core/Src/stm32f1xx_it.o
                0x080020b4                UsageFault_Handler
 .text.DebugMon_Handler
                0x080020bc        0xc ./Core/Src/stm32f1xx_it.o
                0x080020bc                DebugMon_Handler
 .text.EXTI0_IRQHandler
                0x080020c8        0xe ./Core/Src/stm32f1xx_it.o
                0x080020c8                EXTI0_IRQHandler
 .text.EXTI1_IRQHandler
                0x080020d6        0xe ./Core/Src/stm32f1xx_it.o
                0x080020d6                EXTI1_IRQHandler
 .text.DMA1_Channel2_IRQHandler
                0x080020e4       0x14 ./Core/Src/stm32f1xx_it.o
                0x080020e4                DMA1_Channel2_IRQHandler
 .text.DMA1_Channel3_IRQHandler
                0x080020f8       0x14 ./Core/Src/stm32f1xx_it.o
                0x080020f8                DMA1_Channel3_IRQHandler
 .text.DMA1_Channel4_IRQHandler
                0x0800210c       0x14 ./Core/Src/stm32f1xx_it.o
                0x0800210c                DMA1_Channel4_IRQHandler
 .text.DMA1_Channel5_IRQHandler
                0x08002120       0x14 ./Core/Src/stm32f1xx_it.o
                0x08002120                DMA1_Channel5_IRQHandler
 .text.TIM4_IRQHandler
                0x08002134       0x14 ./Core/Src/stm32f1xx_it.o
                0x08002134                TIM4_IRQHandler
 .text.SystemInit
                0x08002148        0xc ./Core/Src/system_stm32f1xx.o
                0x08002148                SystemInit
 .text.Reset_Handler
                0x08002154       0x48 ./Core/Startup/startup_stm32f103c8tx.o
                0x08002154                Reset_Handler
 .text.Default_Handler
                0x0800219c        0x2 ./Core/Startup/startup_stm32f103c8tx.o
                0x0800219c                RTC_Alarm_IRQHandler
                0x0800219c                EXTI2_IRQHandler
                0x0800219c                TIM1_CC_IRQHandler
                0x0800219c                PVD_IRQHandler
                0x0800219c                EXTI3_IRQHandler
                0x0800219c                I2C2_EV_IRQHandler
                0x0800219c                ADC1_2_IRQHandler
                0x0800219c                SPI1_IRQHandler
                0x0800219c                TAMPER_IRQHandler
                0x0800219c                USART3_IRQHandler
                0x0800219c                RTC_IRQHandler
                0x0800219c                DMA1_Channel7_IRQHandler
                0x0800219c                CAN1_RX1_IRQHandler
                0x0800219c                I2C1_EV_IRQHandler
                0x0800219c                DMA1_Channel6_IRQHandler
                0x0800219c                TIM3_IRQHandler
                0x0800219c                RCC_IRQHandler
                0x0800219c                TIM1_TRG_COM_IRQHandler
                0x0800219c                DMA1_Channel1_IRQHandler
                0x0800219c                Default_Handler
                0x0800219c                EXTI15_10_IRQHandler
                0x0800219c                EXTI9_5_IRQHandler
                0x0800219c                SPI2_IRQHandler
                0x0800219c                EXTI4_IRQHandler
                0x0800219c                USB_LP_CAN1_RX0_IRQHandler
                0x0800219c                USB_HP_CAN1_TX_IRQHandler
                0x0800219c                TIM1_UP_IRQHandler
                0x0800219c                WWDG_IRQHandler
                0x0800219c                TIM2_IRQHandler
                0x0800219c                TIM1_BRK_IRQHandler
                0x0800219c                USART2_IRQHandler
                0x0800219c                I2C2_ER_IRQHandler
                0x0800219c                CAN1_SCE_IRQHandler
                0x0800219c                FLASH_IRQHandler
                0x0800219c                USART1_IRQHandler
                0x0800219c                I2C1_ER_IRQHandler
                0x0800219c                USBWakeUp_IRQHandler
 *fill*         0x0800219e        0x2 
 .text.HAL_Init
                0x080021a0       0x2c ./Drivers/STM32F1xx_HAL_Driver/Src/stm32f1xx_hal.o
                0x080021a0                HAL_Init
 .text.HAL_IncTick
                0x080021cc       0x24 ./Drivers/STM32F1xx_HAL_Driver/Src/stm32f1xx_hal.o
                0x080021cc                HAL_IncTick
 .text.HAL_GetTick
                0x080021f0       0x14 ./Drivers/STM32F1xx_HAL_Driver/Src/stm32f1xx_hal.o
                0x080021f0                HAL_GetTick
 .text.HAL_Delay
                0x08002204       0x48 ./Drivers/STM32F1xx_HAL_Driver/Src/stm32f1xx_hal.o
                0x08002204                HAL_Delay
 .text.__NVIC_SetPriorityGrouping
                0x0800224c       0x48 ./Drivers/STM32F1xx_HAL_Driver/Src/stm32f1xx_hal_cortex.o
 .text.__NVIC_GetPriorityGrouping
                0x08002294       0x1c ./Drivers/STM32F1xx_HAL_Driver/Src/stm32f1xx_hal_cortex.o
 .text.__NVIC_EnableIRQ
                0x080022b0       0x38 ./Drivers/STM32F1xx_HAL_Driver/Src/stm32f1xx_hal_cortex.o
 .text.__NVIC_SetPriority
                0x080022e8       0x54 ./Drivers/STM32F1xx_HAL_Driver/Src/stm32f1xx_hal_cortex.o
 .text.NVIC_EncodePriority
                0x0800233c       0x64 ./Drivers/STM32F1xx_HAL_Driver/Src/stm32f1xx_hal_cortex.o
 .text.HAL_NVIC_SetPriorityGrouping
                0x080023a0       0x16 ./Drivers/STM32F1xx_HAL_Driver/Src/stm32f1xx_hal_cortex.o
                0x080023a0                HAL_NVIC_SetPriorityGrouping
 .text.HAL_NVIC_SetPriority
                0x080023b6       0x38 ./Drivers/STM32F1xx_HAL_Driver/Src/stm32f1xx_hal_cortex.o
                0x080023b6                HAL_NVIC_SetPriority
 .text.HAL_NVIC_EnableIRQ
                0x080023ee       0x1c ./Drivers/STM32F1xx_HAL_Driver/Src/stm32f1xx_hal_cortex.o
                0x080023ee                HAL_NVIC_EnableIRQ
 *fill*         0x0800240a        0x2 
 .text.HAL_DMA_Init
                0x0800240c       0xb4 ./Drivers/STM32F1xx_HAL_Driver/Src/stm32f1xx_hal_dma.o
                0x0800240c                HAL_DMA_Init
 .text.HAL_DMA_Start_IT
                0x080024c0       0xc0 ./Drivers/STM32F1xx_HAL_Driver/Src/stm32f1xx_hal_dma.o
                0x080024c0                HAL_DMA_Start_IT
 .text.HAL_DMA_IRQHandler
                0x08002580      0x20c ./Drivers/STM32F1xx_HAL_Driver/Src/stm32f1xx_hal_dma.o
                0x08002580                HAL_DMA_IRQHandler
 .text.DMA_SetConfig
                0x0800278c       0x5a ./Drivers/STM32F1xx_HAL_Driver/Src/stm32f1xx_hal_dma.o
 *fill*         0x080027e6        0x2 
 .text.HAL_GPIO_Init
                0x080027e8      0x308 ./Drivers/STM32F1xx_HAL_Driver/Src/stm32f1xx_hal_gpio.o
                0x080027e8                HAL_GPIO_Init
 .text.HAL_GPIO_WritePin
                0x08002af0       0x30 ./Drivers/STM32F1xx_HAL_Driver/Src/stm32f1xx_hal_gpio.o
                0x08002af0                HAL_GPIO_WritePin
 .text.HAL_GPIO_TogglePin
                0x08002b20       0x32 ./Drivers/STM32F1xx_HAL_Driver/Src/stm32f1xx_hal_gpio.o
                0x08002b20                HAL_GPIO_TogglePin
 *fill*         0x08002b52        0x2 
 .text.HAL_GPIO_EXTI_IRQHandler
                0x08002b54       0x30 ./Drivers/STM32F1xx_HAL_Driver/Src/stm32f1xx_hal_gpio.o
                0x08002b54                HAL_GPIO_EXTI_IRQHandler
 .text.HAL_IWDG_Init
                0x08002b84       0x88 ./Drivers/STM32F1xx_HAL_Driver/Src/stm32f1xx_hal_iwdg.o
                0x08002b84                HAL_IWDG_Init
 .text.HAL_IWDG_Refresh
                0x08002c0c       0x1e ./Drivers/STM32F1xx_HAL_Driver/Src/stm32f1xx_hal_iwdg.o
                0x08002c0c                HAL_IWDG_Refresh
 *fill*         0x08002c2a        0x2 
 .text.HAL_RCC_OscConfig
                0x08002c2c      0x504 ./Drivers/STM32F1xx_HAL_Driver/Src/stm32f1xx_hal_rcc.o
                0x08002c2c                HAL_RCC_OscConfig
 .text.HAL_RCC_ClockConfig
                0x08003130      0x1d4 ./Drivers/STM32F1xx_HAL_Driver/Src/stm32f1xx_hal_rcc.o
                0x08003130                HAL_RCC_ClockConfig
 .text.HAL_RCC_GetSysClockFreq
                0x08003304       0xa8 ./Drivers/STM32F1xx_HAL_Driver/Src/stm32f1xx_hal_rcc.o
                0x08003304                HAL_RCC_GetSysClockFreq
 .text.HAL_RCC_GetHCLKFreq
                0x080033ac       0x14 ./Drivers/STM32F1xx_HAL_Driver/Src/stm32f1xx_hal_rcc.o
                0x080033ac                HAL_RCC_GetHCLKFreq
 .text.HAL_RCC_GetPCLK1Freq
                0x080033c0       0x28 ./Drivers/STM32F1xx_HAL_Driver/Src/stm32f1xx_hal_rcc.o
                0x080033c0                HAL_RCC_GetPCLK1Freq
 .text.HAL_RCC_GetClockConfig
                0x080033e8       0x60 ./Drivers/STM32F1xx_HAL_Driver/Src/stm32f1xx_hal_rcc.o
                0x080033e8                HAL_RCC_GetClockConfig
 .text.RCC_Delay
                0x08003448       0x3c ./Drivers/STM32F1xx_HAL_Driver/Src/stm32f1xx_hal_rcc.o
 .text.HAL_SPI_Init
                0x08003484      0x108 ./Drivers/STM32F1xx_HAL_Driver/Src/stm32f1xx_hal_spi.o
                0x08003484                HAL_SPI_Init
 .text.HAL_SPI_Transmit
                0x0800358c      0x288 ./Drivers/STM32F1xx_HAL_Driver/Src/stm32f1xx_hal_spi.o
                0x0800358c                HAL_SPI_Transmit
 .text.HAL_SPI_Receive
                0x08003814      0x232 ./Drivers/STM32F1xx_HAL_Driver/Src/stm32f1xx_hal_spi.o
                0x08003814                HAL_SPI_Receive
 .text.HAL_SPI_TransmitReceive
                0x08003a46      0x352 ./Drivers/STM32F1xx_HAL_Driver/Src/stm32f1xx_hal_spi.o
                0x08003a46                HAL_SPI_TransmitReceive
 .text.HAL_SPI_Transmit_DMA
                0x08003d98      0x164 ./Drivers/STM32F1xx_HAL_Driver/Src/stm32f1xx_hal_spi.o
                0x08003d98                HAL_SPI_Transmit_DMA
 .text.HAL_SPI_Receive_DMA
                0x08003efc      0x188 ./Drivers/STM32F1xx_HAL_Driver/Src/stm32f1xx_hal_spi.o
                0x08003efc                HAL_SPI_Receive_DMA
 .text.HAL_SPI_TransmitReceive_DMA
                0x08004084      0x1f8 ./Drivers/STM32F1xx_HAL_Driver/Src/stm32f1xx_hal_spi.o
                0x08004084                HAL_SPI_TransmitReceive_DMA
 .text.HAL_SPI_TxRxCpltCallback
                0x0800427c       0x12 ./Drivers/STM32F1xx_HAL_Driver/Src/stm32f1xx_hal_spi.o
                0x0800427c                HAL_SPI_TxRxCpltCallback
 .text.HAL_SPI_TxHalfCpltCallback
                0x0800428e       0x12 ./Drivers/STM32F1xx_HAL_Driver/Src/stm32f1xx_hal_spi.o
                0x0800428e                HAL_SPI_TxHalfCpltCallback
 .text.HAL_SPI_RxHalfCpltCallback
                0x080042a0       0x12 ./Drivers/STM32F1xx_HAL_Driver/Src/stm32f1xx_hal_spi.o
                0x080042a0                HAL_SPI_RxHalfCpltCallback
 .text.HAL_SPI_TxRxHalfCpltCallback
                0x080042b2       0x12 ./Drivers/STM32F1xx_HAL_Driver/Src/stm32f1xx_hal_spi.o
                0x080042b2                HAL_SPI_TxRxHalfCpltCallback
 .text.HAL_SPI_ErrorCallback
                0x080042c4       0x12 ./Drivers/STM32F1xx_HAL_Driver/Src/stm32f1xx_hal_spi.o
                0x080042c4                HAL_SPI_ErrorCallback
 .text.SPI_DMATransmitCplt
                0x080042d6       0xa6 ./Drivers/STM32F1xx_HAL_Driver/Src/stm32f1xx_hal_spi.o
 .text.SPI_DMAReceiveCplt
                0x0800437c       0xa6 ./Drivers/STM32F1xx_HAL_Driver/Src/stm32f1xx_hal_spi.o
 .text.SPI_DMATransmitReceiveCplt
                0x08004422       0x8e ./Drivers/STM32F1xx_HAL_Driver/Src/stm32f1xx_hal_spi.o
 .text.SPI_DMAHalfTransmitCplt
                0x080044b0       0x1c ./Drivers/STM32F1xx_HAL_Driver/Src/stm32f1xx_hal_spi.o
 .text.SPI_DMAHalfReceiveCplt
                0x080044cc       0x1c ./Drivers/STM32F1xx_HAL_Driver/Src/stm32f1xx_hal_spi.o
 .text.SPI_DMAHalfTransmitReceiveCplt
                0x080044e8       0x1c ./Drivers/STM32F1xx_HAL_Driver/Src/stm32f1xx_hal_spi.o
 .text.SPI_DMAError
                0x08004504       0x40 ./Drivers/STM32F1xx_HAL_Driver/Src/stm32f1xx_hal_spi.o
 .text.SPI_WaitFlagStateUntilTimeout
                0x08004544      0x110 ./Drivers/STM32F1xx_HAL_Driver/Src/stm32f1xx_hal_spi.o
 .text.SPI_EndRxTransaction
                0x08004654       0xa4 ./Drivers/STM32F1xx_HAL_Driver/Src/stm32f1xx_hal_spi.o
 .text.SPI_EndRxTxTransaction
                0x080046f8       0x62 ./Drivers/STM32F1xx_HAL_Driver/Src/stm32f1xx_hal_spi.o
 .text.HAL_TIM_Base_Init
                0x0800475a       0x9e ./Drivers/STM32F1xx_HAL_Driver/Src/stm32f1xx_hal_tim.o
                0x0800475a                HAL_TIM_Base_Init
 .text.HAL_TIM_Base_MspInit
                0x080047f8       0x12 ./Drivers/STM32F1xx_HAL_Driver/Src/stm32f1xx_hal_tim.o
                0x080047f8                HAL_TIM_Base_MspInit
 *fill*         0x0800480a        0x2 
 .text.HAL_TIM_Base_Start_IT
                0x0800480c       0xa4 ./Drivers/STM32F1xx_HAL_Driver/Src/stm32f1xx_hal_tim.o
                0x0800480c                HAL_TIM_Base_Start_IT
 .text.HAL_TIM_IRQHandler
                0x080048b0      0x1e0 ./Drivers/STM32F1xx_HAL_Driver/Src/stm32f1xx_hal_tim.o
                0x080048b0                HAL_TIM_IRQHandler
 .text.HAL_TIM_OC_DelayElapsedCallback
                0x08004a90       0x12 ./Drivers/STM32F1xx_HAL_Driver/Src/stm32f1xx_hal_tim.o
                0x08004a90                HAL_TIM_OC_DelayElapsedCallback
 .text.HAL_TIM_IC_CaptureCallback
                0x08004aa2       0x12 ./Drivers/STM32F1xx_HAL_Driver/Src/stm32f1xx_hal_tim.o
                0x08004aa2                HAL_TIM_IC_CaptureCallback
 .text.HAL_TIM_PWM_PulseFinishedCallback
                0x08004ab4       0x12 ./Drivers/STM32F1xx_HAL_Driver/Src/stm32f1xx_hal_tim.o
                0x08004ab4                HAL_TIM_PWM_PulseFinishedCallback
 .text.HAL_TIM_TriggerCallback
                0x08004ac6       0x12 ./Drivers/STM32F1xx_HAL_Driver/Src/stm32f1xx_hal_tim.o
                0x08004ac6                HAL_TIM_TriggerCallback
 .text.TIM_Base_SetConfig
                0x08004ad8       0xdc ./Drivers/STM32F1xx_HAL_Driver/Src/stm32f1xx_hal_tim.o
                0x08004ad8                TIM_Base_SetConfig
 .text.HAL_TIMEx_CommutCallback
                0x08004bb4       0x12 ./Drivers/STM32F1xx_HAL_Driver/Src/stm32f1xx_hal_tim_ex.o
                0x08004bb4                HAL_TIMEx_CommutCallback
 .text.HAL_TIMEx_BreakCallback
                0x08004bc6       0x12 ./Drivers/STM32F1xx_HAL_Driver/Src/stm32f1xx_hal_tim_ex.o
                0x08004bc6                HAL_TIMEx_BreakCallback
 .text.makeFreeRtosPriority
                0x08004bd8       0x2e ./Middlewares/Third_Party/FreeRTOS/Source/CMSIS_RTOS/cmsis_os.o
 .text.inHandlerMode
                0x08004c06       0x22 ./Middlewares/Third_Party/FreeRTOS/Source/CMSIS_RTOS/cmsis_os.o
 .text.osKernelStart
                0x08004c28        0xe ./Middlewares/Third_Party/FreeRTOS/Source/CMSIS_RTOS/cmsis_os.o
                0x08004c28                osKernelStart
 .text.osThreadCreate
                0x08004c36       0x98 ./Middlewares/Third_Party/FreeRTOS/Source/CMSIS_RTOS/cmsis_os.o
                0x08004c36                osThreadCreate
 .text.osDelay  0x08004cce       0x28 ./Middlewares/Third_Party/FreeRTOS/Source/CMSIS_RTOS/cmsis_os.o
                0x08004cce                osDelay
 .text.osMutexCreate
                0x08004cf6       0x30 ./Middlewares/Third_Party/FreeRTOS/Source/CMSIS_RTOS/cmsis_os.o
                0x08004cf6                osMutexCreate
 *fill*         0x08004d26        0x2 
 .text.osMutexWait
                0x08004d28       0x9c ./Middlewares/Third_Party/FreeRTOS/Source/CMSIS_RTOS/cmsis_os.o
                0x08004d28                osMutexWait
 .text.osMutexRelease
                0x08004dc4       0x6c ./Middlewares/Third_Party/FreeRTOS/Source/CMSIS_RTOS/cmsis_os.o
                0x08004dc4                osMutexRelease
 .text.osSemaphoreCreate
                0x08004e30       0x64 ./Middlewares/Third_Party/FreeRTOS/Source/CMSIS_RTOS/cmsis_os.o
                0x08004e30                osSemaphoreCreate
 .text.osSemaphoreWait
                0x08004e94       0x9c ./Middlewares/Third_Party/FreeRTOS/Source/CMSIS_RTOS/cmsis_os.o
                0x08004e94                osSemaphoreWait
 .text.osSemaphoreRelease
                0x08004f30       0x6c ./Middlewares/Third_Party/FreeRTOS/Source/CMSIS_RTOS/cmsis_os.o
                0x08004f30                osSemaphoreRelease
 .text.osMessageCreate
                0x08004f9c       0x50 ./Middlewares/Third_Party/FreeRTOS/Source/CMSIS_RTOS/cmsis_os.o
                0x08004f9c                osMessageCreate
 .text.osMessagePut
                0x08004fec       0x80 ./Middlewares/Third_Party/FreeRTOS/Source/CMSIS_RTOS/cmsis_os.o
                0x08004fec                osMessagePut
 .text.osMessageGet
                0x0800506c       0xe8 ./Middlewares/Third_Party/FreeRTOS/Source/CMSIS_RTOS/cmsis_os.o
                0x0800506c                osMessageGet
 .text.vListInitialise
                0x08005154       0x3e ./Middlewares/Third_Party/FreeRTOS/Source/list.o
                0x08005154                vListInitialise
 .text.vListInitialiseItem
                0x08005192       0x18 ./Middlewares/Third_Party/FreeRTOS/Source/list.o
                0x08005192                vListInitialiseItem
 .text.vListInsertEnd
                0x080051aa       0x46 ./Middlewares/Third_Party/FreeRTOS/Source/list.o
                0x080051aa                vListInsertEnd
 .text.vListInsert
                0x080051f0       0x70 ./Middlewares/Third_Party/FreeRTOS/Source/list.o
                0x080051f0                vListInsert
 .text.uxListRemove
                0x08005260       0x52 ./Middlewares/Third_Party/FreeRTOS/Source/list.o
                0x08005260                uxListRemove
 *fill*         0x080052b2        0x2 
 .text.xQueueGenericReset
                0x080052b4       0xd4 ./Middlewares/Third_Party/FreeRTOS/Source/queue.o
                0x080052b4                xQueueGenericReset
 .text.xQueueGenericCreateStatic
                0x08005388       0xfa ./Middlewares/Third_Party/FreeRTOS/Source/queue.o
                0x08005388                xQueueGenericCreateStatic
 .text.xQueueGenericCreate
                0x08005482       0x76 ./Middlewares/Third_Party/FreeRTOS/Source/queue.o
                0x08005482                xQueueGenericCreate
 .text.prvInitialiseNewQueue
                0x080054f8       0x3e ./Middlewares/Third_Party/FreeRTOS/Source/queue.o
 .text.prvInitialiseMutex
                0x08005536       0x34 ./Middlewares/Third_Party/FreeRTOS/Source/queue.o
 .text.xQueueCreateMutex
                0x0800556a       0x30 ./Middlewares/Third_Party/FreeRTOS/Source/queue.o
                0x0800556a                xQueueCreateMutex
 .text.xQueueCreateMutexStatic
                0x0800559a       0x36 ./Middlewares/Third_Party/FreeRTOS/Source/queue.o
                0x0800559a                xQueueCreateMutexStatic
 .text.xQueueGenericSend
                0x080055d0      0x204 ./Middlewares/Third_Party/FreeRTOS/Source/queue.o
                0x080055d0                xQueueGenericSend
 .text.xQueueGenericSendFromISR
                0x080057d4      0x13c ./Middlewares/Third_Party/FreeRTOS/Source/queue.o
                0x080057d4                xQueueGenericSendFromISR
 .text.xQueueGiveFromISR
                0x08005910      0x120 ./Middlewares/Third_Party/FreeRTOS/Source/queue.o
                0x08005910                xQueueGiveFromISR
 .text.xQueueReceive
                0x08005a30      0x1c4 ./Middlewares/Third_Party/FreeRTOS/Source/queue.o
                0x08005a30                xQueueReceive
 .text.xQueueSemaphoreTake
                0x08005bf4      0x220 ./Middlewares/Third_Party/FreeRTOS/Source/queue.o
                0x08005bf4                xQueueSemaphoreTake
 .text.xQueueReceiveFromISR
                0x08005e14      0x104 ./Middlewares/Third_Party/FreeRTOS/Source/queue.o
                0x08005e14                xQueueReceiveFromISR
 .text.prvGetDisinheritPriorityAfterTimeout
                0x08005f18       0x2e ./Middlewares/Third_Party/FreeRTOS/Source/queue.o
 .text.prvCopyDataToQueue
                0x08005f46       0xd4 ./Middlewares/Third_Party/FreeRTOS/Source/queue.o
 .text.prvCopyDataFromQueue
                0x0800601a       0x4c ./Middlewares/Third_Party/FreeRTOS/Source/queue.o
 .text.prvUnlockQueue
                0x08006066       0xa4 ./Middlewares/Third_Party/FreeRTOS/Source/queue.o
 .text.prvIsQueueEmpty
                0x0800610a       0x2c ./Middlewares/Third_Party/FreeRTOS/Source/queue.o
 .text.prvIsQueueFull
                0x08006136       0x30 ./Middlewares/Third_Party/FreeRTOS/Source/queue.o
 .text.xTaskCreateStatic
                0x08006166       0xc0 ./Middlewares/Third_Party/FreeRTOS/Source/tasks.o
                0x08006166                xTaskCreateStatic
 .text.xTaskCreate
                0x08006226       0x8a ./Middlewares/Third_Party/FreeRTOS/Source/tasks.o
                0x08006226                xTaskCreate
 .text.prvInitialiseNewTask
                0x080062b0      0x140 ./Middlewares/Third_Party/FreeRTOS/Source/tasks.o
 .text.prvAddNewTaskToReadyList
                0x080063f0       0xd4 ./Middlewares/Third_Party/FreeRTOS/Source/tasks.o
 .text.vTaskDelay
                0x080064c4       0x6c ./Middlewares/Third_Party/FreeRTOS/Source/tasks.o
                0x080064c4                vTaskDelay
 .text.vTaskStartScheduler
                0x08006530       0xd4 ./Middlewares/Third_Party/FreeRTOS/Source/tasks.o
                0x08006530                vTaskStartScheduler
 .text.vTaskSuspendAll
                0x08006604       0x1c ./Middlewares/Third_Party/FreeRTOS/Source/tasks.o
                0x08006604                vTaskSuspendAll
 .text.xTaskResumeAll
                0x08006620      0x13c ./Middlewares/Third_Party/FreeRTOS/Source/tasks.o
                0x08006620                xTaskResumeAll
 .text.xTaskIncrementTick
                0x0800675c      0x174 ./Middlewares/Third_Party/FreeRTOS/Source/tasks.o
                0x0800675c                xTaskIncrementTick
 .text.vTaskSwitchContext
                0x080068d0       0xc4 ./Middlewares/Third_Party/FreeRTOS/Source/tasks.o
                0x080068d0                vTaskSwitchContext
 .text.vTaskPlaceOnEventList
                0x08006994       0x4c ./Middlewares/Third_Party/FreeRTOS/Source/tasks.o
                0x08006994                vTaskPlaceOnEventList
 .text.xTaskRemoveFromEventList
                0x080069e0       0xc8 ./Middlewares/Third_Party/FreeRTOS/Source/tasks.o
                0x080069e0                xTaskRemoveFromEventList
 .text.vTaskInternalSetTimeOutState
                0x08006aa8       0x2c ./Middlewares/Third_Party/FreeRTOS/Source/tasks.o
                0x08006aa8                vTaskInternalSetTimeOutState
 .text.xTaskCheckForTimeOut
                0x08006ad4       0xc8 ./Middlewares/Third_Party/FreeRTOS/Source/tasks.o
                0x08006ad4                xTaskCheckForTimeOut
 .text.vTaskMissedYield
                0x08006b9c       0x18 ./Middlewares/Third_Party/FreeRTOS/Source/tasks.o
                0x08006b9c                vTaskMissedYield
 .text.prvIdleTask
                0x08006bb4       0x30 ./Middlewares/Third_Party/FreeRTOS/Source/tasks.o
 .text.prvInitialiseTaskLists
                0x08006be4       0x80 ./Middlewares/Third_Party/FreeRTOS/Source/tasks.o
 .text.prvCheckTasksWaitingTermination
                0x08006c64       0x5c ./Middlewares/Third_Party/FreeRTOS/Source/tasks.o
 .text.prvDeleteTCB
                0x08006cc0       0x6a ./Middlewares/Third_Party/FreeRTOS/Source/tasks.o
 *fill*         0x08006d2a        0x2 
 .text.prvResetNextTaskUnblockTime
                0x08006d2c       0x40 ./Middlewares/Third_Party/FreeRTOS/Source/tasks.o
 .text.xTaskGetSchedulerState
                0x08006d6c       0x3c ./Middlewares/Third_Party/FreeRTOS/Source/tasks.o
                0x08006d6c                xTaskGetSchedulerState
 .text.xTaskPriorityInherit
                0x08006da8       0xec ./Middlewares/Third_Party/FreeRTOS/Source/tasks.o
                0x08006da8                xTaskPriorityInherit
 .text.xTaskPriorityDisinherit
                0x08006e94      0x110 ./Middlewares/Third_Party/FreeRTOS/Source/tasks.o
                0x08006e94                xTaskPriorityDisinherit
 .text.vTaskPriorityDisinheritAfterTimeout
                0x08006fa4      0x120 ./Middlewares/Third_Party/FreeRTOS/Source/tasks.o
                0x08006fa4                vTaskPriorityDisinheritAfterTimeout
 .text.pvTaskIncrementMutexHeldCount
                0x080070c4       0x28 ./Middlewares/Third_Party/FreeRTOS/Source/tasks.o
                0x080070c4                pvTaskIncrementMutexHeldCount
 .text.prvAddCurrentTaskToDelayedList
                0x080070ec       0xcc ./Middlewares/Third_Party/FreeRTOS/Source/tasks.o
 .text.pxPortInitialiseStack
                0x080071b8       0x58 ./Middlewares/Third_Party/FreeRTOS/Source/portable/GCC/ARM_CM3/port.o
                0x080071b8                pxPortInitialiseStack
 .text.prvTaskExitError
                0x08007210       0x58 ./Middlewares/Third_Party/FreeRTOS/Source/portable/GCC/ARM_CM3/port.o
 *fill*         0x08007268        0x8 
 .text.SVC_Handler
                0x08007270       0x28 ./Middlewares/Third_Party/FreeRTOS/Source/portable/GCC/ARM_CM3/port.o
                0x08007270                SVC_Handler
 .text.prvPortStartFirstTask
                0x08007298       0x20 ./Middlewares/Third_Party/FreeRTOS/Source/portable/GCC/ARM_CM3/port.o
 .text.xPortStartScheduler
                0x080072b8       0xe4 ./Middlewares/Third_Party/FreeRTOS/Source/portable/GCC/ARM_CM3/port.o
                0x080072b8                xPortStartScheduler
 .text.vPortEnterCritical
                0x0800739c       0x60 ./Middlewares/Third_Party/FreeRTOS/Source/portable/GCC/ARM_CM3/port.o
                0x0800739c                vPortEnterCritical
 .text.vPortExitCritical
                0x080073fc       0x54 ./Middlewares/Third_Party/FreeRTOS/Source/portable/GCC/ARM_CM3/port.o
                0x080073fc                vPortExitCritical
 .text.PendSV_Handler
                0x08007450       0x48 ./Middlewares/Third_Party/FreeRTOS/Source/portable/GCC/ARM_CM3/port.o
                0x08007450                PendSV_Handler
 .text.SysTick_Handler
                0x08007498       0x44 ./Middlewares/Third_Party/FreeRTOS/Source/portable/GCC/ARM_CM3/port.o
                0x08007498                SysTick_Handler
 .text.vPortSetupTimerInterrupt
                0x080074dc       0x44 ./Middlewares/Third_Party/FreeRTOS/Source/portable/GCC/ARM_CM3/port.o
                0x080074dc                vPortSetupTimerInterrupt
 .text.vPortValidateInterruptPriority
                0x08007520       0x80 ./Middlewares/Third_Party/FreeRTOS/Source/portable/GCC/ARM_CM3/port.o
                0x08007520                vPortValidateInterruptPriority
 .text.pvPortMalloc
                0x080075a0      0x19c ./Middlewares/Third_Party/FreeRTOS/Source/portable/MemMang/heap_4.o
                0x080075a0                pvPortMalloc
 .text.vPortFree
                0x0800773c       0xc8 ./Middlewares/Third_Party/FreeRTOS/Source/portable/MemMang/heap_4.o
                0x0800773c                vPortFree
 .text.prvHeapInit
                0x08007804       0xc4 ./Middlewares/Third_Party/FreeRTOS/Source/portable/MemMang/heap_4.o
 .text.prvInsertBlockIntoFreeList
                0x080078c8       0xb0 ./Middlewares/Third_Party/FreeRTOS/Source/portable/MemMang/heap_4.o
 .text.memcmp   0x08007978       0x20 C:/ST/STM32CubeIDE_1.19.0/STM32CubeIDE/plugins/com.st.stm32cube.ide.mcu.externaltools.gnu-tools-for-stm32.13.3.rel1.win32_1.0.0.202411081344/tools/bin/../lib/gcc/arm-none-eabi/13.3.1/../../../../arm-none-eabi/lib/thumb/v7-m/nofp\libc_nano.a(libc_a-memcmp.o)
                0x08007978                memcmp
 .text.memset   0x08007998       0x10 C:/ST/STM32CubeIDE_1.19.0/STM32CubeIDE/plugins/com.st.stm32cube.ide.mcu.externaltools.gnu-tools-for-stm32.13.3.rel1.win32_1.0.0.202411081344/tools/bin/../lib/gcc/arm-none-eabi/13.3.1/../../../../arm-none-eabi/lib/thumb/v7-m/nofp\libc_nano.a(libc_a-memset.o)
                0x08007998                memset
 .text._reclaim_reent
                0x080079a8       0xbc C:/ST/STM32CubeIDE_1.19.0/STM32CubeIDE/plugins/com.st.stm32cube.ide.mcu.externaltools.gnu-tools-for-stm32.13.3.rel1.win32_1.0.0.202411081344/tools/bin/../lib/gcc/arm-none-eabi/13.3.1/../../../../arm-none-eabi/lib/thumb/v7-m/nofp\libc_nano.a(libc_a-reent.o)
                0x080079a8                _reclaim_reent
 .text.__libc_init_array
                0x08007a64       0x48 C:/ST/STM32CubeIDE_1.19.0/STM32CubeIDE/plugins/com.st.stm32cube.ide.mcu.externaltools.gnu-tools-for-stm32.13.3.rel1.win32_1.0.0.202411081344/tools/bin/../lib/gcc/arm-none-eabi/13.3.1/../../../../arm-none-eabi/lib/thumb/v7-m/nofp\libc_nano.a(libc_a-init.o)
                0x08007a64                __libc_init_array
 .text.__retarget_lock_acquire_recursive
                0x08007aac        0x2 C:/ST/STM32CubeIDE_1.19.0/STM32CubeIDE/plugins/com.st.stm32cube.ide.mcu.externaltools.gnu-tools-for-stm32.13.3.rel1.win32_1.0.0.202411081344/tools/bin/../lib/gcc/arm-none-eabi/13.3.1/../../../../arm-none-eabi/lib/thumb/v7-m/nofp\libc_nano.a(libc_a-lock.o)
                0x08007aac                __retarget_lock_acquire_recursive
 .text.__retarget_lock_release_recursive
                0x08007aae        0x2 C:/ST/STM32CubeIDE_1.19.0/STM32CubeIDE/plugins/com.st.stm32cube.ide.mcu.externaltools.gnu-tools-for-stm32.13.3.rel1.win32_1.0.0.202411081344/tools/bin/../lib/gcc/arm-none-eabi/13.3.1/../../../../arm-none-eabi/lib/thumb/v7-m/nofp\libc_nano.a(libc_a-lock.o)
                0x08007aae                __retarget_lock_release_recursive
 .text.memcpy   0x08007ab0       0x1c C:/ST/STM32CubeIDE_1.19.0/STM32CubeIDE/plugins/com.st.stm32cube.ide.mcu.externaltools.gnu-tools-for-stm32.13.3.rel1.win32_1.0.0.202411081344/tools/bin/../lib/gcc/arm-none-eabi/13.3.1/../../../../arm-none-eabi/lib/thumb/v7-m/nofp\libc_nano.a(libc_a-memcpy-stub.o)
                0x08007ab0                memcpy
 .text._free_r  0x08007acc       0x90 C:/ST/STM32CubeIDE_1.19.0/STM32CubeIDE/plugins/com.st.stm32cube.ide.mcu.externaltools.gnu-tools-for-stm32.13.3.rel1.win32_1.0.0.202411081344/tools/bin/../lib/gcc/arm-none-eabi/13.3.1/../../../../arm-none-eabi/lib/thumb/v7-m/nofp\libc_nano.a(libc_a-freer.o)
                0x08007acc                _free_r
 .text.__malloc_lock
                0x08007b5c        0xc C:/ST/STM32CubeIDE_1.19.0/STM32CubeIDE/plugins/com.st.stm32cube.ide.mcu.externaltools.gnu-tools-for-stm32.13.3.rel1.win32_1.0.0.202411081344/tools/bin/../lib/gcc/arm-none-eabi/13.3.1/../../../../arm-none-eabi/lib/thumb/v7-m/nofp\libc_nano.a(libc_a-mlock.o)
                0x08007b5c                __malloc_lock
 .text.__malloc_unlock
                0x08007b68        0xc C:/ST/STM32CubeIDE_1.19.0/STM32CubeIDE/plugins/com.st.stm32cube.ide.mcu.externaltools.gnu-tools-for-stm32.13.3.rel1.win32_1.0.0.202411081344/tools/bin/../lib/gcc/arm-none-eabi/13.3.1/../../../../arm-none-eabi/lib/thumb/v7-m/nofp\libc_nano.a(libc_a-mlock.o)
                0x08007b68                __malloc_unlock
 *(.glue_7)
 .glue_7        0x08007b74        0x0 linker stubs
 *(.glue_7t)
 .glue_7t       0x08007b74        0x0 linker stubs
 *(.eh_frame)
 .eh_frame      0x08007b74        0x0 C:/ST/STM32CubeIDE_1.19.0/STM32CubeIDE/plugins/com.st.stm32cube.ide.mcu.externaltools.gnu-tools-for-stm32.13.3.rel1.win32_1.0.0.202411081344/tools/bin/../lib/gcc/arm-none-eabi/13.3.1/thumb/v7-m/nofp/crtbegin.o
 *(.init)
 .init          0x08007b74        0x4 C:/ST/STM32CubeIDE_1.19.0/STM32CubeIDE/plugins/com.st.stm32cube.ide.mcu.externaltools.gnu-tools-for-stm32.13.3.rel1.win32_1.0.0.202411081344/tools/bin/../lib/gcc/arm-none-eabi/13.3.1/thumb/v7-m/nofp/crti.o
                0x08007b74                _init
 .init          0x08007b78        0x8 C:/ST/STM32CubeIDE_1.19.0/STM32CubeIDE/plugins/com.st.stm32cube.ide.mcu.externaltools.gnu-tools-for-stm32.13.3.rel1.win32_1.0.0.202411081344/tools/bin/../lib/gcc/arm-none-eabi/13.3.1/thumb/v7-m/nofp/crtn.o
 *(.fini)
 .fini          0x08007b80        0x4 C:/ST/STM32CubeIDE_1.19.0/STM32CubeIDE/plugins/com.st.stm32cube.ide.mcu.externaltools.gnu-tools-for-stm32.13.3.rel1.win32_1.0.0.202411081344/tools/bin/../lib/gcc/arm-none-eabi/13.3.1/thumb/v7-m/nofp/crti.o
                0x08007b80                _fini
 .fini          0x08007b84        0x8 C:/ST/STM32CubeIDE_1.19.0/STM32CubeIDE/plugins/com.st.stm32cube.ide.mcu.externaltools.gnu-tools-for-stm32.13.3.rel1.win32_1.0.0.202411081344/tools/bin/../lib/gcc/arm-none-eabi/13.3.1/thumb/v7-m/nofp/crtn.o
                0x08007b8c                        . = ALIGN (0x4)
                0x08007b8c                        _etext = .

.vfp11_veneer   0x08007b8c        0x0
 .vfp11_veneer  0x08007b8c        0x0 linker stubs

.v4_bx          0x08007b8c        0x0
 .v4_bx         0x08007b8c        0x0 linker stubs

.iplt           0x08007b8c        0x0
 .iplt          0x08007b8c        0x0 C:/ST/STM32CubeIDE_1.19.0/STM32CubeIDE/plugins/com.st.stm32cube.ide.mcu.externaltools.gnu-tools-for-stm32.13.3.rel1.win32_1.0.0.202411081344/tools/bin/../lib/gcc/arm-none-eabi/13.3.1/thumb/v7-m/nofp/crtbegin.o

.rodata         0x08007b8c      0x2b8
                0x08007b8c                        . = ALIGN (0x4)
 *(.rodata)
 .rodata        0x08007b8c      0x128 ./Core/Src/main.o
 .rodata        0x08007cb4        0x5 ./Middlewares/Third_Party/FreeRTOS/Source/tasks.o
 *(.rodata*)
 *fill*         0x08007cb9        0x3 
 .rodata.sbox   0x08007cbc      0x100 ./Core/Src/aes.o
 .rodata.Rcon   0x08007dbc        0xb ./Core/Src/aes.o
 *fill*         0x08007dc7        0x1 
 .rodata.os_mutex_def_pool_mutex_def
                0x08007dc8        0x8 ./Core/Src/buffer_pool.o
                0x08007dc8                os_mutex_def_pool_mutex_def
 .rodata.key_table
                0x08007dd0       0x28 ./Core/Src/main.o
                0x08007dd0                key_table
 .rodata.os_semaphore_def_sem_DMA_SPI1_Done
                0x08007df8        0x8 ./Core/Src/main.o
                0x08007df8                os_semaphore_def_sem_DMA_SPI1_Done
 .rodata.os_semaphore_def_sem_DMA_SPI2_Done
                0x08007e00        0x8 ./Core/Src/main.o
                0x08007e00                os_semaphore_def_sem_DMA_SPI2_Done
 .rodata.os_semaphore_def_sem_INT_SPI1
                0x08007e08        0x8 ./Core/Src/main.o
                0x08007e08                os_semaphore_def_sem_INT_SPI1
 .rodata.os_semaphore_def_sem_INT_SPI2
                0x08007e10        0x8 ./Core/Src/main.o
                0x08007e10                os_semaphore_def_sem_INT_SPI2
 .rodata.AHBPrescTable
                0x08007e18       0x10 ./Core/Src/system_stm32f1xx.o
                0x08007e18                AHBPrescTable
 .rodata.APBPrescTable
                0x08007e28        0x8 ./Core/Src/system_stm32f1xx.o
                0x08007e28                APBPrescTable
 .rodata.aPLLMULFactorTable.1
                0x08007e30       0x10 ./Drivers/STM32F1xx_HAL_Driver/Src/stm32f1xx_hal_rcc.o
 .rodata.aPredivFactorTable.0
                0x08007e40        0x2 ./Drivers/STM32F1xx_HAL_Driver/Src/stm32f1xx_hal_rcc.o
                0x08007e44                        . = ALIGN (0x4)
 *fill*         0x08007e42        0x2 

.ARM.extab      0x08007e44        0x0
                0x08007e44                        . = ALIGN (0x4)
 *(.ARM.extab* .gnu.linkonce.armextab.*)
                0x08007e44                        . = ALIGN (0x4)

.ARM            0x08007e44        0x0
                0x08007e44                        . = ALIGN (0x4)
                0x08007e44                        __exidx_start = .
 *(.ARM.exidx*)
                0x08007e44                        __exidx_end = .
                0x08007e44                        . = ALIGN (0x4)

.preinit_array  0x08007e44        0x0
                0x08007e44                        . = ALIGN (0x4)
                0x08007e44                        PROVIDE (__preinit_array_start = .)
 *(.preinit_array*)
                0x08007e44                        PROVIDE (__preinit_array_end = .)
                0x08007e44                        . = ALIGN (0x4)

.init_array     0x08007e44        0x4
                0x08007e44                        . = ALIGN (0x4)
                0x08007e44                        PROVIDE (__init_array_start = .)
 *(SORT_BY_NAME(.init_array.*))
 *(.init_array*)
 .init_array    0x08007e44        0x4 C:/ST/STM32CubeIDE_1.19.0/STM32CubeIDE/plugins/com.st.stm32cube.ide.mcu.externaltools.gnu-tools-for-stm32.13.3.rel1.win32_1.0.0.202411081344/tools/bin/../lib/gcc/arm-none-eabi/13.3.1/thumb/v7-m/nofp/crtbegin.o
                0x08007e48                        PROVIDE (__init_array_end = .)
                0x08007e48                        . = ALIGN (0x4)

.fini_array     0x08007e48        0x4
                0x08007e48                        . = ALIGN (0x4)
                [!provide]                        PROVIDE (__fini_array_start = .)
 *(SORT_BY_NAME(.fini_array.*))
 *(.fini_array*)
 .fini_array    0x08007e48        0x4 C:/ST/STM32CubeIDE_1.19.0/STM32CubeIDE/plugins/com.st.stm32cube.ide.mcu.externaltools.gnu-tools-for-stm32.13.3.rel1.win32_1.0.0.202411081344/tools/bin/../lib/gcc/arm-none-eabi/13.3.1/thumb/v7-m/nofp/crtbegin.o
                [!provide]                        PROVIDE (__fini_array_end = .)
                0x08007e4c                        . = ALIGN (0x4)
                0x08007e4c                        _sidata = LOADADDR (.data)

.rel.dyn        0x08007e4c        0x0
 .rel.iplt      0x08007e4c        0x0 C:/ST/STM32CubeIDE_1.19.0/STM32CubeIDE/plugins/com.st.stm32cube.ide.mcu.externaltools.gnu-tools-for-stm32.13.3.rel1.win32_1.0.0.202411081344/tools/bin/../lib/gcc/arm-none-eabi/13.3.1/thumb/v7-m/nofp/crtbegin.o

.data           0x20000000       0x98 load address 0x08007e4c
                0x20000000                        . = ALIGN (0x4)
                0x20000000                        _sdata = .
 *(.data)
 *(.data*)
 .data.spi1     0x20000000       0x14 ./Core/Src/enc28j60_driver.o
                0x20000000                spi1
 .data.spi2     0x20000014       0x14 ./Core/Src/enc28j60_driver.o
                0x20000014                spi2
 .data.mac1_addr
                0x20000028        0x6 ./Core/Src/main.o
                0x20000028                mac1_addr
 *fill*         0x2000002e        0x2 
 .data.mac2_addr
                0x20000030        0x6 ./Core/Src/main.o
                0x20000030                mac2_addr
 *fill*         0x20000036        0x2 
 .data.SystemCoreClock
                0x20000038        0x4 ./Core/Src/system_stm32f1xx.o
                0x20000038                SystemCoreClock
 .data.uwTickPrio
                0x2000003c        0x4 ./Drivers/STM32F1xx_HAL_Driver/Src/stm32f1xx_hal.o
                0x2000003c                uwTickPrio
 .data.uwTickFreq
                0x20000040        0x1 ./Drivers/STM32F1xx_HAL_Driver/Src/stm32f1xx_hal.o
                0x20000040                uwTickFreq
 *fill*         0x20000041        0x3 
 .data.uxCriticalNesting
                0x20000044        0x4 ./Middlewares/Third_Party/FreeRTOS/Source/portable/GCC/ARM_CM3/port.o
 .data._impure_ptr
                0x20000048        0x4 C:/ST/STM32CubeIDE_1.19.0/STM32CubeIDE/plugins/com.st.stm32cube.ide.mcu.externaltools.gnu-tools-for-stm32.13.3.rel1.win32_1.0.0.202411081344/tools/bin/../lib/gcc/arm-none-eabi/13.3.1/../../../../arm-none-eabi/lib/thumb/v7-m/nofp\libc_nano.a(libc_a-impure.o)
                0x20000048                _impure_ptr
 .data._impure_data
                0x2000004c       0x4c C:/ST/STM32CubeIDE_1.19.0/STM32CubeIDE/plugins/com.st.stm32cube.ide.mcu.externaltools.gnu-tools-for-stm32.13.3.rel1.win32_1.0.0.202411081344/tools/bin/../lib/gcc/arm-none-eabi/13.3.1/../../../../arm-none-eabi/lib/thumb/v7-m/nofp\libc_nano.a(libc_a-impure.o)
                0x2000004c                _impure_data
 *(.RamFunc)
 *(.RamFunc*)
                0x20000098                        . = ALIGN (0x4)
                0x20000098                        _edata = .

.igot.plt       0x20000098        0x0 load address 0x08007ee4
 .igot.plt      0x20000098        0x0 C:/ST/STM32CubeIDE_1.19.0/STM32CubeIDE/plugins/com.st.stm32cube.ide.mcu.externaltools.gnu-tools-for-stm32.13.3.rel1.win32_1.0.0.202411081344/tools/bin/../lib/gcc/arm-none-eabi/13.3.1/thumb/v7-m/nofp/crtbegin.o
                0x20000098                        . = ALIGN (0x4)

.bss            0x20000098     0x3974 load address 0x08007ee4
                0x20000098                        _sbss = .
                0x20000098                        __bss_start__ = _sbss
 *(.bss)
 .bss           0x20000098       0x1c C:/ST/STM32CubeIDE_1.19.0/STM32CubeIDE/plugins/com.st.stm32cube.ide.mcu.externaltools.gnu-tools-for-stm32.13.3.rel1.win32_1.0.0.202411081344/tools/bin/../lib/gcc/arm-none-eabi/13.3.1/thumb/v7-m/nofp/crtbegin.o
 *(.bss*)
 .bss.pool_buffers
                0x200000b4     0x1810 ./Core/Src/buffer_pool.o
 .bss.pool_status
                0x200018c4        0xa ./Core/Src/buffer_pool.o
 *fill*         0x200018ce        0x2 
 .bss.pool_mutex
                0x200018d0        0x4 ./Core/Src/buffer_pool.o
 .bss.xIdleTaskTCBBuffer
                0x200018d4       0xb0 ./Core/Src/freertos.o
 .bss.xIdleStack
                0x20001984      0x200 ./Core/Src/freertos.o
 .bss.hiwdg     0x20001b84        0xc ./Core/Src/main.o
                0x20001b84                hiwdg
 .bss.hspi1     0x20001b90       0x58 ./Core/Src/main.o
                0x20001b90                hspi1
 .bss.hspi2     0x20001be8       0x58 ./Core/Src/main.o
                0x20001be8                hspi2
 .bss.hdma_spi1_rx
                0x20001c40       0x44 ./Core/Src/main.o
                0x20001c40                hdma_spi1_rx
 .bss.hdma_spi1_tx
                0x20001c84       0x44 ./Core/Src/main.o
                0x20001c84                hdma_spi1_tx
 .bss.hdma_spi2_rx
                0x20001cc8       0x44 ./Core/Src/main.o
                0x20001cc8                hdma_spi2_rx
 .bss.hdma_spi2_tx
                0x20001d0c       0x44 ./Core/Src/main.o
                0x20001d0c                hdma_spi2_tx
 .bss.task_alive_flags
                0x20001d50        0x1 ./Core/Src/main.o
                0x20001d50                task_alive_flags
 *fill*         0x20001d51        0x3 
 .bss.defaultTaskHandle
                0x20001d54        0x4 ./Core/Src/main.o
                0x20001d54                defaultTaskHandle
 .bss.vRX_SPI1_TaskHandle
                0x20001d58        0x4 ./Core/Src/main.o
                0x20001d58                vRX_SPI1_TaskHandle
 .bss.vRX_SPI1_TaskBuffer
                0x20001d5c      0x400 ./Core/Src/main.o
                0x20001d5c                vRX_SPI1_TaskBuffer
 .bss.vRX_SPI1_TaskControlBlock
                0x2000215c       0xb0 ./Core/Src/main.o
                0x2000215c                vRX_SPI1_TaskControlBlock
 .bss.vRX_SPI2_TaskHandle
                0x2000220c        0x4 ./Core/Src/main.o
                0x2000220c                vRX_SPI2_TaskHandle
 .bss.vRX_SPI2_TaskBuffer
                0x20002210      0x400 ./Core/Src/main.o
                0x20002210                vRX_SPI2_TaskBuffer
 .bss.vRX_SPI2_TaskControlBlock
                0x20002610       0xb0 ./Core/Src/main.o
                0x20002610                vRX_SPI2_TaskControlBlock
 .bss.vTX_TaskHandle
                0x200026c0        0x4 ./Core/Src/main.o
                0x200026c0                vTX_TaskHandle
 .bss.vTX_TaskBuffer
                0x200026c4      0x400 ./Core/Src/main.o
                0x200026c4                vTX_TaskBuffer
 .bss.vTX_TaskControlBlock
                0x20002ac4       0xb0 ./Core/Src/main.o
                0x20002ac4                vTX_TaskControlBlock
 .bss.vPacket_Processing_TaskHandle
                0x20002b74        0x4 ./Core/Src/main.o
                0x20002b74                vPacket_Processing_TaskHandle
 .bss.vPacket_Processing_TaskBuffer
                0x20002b78      0x400 ./Core/Src/main.o
                0x20002b78                vPacket_Processing_TaskBuffer
 .bss.vPacket_Processing_TaskControlBlock
                0x20002f78       0xb0 ./Core/Src/main.o
                0x20002f78                vPacket_Processing_TaskControlBlock
 .bss.vHearbeat_TaskHandle
                0x20003028        0x4 ./Core/Src/main.o
                0x20003028                vHearbeat_TaskHandle
 .bss.vHearbeat_TaskBuffer
                0x2000302c      0x200 ./Core/Src/main.o
                0x2000302c                vHearbeat_TaskBuffer
 .bss.vHearbeat_TaskControlBlock
                0x2000322c       0xb0 ./Core/Src/main.o
                0x2000322c                vHearbeat_TaskControlBlock
 .bss.xRX_QueueHandle
                0x200032dc        0x4 ./Core/Src/main.o
                0x200032dc                xRX_QueueHandle
 .bss.xRX_QueueBuffer
                0x200032e0       0x18 ./Core/Src/main.o
                0x200032e0                xRX_QueueBuffer
 .bss.xRX_QueueControlBlock
                0x200032f8       0x48 ./Core/Src/main.o
                0x200032f8                xRX_QueueControlBlock
 .bss.xTX_QueueHandle
                0x20003340        0x4 ./Core/Src/main.o
                0x20003340                xTX_QueueHandle
 .bss.xTX_QueueBuffer
                0x20003344       0x10 ./Core/Src/main.o
                0x20003344                xTX_QueueBuffer
 .bss.xTX_QueueControlBlock
                0x20003354       0x48 ./Core/Src/main.o
                0x20003354                xTX_QueueControlBlock
 .bss.xSem_DMA_SPI1_Done
                0x2000339c        0x4 ./Core/Src/main.o
                0x2000339c                xSem_DMA_SPI1_Done
 .bss.xSem_DMA_SPI2_Done
                0x200033a0        0x4 ./Core/Src/main.o
                0x200033a0                xSem_DMA_SPI2_Done
 .bss.xSem_INT_SPI1
                0x200033a4        0x4 ./Core/Src/main.o
                0x200033a4                xSem_INT_SPI1
 .bss.xSem_INT_SPI2
                0x200033a8        0x4 ./Core/Src/main.o
                0x200033a8                xSem_INT_SPI2
 .bss.link_down_count_spi1
                0x200033ac        0x1 ./Core/Src/main.o
                0x200033ac                link_down_count_spi1
 .bss.link_down_count_spi2
                0x200033ad        0x1 ./Core/Src/main.o
                0x200033ad                link_down_count_spi2
 *fill*         0x200033ae        0x2 
 .bss.ctx.0     0x200033b0       0xc0 ./Core/Src/main.o
 .bss.htim4     0x20003470       0x48 ./Core/Src/stm32f1xx_hal_timebase_tim.o
                0x20003470                htim4
 .bss.uwTick    0x200034b8        0x4 ./Drivers/STM32F1xx_HAL_Driver/Src/stm32f1xx_hal.o
                0x200034b8                uwTick
 .bss.pxCurrentTCB
                0x200034bc        0x4 ./Middlewares/Third_Party/FreeRTOS/Source/tasks.o
                0x200034bc                pxCurrentTCB
 .bss.pxReadyTasksLists
                0x200034c0       0x8c ./Middlewares/Third_Party/FreeRTOS/Source/tasks.o
 .bss.xDelayedTaskList1
                0x2000354c       0x14 ./Middlewares/Third_Party/FreeRTOS/Source/tasks.o
 .bss.xDelayedTaskList2
                0x20003560       0x14 ./Middlewares/Third_Party/FreeRTOS/Source/tasks.o
 .bss.pxDelayedTaskList
                0x20003574        0x4 ./Middlewares/Third_Party/FreeRTOS/Source/tasks.o
 .bss.pxOverflowDelayedTaskList
                0x20003578        0x4 ./Middlewares/Third_Party/FreeRTOS/Source/tasks.o
 .bss.xPendingReadyList
                0x2000357c       0x14 ./Middlewares/Third_Party/FreeRTOS/Source/tasks.o
 .bss.xTasksWaitingTermination
                0x20003590       0x14 ./Middlewares/Third_Party/FreeRTOS/Source/tasks.o
 .bss.uxDeletedTasksWaitingCleanUp
                0x200035a4        0x4 ./Middlewares/Third_Party/FreeRTOS/Source/tasks.o
 .bss.xSuspendedTaskList
                0x200035a8       0x14 ./Middlewares/Third_Party/FreeRTOS/Source/tasks.o
 .bss.uxCurrentNumberOfTasks
                0x200035bc        0x4 ./Middlewares/Third_Party/FreeRTOS/Source/tasks.o
 .bss.xTickCount
                0x200035c0        0x4 ./Middlewares/Third_Party/FreeRTOS/Source/tasks.o
 .bss.uxTopReadyPriority
                0x200035c4        0x4 ./Middlewares/Third_Party/FreeRTOS/Source/tasks.o
 .bss.xSchedulerRunning
                0x200035c8        0x4 ./Middlewares/Third_Party/FreeRTOS/Source/tasks.o
 .bss.xPendedTicks
                0x200035cc        0x4 ./Middlewares/Third_Party/FreeRTOS/Source/tasks.o
 .bss.xYieldPending
                0x200035d0        0x4 ./Middlewares/Third_Party/FreeRTOS/Source/tasks.o
 .bss.xNumOfOverflows
                0x200035d4        0x4 ./Middlewares/Third_Party/FreeRTOS/Source/tasks.o
 .bss.uxTaskNumber
                0x200035d8        0x4 ./Middlewares/Third_Party/FreeRTOS/Source/tasks.o
 .bss.xNextTaskUnblockTime
                0x200035dc        0x4 ./Middlewares/Third_Party/FreeRTOS/Source/tasks.o
 .bss.xIdleTaskHandle
                0x200035e0        0x4 ./Middlewares/Third_Party/FreeRTOS/Source/tasks.o
 .bss.uxSchedulerSuspended
                0x200035e4        0x4 ./Middlewares/Third_Party/FreeRTOS/Source/tasks.o
 .bss.ucMaxSysCallPriority
                0x200035e8        0x1 ./Middlewares/Third_Party/FreeRTOS/Source/portable/GCC/ARM_CM3/port.o
 *fill*         0x200035e9        0x3 
 .bss.ulMaxPRIGROUPValue
                0x200035ec        0x4 ./Middlewares/Third_Party/FreeRTOS/Source/portable/GCC/ARM_CM3/port.o
 .bss.ucHeap    0x200035f0      0x2bc ./Middlewares/Third_Party/FreeRTOS/Source/portable/MemMang/heap_4.o
 .bss.xStart    0x200038ac        0x8 ./Middlewares/Third_Party/FreeRTOS/Source/portable/MemMang/heap_4.o
 .bss.pxEnd     0x200038b4        0x4 ./Middlewares/Third_Party/FreeRTOS/Source/portable/MemMang/heap_4.o
 .bss.xFreeBytesRemaining
                0x200038b8        0x4 ./Middlewares/Third_Party/FreeRTOS/Source/portable/MemMang/heap_4.o
 .bss.xMinimumEverFreeBytesRemaining
                0x200038bc        0x4 ./Middlewares/Third_Party/FreeRTOS/Source/portable/MemMang/heap_4.o
 .bss.xNumberOfSuccessfulAllocations
                0x200038c0        0x4 ./Middlewares/Third_Party/FreeRTOS/Source/portable/MemMang/heap_4.o
 .bss.xNumberOfSuccessfulFrees
                0x200038c4        0x4 ./Middlewares/Third_Party/FreeRTOS/Source/portable/MemMang/heap_4.o
 .bss.xBlockAllocatedBit
                0x200038c8        0x4 ./Middlewares/Third_Party/FreeRTOS/Source/portable/MemMang/heap_4.o
 .bss.__sf      0x200038cc      0x138 C:/ST/STM32CubeIDE_1.19.0/STM32CubeIDE/plugins/com.st.stm32cube.ide.mcu.externaltools.gnu-tools-for-stm32.13.3.rel1.win32_1.0.0.202411081344/tools/bin/../lib/gcc/arm-none-eabi/13.3.1/../../../../arm-none-eabi/lib/thumb/v7-m/nofp\libc_nano.a(libc_a-findfp.o)
                0x200038cc                __sf
 .bss.__lock___malloc_recursive_mutex
                0x20003a04        0x1 C:/ST/STM32CubeIDE_1.19.0/STM32CubeIDE/plugins/com.st.stm32cube.ide.mcu.externaltools.gnu-tools-for-stm32.13.3.rel1.win32_1.0.0.202411081344/tools/bin/../lib/gcc/arm-none-eabi/13.3.1/../../../../arm-none-eabi/lib/thumb/v7-m/nofp\libc_nano.a(libc_a-lock.o)
                0x20003a04                __lock___malloc_recursive_mutex
 *fill*         0x20003a05        0x3 
 .bss.__malloc_free_list
                0x20003a08        0x4 C:/ST/STM32CubeIDE_1.19.0/STM32CubeIDE/plugins/com.st.stm32cube.ide.mcu.externaltools.gnu-tools-for-stm32.13.3.rel1.win32_1.0.0.202411081344/tools/bin/../lib/gcc/arm-none-eabi/13.3.1/../../../../arm-none-eabi/lib/thumb/v7-m/nofp\libc_nano.a(libc_a-mallocr.o)
                0x20003a08                __malloc_free_list
 *(COMMON)
                0x20003a0c                        . = ALIGN (0x4)
                0x20003a0c                        _ebss = .
                0x20003a0c                        __bss_end__ = _ebss

._user_heap_stack
                0x20003a0c      0x604 load address 0x08007ee4
                0x20003a10                        . = ALIGN (0x8)
 *fill*         0x20003a0c        0x4 
                [!provide]                        PROVIDE (end = .)
                0x20003a10                        PROVIDE (_end = .)
                0x20003c10                        . = (. + _Min_Heap_Size)
 *fill*         0x20003a10      0x200 
                0x20004010                        . = (. + _Min_Stack_Size)
 *fill*         0x20003c10      0x400 
                0x20004010                        . = ALIGN (0x8)

/DISCARD/
 libc.a(*)
 libm.a(*)
 libgcc.a(*)

.ARM.attributes
                0x00000000       0x29
 *(.ARM.attributes)
 .ARM.attributes
                0x00000000       0x1d C:/ST/STM32CubeIDE_1.19.0/STM32CubeIDE/plugins/com.st.stm32cube.ide.mcu.externaltools.gnu-tools-for-stm32.13.3.rel1.win32_1.0.0.202411081344/tools/bin/../lib/gcc/arm-none-eabi/13.3.1/thumb/v7-m/nofp/crti.o
 .ARM.attributes
                0x0000001d       0x2d C:/ST/STM32CubeIDE_1.19.0/STM32CubeIDE/plugins/com.st.stm32cube.ide.mcu.externaltools.gnu-tools-for-stm32.13.3.rel1.win32_1.0.0.202411081344/tools/bin/../lib/gcc/arm-none-eabi/13.3.1/thumb/v7-m/nofp/crtbegin.o
 .ARM.attributes
                0x0000004a       0x2d ./Core/Src/aes.o
 .ARM.attributes
                0x00000077       0x2d ./Core/Src/buffer_pool.o
 .ARM.attributes
                0x000000a4       0x2d ./Core/Src/enc28j60_driver.o
 .ARM.attributes
                0x000000d1       0x2d ./Core/Src/freertos.o
 .ARM.attributes
                0x000000fe       0x2d ./Core/Src/main.o
 .ARM.attributes
                0x0000012b       0x2d ./Core/Src/stm32f1xx_hal_msp.o
 .ARM.attributes
                0x00000158       0x2d ./Core/Src/stm32f1xx_hal_timebase_tim.o
 .ARM.attributes
                0x00000185       0x2d ./Core/Src/stm32f1xx_it.o
 .ARM.attributes
                0x000001b2       0x2d ./Core/Src/system_stm32f1xx.o
 .ARM.attributes
                0x000001df       0x21 ./Core/Startup/startup_stm32f103c8tx.o
 .ARM.attributes
                0x00000200       0x2d ./Drivers/STM32F1xx_HAL_Driver/Src/stm32f1xx_hal.o
 .ARM.attributes
                0x0000022d       0x2d ./Drivers/STM32F1xx_HAL_Driver/Src/stm32f1xx_hal_cortex.o
 .ARM.attributes
                0x0000025a       0x2d ./Drivers/STM32F1xx_HAL_Driver/Src/stm32f1xx_hal_dma.o
 .ARM.attributes
                0x00000287       0x2d ./Drivers/STM32F1xx_HAL_Driver/Src/stm32f1xx_hal_gpio.o
 .ARM.attributes
                0x000002b4       0x2d ./Drivers/STM32F1xx_HAL_Driver/Src/stm32f1xx_hal_iwdg.o
 .ARM.attributes
                0x000002e1       0x2d ./Drivers/STM32F1xx_HAL_Driver/Src/stm32f1xx_hal_rcc.o
 .ARM.attributes
                0x0000030e       0x2d ./Drivers/STM32F1xx_HAL_Driver/Src/stm32f1xx_hal_spi.o
 .ARM.attributes
                0x0000033b       0x2d ./Drivers/STM32F1xx_HAL_Driver/Src/stm32f1xx_hal_tim.o
 .ARM.attributes
                0x00000368       0x2d ./Drivers/STM32F1xx_HAL_Driver/Src/stm32f1xx_hal_tim_ex.o
 .ARM.attributes
                0x00000395       0x2d ./Middlewares/Third_Party/FreeRTOS/Source/CMSIS_RTOS/cmsis_os.o
 .ARM.attributes
                0x000003c2       0x2d ./Middlewares/Third_Party/FreeRTOS/Source/list.o
 .ARM.attributes
                0x000003ef       0x2d ./Middlewares/Third_Party/FreeRTOS/Source/queue.o
 .ARM.attributes
                0x0000041c       0x2d ./Middlewares/Third_Party/FreeRTOS/Source/tasks.o
 .ARM.attributes
                0x00000449       0x2d ./Middlewares/Third_Party/FreeRTOS/Source/portable/GCC/ARM_CM3/port.o
 .ARM.attributes
                0x00000476       0x2d ./Middlewares/Third_Party/FreeRTOS/Source/portable/MemMang/heap_4.o
 .ARM.attributes
                0x000004a3       0x2d C:/ST/STM32CubeIDE_1.19.0/STM32CubeIDE/plugins/com.st.stm32cube.ide.mcu.externaltools.gnu-tools-for-stm32.13.3.rel1.win32_1.0.0.202411081344/tools/bin/../lib/gcc/arm-none-eabi/13.3.1/../../../../arm-none-eabi/lib/thumb/v7-m/nofp\libc_nano.a(libc_a-findfp.o)
 .ARM.attributes
                0x000004d0       0x2d C:/ST/STM32CubeIDE_1.19.0/STM32CubeIDE/plugins/com.st.stm32cube.ide.mcu.externaltools.gnu-tools-for-stm32.13.3.rel1.win32_1.0.0.202411081344/tools/bin/../lib/gcc/arm-none-eabi/13.3.1/../../../../arm-none-eabi/lib/thumb/v7-m/nofp\libc_nano.a(libc_a-memcmp.o)
 .ARM.attributes
                0x000004fd       0x2d C:/ST/STM32CubeIDE_1.19.0/STM32CubeIDE/plugins/com.st.stm32cube.ide.mcu.externaltools.gnu-tools-for-stm32.13.3.rel1.win32_1.0.0.202411081344/tools/bin/../lib/gcc/arm-none-eabi/13.3.1/../../../../arm-none-eabi/lib/thumb/v7-m/nofp\libc_nano.a(libc_a-memset.o)
 .ARM.attributes
                0x0000052a       0x2d C:/ST/STM32CubeIDE_1.19.0/STM32CubeIDE/plugins/com.st.stm32cube.ide.mcu.externaltools.gnu-tools-for-stm32.13.3.rel1.win32_1.0.0.202411081344/tools/bin/../lib/gcc/arm-none-eabi/13.3.1/../../../../arm-none-eabi/lib/thumb/v7-m/nofp\libc_nano.a(libc_a-reent.o)
 .ARM.attributes
                0x00000557       0x2d C:/ST/STM32CubeIDE_1.19.0/STM32CubeIDE/plugins/com.st.stm32cube.ide.mcu.externaltools.gnu-tools-for-stm32.13.3.rel1.win32_1.0.0.202411081344/tools/bin/../lib/gcc/arm-none-eabi/13.3.1/../../../../arm-none-eabi/lib/thumb/v7-m/nofp\libc_nano.a(libc_a-impure.o)
 .ARM.attributes
                0x00000584       0x2d C:/ST/STM32CubeIDE_1.19.0/STM32CubeIDE/plugins/com.st.stm32cube.ide.mcu.externaltools.gnu-tools-for-stm32.13.3.rel1.win32_1.0.0.202411081344/tools/bin/../lib/gcc/arm-none-eabi/13.3.1/../../../../arm-none-eabi/lib/thumb/v7-m/nofp\libc_nano.a(libc_a-init.o)
 .ARM.attributes
                0x000005b1       0x2d C:/ST/STM32CubeIDE_1.19.0/STM32CubeIDE/plugins/com.st.stm32cube.ide.mcu.externaltools.gnu-tools-for-stm32.13.3.rel1.win32_1.0.0.202411081344/tools/bin/../lib/gcc/arm-none-eabi/13.3.1/../../../../arm-none-eabi/lib/thumb/v7-m/nofp\libc_nano.a(libc_a-lock.o)
 .ARM.attributes
                0x000005de       0x2d C:/ST/STM32CubeIDE_1.19.0/STM32CubeIDE/plugins/com.st.stm32cube.ide.mcu.externaltools.gnu-tools-for-stm32.13.3.rel1.win32_1.0.0.202411081344/tools/bin/../lib/gcc/arm-none-eabi/13.3.1/../../../../arm-none-eabi/lib/thumb/v7-m/nofp\libc_nano.a(libc_a-memcpy-stub.o)
 .ARM.attributes
                0x0000060b       0x2d C:/ST/STM32CubeIDE_1.19.0/STM32CubeIDE/plugins/com.st.stm32cube.ide.mcu.externaltools.gnu-tools-for-stm32.13.3.rel1.win32_1.0.0.202411081344/tools/bin/../lib/gcc/arm-none-eabi/13.3.1/../../../../arm-none-eabi/lib/thumb/v7-m/nofp\libc_nano.a(libc_a-freer.o)
 .ARM.attributes
                0x00000638       0x2d C:/ST/STM32CubeIDE_1.19.0/STM32CubeIDE/plugins/com.st.stm32cube.ide.mcu.externaltools.gnu-tools-for-stm32.13.3.rel1.win32_1.0.0.202411081344/tools/bin/../lib/gcc/arm-none-eabi/13.3.1/../../../../arm-none-eabi/lib/thumb/v7-m/nofp\libc_nano.a(libc_a-mallocr.o)
 .ARM.attributes
                0x00000665       0x2d C:/ST/STM32CubeIDE_1.19.0/STM32CubeIDE/plugins/com.st.stm32cube.ide.mcu.externaltools.gnu-tools-for-stm32.13.3.rel1.win32_1.0.0.202411081344/tools/bin/../lib/gcc/arm-none-eabi/13.3.1/../../../../arm-none-eabi/lib/thumb/v7-m/nofp\libc_nano.a(libc_a-mlock.o)
 .ARM.attributes
                0x00000692       0x1d C:/ST/STM32CubeIDE_1.19.0/STM32CubeIDE/plugins/com.st.stm32cube.ide.mcu.externaltools.gnu-tools-for-stm32.13.3.rel1.win32_1.0.0.202411081344/tools/bin/../lib/gcc/arm-none-eabi/13.3.1/thumb/v7-m/nofp/crtn.o
OUTPUT(Secure Gateway AES-STM32.elf elf32-littlearm)
LOAD linker stubs
LOAD C:/ST/STM32CubeIDE_1.19.0/STM32CubeIDE/plugins/com.st.stm32cube.ide.mcu.externaltools.gnu-tools-for-stm32.13.3.rel1.win32_1.0.0.202411081344/tools/bin/../lib/gcc/arm-none-eabi/13.3.1/../../../../arm-none-eabi/lib/thumb/v7-m/nofp\libc.a
LOAD C:/ST/STM32CubeIDE_1.19.0/STM32CubeIDE/plugins/com.st.stm32cube.ide.mcu.externaltools.gnu-tools-for-stm32.13.3.rel1.win32_1.0.0.202411081344/tools/bin/../lib/gcc/arm-none-eabi/13.3.1/../../../../arm-none-eabi/lib/thumb/v7-m/nofp\libm.a
LOAD C:/ST/STM32CubeIDE_1.19.0/STM32CubeIDE/plugins/com.st.stm32cube.ide.mcu.externaltools.gnu-tools-for-stm32.13.3.rel1.win32_1.0.0.202411081344/tools/bin/../lib/gcc/arm-none-eabi/13.3.1/thumb/v7-m/nofp\libgcc.a

.debug_info     0x00000000    0x14d76
 .debug_info    0x00000000      0x5d0 ./Core/Src/aes.o
 .debug_info    0x000005d0      0x4f6 ./Core/Src/buffer_pool.o
 .debug_info    0x00000ac6      0xbc7 ./Core/Src/enc28j60_driver.o
 .debug_info    0x0000168d      0xf31 ./Core/Src/freertos.o
 .debug_info    0x000025be     0x2706 ./Core/Src/main.o
 .debug_info    0x00004cc4      0xa53 ./Core/Src/stm32f1xx_hal_msp.o
 .debug_info    0x00005717      0x9a8 ./Core/Src/stm32f1xx_hal_timebase_tim.o
 .debug_info    0x000060bf      0x729 ./Core/Src/stm32f1xx_it.o
 .debug_info    0x000067e8      0x222 ./Core/Src/system_stm32f1xx.o
 .debug_info    0x00006a0a       0x30 ./Core/Startup/startup_stm32f103c8tx.o
 .debug_info    0x00006a3a      0x704 ./Drivers/STM32F1xx_HAL_Driver/Src/stm32f1xx_hal.o
 .debug_info    0x0000713e      0xa87 ./Drivers/STM32F1xx_HAL_Driver/Src/stm32f1xx_hal_cortex.o
 .debug_info    0x00007bc5      0x6d2 ./Drivers/STM32F1xx_HAL_Driver/Src/stm32f1xx_hal_dma.o
 .debug_info    0x00008297      0x5ab ./Drivers/STM32F1xx_HAL_Driver/Src/stm32f1xx_hal_gpio.o
 .debug_info    0x00008842      0x1d9 ./Drivers/STM32F1xx_HAL_Driver/Src/stm32f1xx_hal_iwdg.o
 .debug_info    0x00008a1b      0x7d5 ./Drivers/STM32F1xx_HAL_Driver/Src/stm32f1xx_hal_rcc.o
 .debug_info    0x000091f0     0x142d ./Drivers/STM32F1xx_HAL_Driver/Src/stm32f1xx_hal_spi.o
 .debug_info    0x0000a61d     0x2959 ./Drivers/STM32F1xx_HAL_Driver/Src/stm32f1xx_hal_tim.o
 .debug_info    0x0000cf76     0x149b ./Drivers/STM32F1xx_HAL_Driver/Src/stm32f1xx_hal_tim_ex.o
 .debug_info    0x0000e411     0x21e2 ./Middlewares/Third_Party/FreeRTOS/Source/CMSIS_RTOS/cmsis_os.o
 .debug_info    0x000105f3      0x2af ./Middlewares/Third_Party/FreeRTOS/Source/list.o
 .debug_info    0x000108a2     0x17cd ./Middlewares/Third_Party/FreeRTOS/Source/queue.o
 .debug_info    0x0001206f     0x239e ./Middlewares/Third_Party/FreeRTOS/Source/tasks.o
 .debug_info    0x0001440d      0x494 ./Middlewares/Third_Party/FreeRTOS/Source/portable/GCC/ARM_CM3/port.o
 .debug_info    0x000148a1      0x4d5 ./Middlewares/Third_Party/FreeRTOS/Source/portable/MemMang/heap_4.o

.debug_abbrev   0x00000000     0x38c8
 .debug_abbrev  0x00000000      0x229 ./Core/Src/aes.o
 .debug_abbrev  0x00000229      0x1f2 ./Core/Src/buffer_pool.o
 .debug_abbrev  0x0000041b      0x25b ./Core/Src/enc28j60_driver.o
 .debug_abbrev  0x00000676      0x1f2 ./Core/Src/freertos.o
 .debug_abbrev  0x00000868      0x445 ./Core/Src/main.o
 .debug_abbrev  0x00000cad      0x20a ./Core/Src/stm32f1xx_hal_msp.o
 .debug_abbrev  0x00000eb7      0x1f3 ./Core/Src/stm32f1xx_hal_timebase_tim.o
 .debug_abbrev  0x000010aa      0x196 ./Core/Src/stm32f1xx_it.o
 .debug_abbrev  0x00001240      0x13f ./Core/Src/system_stm32f1xx.o
 .debug_abbrev  0x0000137f       0x24 ./Core/Startup/startup_stm32f103c8tx.o
 .debug_abbrev  0x000013a3      0x201 ./Drivers/STM32F1xx_HAL_Driver/Src/stm32f1xx_hal.o
 .debug_abbrev  0x000015a4      0x2f8 ./Drivers/STM32F1xx_HAL_Driver/Src/stm32f1xx_hal_cortex.o
 .debug_abbrev  0x0000189c      0x20b ./Drivers/STM32F1xx_HAL_Driver/Src/stm32f1xx_hal_dma.o
 .debug_abbrev  0x00001aa7      0x1ca ./Drivers/STM32F1xx_HAL_Driver/Src/stm32f1xx_hal_gpio.o
 .debug_abbrev  0x00001c71      0x12c ./Drivers/STM32F1xx_HAL_Driver/Src/stm32f1xx_hal_iwdg.o
 .debug_abbrev  0x00001d9d      0x2b3 ./Drivers/STM32F1xx_HAL_Driver/Src/stm32f1xx_hal_rcc.o
 .debug_abbrev  0x00002050      0x27a ./Drivers/STM32F1xx_HAL_Driver/Src/stm32f1xx_hal_spi.o
 .debug_abbrev  0x000022ca      0x277 ./Drivers/STM32F1xx_HAL_Driver/Src/stm32f1xx_hal_tim.o
 .debug_abbrev  0x00002541      0x282 ./Drivers/STM32F1xx_HAL_Driver/Src/stm32f1xx_hal_tim_ex.o
 .debug_abbrev  0x000027c3      0x416 ./Middlewares/Third_Party/FreeRTOS/Source/CMSIS_RTOS/cmsis_os.o
 .debug_abbrev  0x00002bd9       0xf5 ./Middlewares/Third_Party/FreeRTOS/Source/list.o
 .debug_abbrev  0x00002cce      0x3b5 ./Middlewares/Third_Party/FreeRTOS/Source/queue.o
 .debug_abbrev  0x00003083      0x3d0 ./Middlewares/Third_Party/FreeRTOS/Source/tasks.o
 .debug_abbrev  0x00003453      0x258 ./Middlewares/Third_Party/FreeRTOS/Source/portable/GCC/ARM_CM3/port.o
 .debug_abbrev  0x000036ab      0x21d ./Middlewares/Third_Party/FreeRTOS/Source/portable/MemMang/heap_4.o

.debug_aranges  0x00000000     0x1350
 .debug_aranges
                0x00000000       0x80 ./Core/Src/aes.o
 .debug_aranges
                0x00000080       0x30 ./Core/Src/buffer_pool.o
 .debug_aranges
                0x000000b0       0x78 ./Core/Src/enc28j60_driver.o
 .debug_aranges
                0x00000128       0x38 ./Core/Src/freertos.o
 .debug_aranges
                0x00000160       0xa0 ./Core/Src/main.o
 .debug_aranges
                0x00000200       0x30 ./Core/Src/stm32f1xx_hal_msp.o
 .debug_aranges
                0x00000230       0x30 ./Core/Src/stm32f1xx_hal_timebase_tim.o
 .debug_aranges
                0x00000260       0x80 ./Core/Src/stm32f1xx_it.o
 .debug_aranges
                0x000002e0       0x28 ./Core/Src/system_stm32f1xx.o
 .debug_aranges
                0x00000308       0x28 ./Core/Startup/startup_stm32f103c8tx.o
 .debug_aranges
                0x00000330       0xe0 ./Drivers/STM32F1xx_HAL_Driver/Src/stm32f1xx_hal.o
 .debug_aranges
                0x00000410      0x100 ./Drivers/STM32F1xx_HAL_Driver/Src/stm32f1xx_hal_cortex.o
 .debug_aranges
                0x00000510       0x80 ./Drivers/STM32F1xx_HAL_Driver/Src/stm32f1xx_hal_dma.o
 .debug_aranges
                0x00000590       0x58 ./Drivers/STM32F1xx_HAL_Driver/Src/stm32f1xx_hal_gpio.o
 .debug_aranges
                0x000005e8       0x28 ./Drivers/STM32F1xx_HAL_Driver/Src/stm32f1xx_hal_iwdg.o
 .debug_aranges
                0x00000610       0x90 ./Drivers/STM32F1xx_HAL_Driver/Src/stm32f1xx_hal_rcc.o
 .debug_aranges
                0x000006a0      0x1d0 ./Drivers/STM32F1xx_HAL_Driver/Src/stm32f1xx_hal_spi.o
 .debug_aranges
                0x00000870      0x3d0 ./Drivers/STM32F1xx_HAL_Driver/Src/stm32f1xx_hal_tim.o
 .debug_aranges
                0x00000c40      0x168 ./Drivers/STM32F1xx_HAL_Driver/Src/stm32f1xx_hal_tim_ex.o
 .debug_aranges
                0x00000da8      0x1d8 ./Middlewares/Third_Party/FreeRTOS/Source/CMSIS_RTOS/cmsis_os.o
 .debug_aranges
                0x00000f80       0x40 ./Middlewares/Third_Party/FreeRTOS/Source/list.o
 .debug_aranges
                0x00000fc0      0x108 ./Middlewares/Third_Party/FreeRTOS/Source/queue.o
 .debug_aranges
                0x000010c8      0x1b8 ./Middlewares/Third_Party/FreeRTOS/Source/tasks.o
 .debug_aranges
                0x00001280       0x78 ./Middlewares/Third_Party/FreeRTOS/Source/portable/GCC/ARM_CM3/port.o
 .debug_aranges
                0x000012f8       0x58 ./Middlewares/Third_Party/FreeRTOS/Source/portable/MemMang/heap_4.o

.debug_rnglists
                0x00000000      0xee4
 .debug_rnglists
                0x00000000       0x5f ./Core/Src/aes.o
 .debug_rnglists
                0x0000005f       0x20 ./Core/Src/buffer_pool.o
 .debug_rnglists
                0x0000007f       0x59 ./Core/Src/enc28j60_driver.o
 .debug_rnglists
                0x000000d8       0x25 ./Core/Src/freertos.o
 .debug_rnglists
                0x000000fd       0x8a ./Core/Src/main.o
 .debug_rnglists
                0x00000187       0x21 ./Core/Src/stm32f1xx_hal_msp.o
 .debug_rnglists
                0x000001a8       0x20 ./Core/Src/stm32f1xx_hal_timebase_tim.o
 .debug_rnglists
                0x000001c8       0x5b ./Core/Src/stm32f1xx_it.o
 .debug_rnglists
                0x00000223       0x1a ./Core/Src/system_stm32f1xx.o
 .debug_rnglists
                0x0000023d       0x19 ./Core/Startup/startup_stm32f103c8tx.o
 .debug_rnglists
                0x00000256       0xa3 ./Drivers/STM32F1xx_HAL_Driver/Src/stm32f1xx_hal.o
 .debug_rnglists
                0x000002f9       0xbb ./Drivers/STM32F1xx_HAL_Driver/Src/stm32f1xx_hal_cortex.o
 .debug_rnglists
                0x000003b4       0x64 ./Drivers/STM32F1xx_HAL_Driver/Src/stm32f1xx_hal_dma.o
 .debug_rnglists
                0x00000418       0x3f ./Drivers/STM32F1xx_HAL_Driver/Src/stm32f1xx_hal_gpio.o
 .debug_rnglists
                0x00000457       0x1a ./Drivers/STM32F1xx_HAL_Driver/Src/stm32f1xx_hal_iwdg.o
 .debug_rnglists
                0x00000471       0x6c ./Drivers/STM32F1xx_HAL_Driver/Src/stm32f1xx_hal_rcc.o
 .debug_rnglists
                0x000004dd      0x16e ./Drivers/STM32F1xx_HAL_Driver/Src/stm32f1xx_hal_spi.o
 .debug_rnglists
                0x0000064b      0x31a ./Drivers/STM32F1xx_HAL_Driver/Src/stm32f1xx_hal_tim.o
 .debug_rnglists
                0x00000965      0x125 ./Drivers/STM32F1xx_HAL_Driver/Src/stm32f1xx_hal_tim_ex.o
 .debug_rnglists
                0x00000a8a      0x16a ./Middlewares/Third_Party/FreeRTOS/Source/CMSIS_RTOS/cmsis_os.o
 .debug_rnglists
                0x00000bf4       0x2b ./Middlewares/Third_Party/FreeRTOS/Source/list.o
 .debug_rnglists
                0x00000c1f       0xcd ./Middlewares/Third_Party/FreeRTOS/Source/queue.o
 .debug_rnglists
                0x00000cec      0x15f ./Middlewares/Third_Party/FreeRTOS/Source/tasks.o
 .debug_rnglists
                0x00000e4b       0x57 ./Middlewares/Third_Party/FreeRTOS/Source/portable/GCC/ARM_CM3/port.o
 .debug_rnglists
                0x00000ea2       0x42 ./Middlewares/Third_Party/FreeRTOS/Source/portable/MemMang/heap_4.o

.debug_macro    0x00000000    0x1a484
 .debug_macro   0x00000000      0x240 ./Core/Src/aes.o
 .debug_macro   0x00000240      0xacc ./Core/Src/aes.o
 .debug_macro   0x00000d0c       0x22 ./Core/Src/aes.o
 .debug_macro   0x00000d2e       0x5b ./Core/Src/aes.o
 .debug_macro   0x00000d89       0x24 ./Core/Src/aes.o
 .debug_macro   0x00000dad       0x94 ./Core/Src/aes.o
 .debug_macro   0x00000e41       0x43 ./Core/Src/aes.o
 .debug_macro   0x00000e84       0x34 ./Core/Src/aes.o
 .debug_macro   0x00000eb8      0x190 ./Core/Src/aes.o
 .debug_macro   0x00001048       0x57 ./Core/Src/aes.o
 .debug_macro   0x0000109f      0x370 ./Core/Src/aes.o
 .debug_macro   0x0000140f       0x16 ./Core/Src/aes.o
 .debug_macro   0x00001425       0x4a ./Core/Src/aes.o
 .debug_macro   0x0000146f       0x34 ./Core/Src/aes.o
 .debug_macro   0x000014a3       0x10 ./Core/Src/aes.o
 .debug_macro   0x000014b3       0x58 ./Core/Src/aes.o
 .debug_macro   0x0000150b       0x8e ./Core/Src/aes.o
 .debug_macro   0x00001599       0x1c ./Core/Src/aes.o
 .debug_macro   0x000015b5      0x185 ./Core/Src/aes.o
 .debug_macro   0x0000173a       0x10 ./Core/Src/aes.o
 .debug_macro   0x0000174a       0x3c ./Core/Src/aes.o
 .debug_macro   0x00001786       0x20 ./Core/Src/aes.o
 .debug_macro   0x000017a6      0x103 ./Core/Src/aes.o
 .debug_macro   0x000018a9       0x6a ./Core/Src/aes.o
 .debug_macro   0x00001913      0x1df ./Core/Src/aes.o
 .debug_macro   0x00001af2       0xf1 ./Core/Src/aes.o
 .debug_macro   0x00001be3      0x15a ./Core/Src/aes.o
 .debug_macro   0x00001d3d       0xde ./Core/Src/aes.o
 .debug_macro   0x00001e1b       0x1c ./Core/Src/aes.o
 .debug_macro   0x00001e37       0x26 ./Core/Src/aes.o
 .debug_macro   0x00001e5d       0x16 ./Core/Src/aes.o
 .debug_macro   0x00001e73      0x4fe ./Core/Src/aes.o
 .debug_macro   0x00002371       0xb5 ./Core/Src/aes.o
 .debug_macro   0x00002426       0xaa ./Core/Src/aes.o
 .debug_macro   0x000024d0       0x91 ./Core/Src/aes.o
 .debug_macro   0x00002561       0x8d ./Core/Src/aes.o
 .debug_macro   0x000025ee       0x7e ./Core/Src/aes.o
 .debug_macro   0x0000266c       0x19 ./Core/Src/aes.o
 .debug_macro   0x00002685       0xf2 ./Core/Src/aes.o
 .debug_macro   0x00002777       0x10 ./Core/Src/aes.o
 .debug_macro   0x00002787       0x22 ./Core/Src/aes.o
 .debug_macro   0x000027a9      0x1de ./Core/Src/buffer_pool.o
 .debug_macro   0x00002987       0x8e ./Core/Src/buffer_pool.o
 .debug_macro   0x00002a15       0x51 ./Core/Src/buffer_pool.o
 .debug_macro   0x00002a66       0x61 ./Core/Src/buffer_pool.o
 .debug_macro   0x00002ac7       0x10 ./Core/Src/buffer_pool.o
 .debug_macro   0x00002ad7      0x31f ./Core/Src/enc28j60_driver.o
 .debug_macro   0x00002df6      0x227 ./Core/Src/enc28j60_driver.o
 .debug_macro   0x0000301d       0x2e ./Core/Src/enc28j60_driver.o
 .debug_macro   0x0000304b       0x22 ./Core/Src/enc28j60_driver.o
 .debug_macro   0x0000306d       0x1c ./Core/Src/enc28j60_driver.o
 .debug_macro   0x00003089       0x22 ./Core/Src/enc28j60_driver.o
 .debug_macro   0x000030ab       0xbd ./Core/Src/enc28j60_driver.o
 .debug_macro   0x00003168      0xd23 ./Core/Src/enc28j60_driver.o
 .debug_macro   0x00003e8b     0xe09e ./Core/Src/enc28j60_driver.o
 .debug_macro   0x00011f29       0x6d ./Core/Src/enc28j60_driver.o
 .debug_macro   0x00011f96     0x34a2 ./Core/Src/enc28j60_driver.o
 .debug_macro   0x00015438       0x5c ./Core/Src/enc28j60_driver.o
 .debug_macro   0x00015494      0x5bc ./Core/Src/enc28j60_driver.o
 .debug_macro   0x00015a50      0x289 ./Core/Src/enc28j60_driver.o
 .debug_macro   0x00015cd9      0x1cb ./Core/Src/enc28j60_driver.o
 .debug_macro   0x00015ea4      0x114 ./Core/Src/enc28j60_driver.o
 .debug_macro   0x00015fb8      0x1b2 ./Core/Src/enc28j60_driver.o
 .debug_macro   0x0001616a       0x27 ./Core/Src/enc28j60_driver.o
 .debug_macro   0x00016191      0x136 ./Core/Src/enc28j60_driver.o
 .debug_macro   0x000162c7      0x1bc ./Core/Src/enc28j60_driver.o
 .debug_macro   0x00016483       0x34 ./Core/Src/enc28j60_driver.o
 .debug_macro   0x000164b7       0x3c ./Core/Src/enc28j60_driver.o
 .debug_macro   0x000164f3       0x57 ./Core/Src/enc28j60_driver.o
 .debug_macro   0x0001654a       0x87 ./Core/Src/enc28j60_driver.o
 .debug_macro   0x000165d1      0x240 ./Core/Src/enc28j60_driver.o
 .debug_macro   0x00016811       0x78 ./Core/Src/enc28j60_driver.o
 .debug_macro   0x00016889      0x140 ./Core/Src/enc28j60_driver.o
 .debug_macro   0x000169c9      0x217 ./Core/Src/enc28j60_driver.o
 .debug_macro   0x00016be0      0x8ed ./Core/Src/enc28j60_driver.o
 .debug_macro   0x000174cd       0x83 ./Core/Src/enc28j60_driver.o
 .debug_macro   0x00017550       0xf1 ./Core/Src/enc28j60_driver.o
 .debug_macro   0x00017641      0x247 ./Core/Src/enc28j60_driver.o
 .debug_macro   0x00017888      0x345 ./Core/Src/freertos.o
 .debug_macro   0x00017bcd       0x56 ./Core/Src/freertos.o
 .debug_macro   0x00017c23       0x64 ./Core/Src/freertos.o
 .debug_macro   0x00017c87      0x3c0 ./Core/Src/main.o
 .debug_macro   0x00018047       0x16 ./Core/Src/main.o
 .debug_macro   0x0001805d      0x1bc ./Core/Src/stm32f1xx_hal_msp.o
 .debug_macro   0x00018219      0x1ad ./Core/Src/stm32f1xx_hal_timebase_tim.o
 .debug_macro   0x000183c6      0x1c6 ./Core/Src/stm32f1xx_it.o
 .debug_macro   0x0001858c      0x1ad ./Core/Src/system_stm32f1xx.o
 .debug_macro   0x00018739      0x1d1 ./Drivers/STM32F1xx_HAL_Driver/Src/stm32f1xx_hal.o
 .debug_macro   0x0001890a      0x1ad ./Drivers/STM32F1xx_HAL_Driver/Src/stm32f1xx_hal_cortex.o
 .debug_macro   0x00018ab7      0x1ad ./Drivers/STM32F1xx_HAL_Driver/Src/stm32f1xx_hal_dma.o
 .debug_macro   0x00018c64      0x218 ./Drivers/STM32F1xx_HAL_Driver/Src/stm32f1xx_hal_gpio.o
 .debug_macro   0x00018e7c      0x1b9 ./Drivers/STM32F1xx_HAL_Driver/Src/stm32f1xx_hal_iwdg.o
 .debug_macro   0x00019035      0x1bf ./Drivers/STM32F1xx_HAL_Driver/Src/stm32f1xx_hal_rcc.o
 .debug_macro   0x000191f4      0x1b5 ./Drivers/STM32F1xx_HAL_Driver/Src/stm32f1xx_hal_spi.o
 .debug_macro   0x000193a9      0x1ae ./Drivers/STM32F1xx_HAL_Driver/Src/stm32f1xx_hal_tim.o
 .debug_macro   0x00019557      0x1ad ./Drivers/STM32F1xx_HAL_Driver/Src/stm32f1xx_hal_tim_ex.o
 .debug_macro   0x00019704      0x210 ./Middlewares/Third_Party/FreeRTOS/Source/CMSIS_RTOS/cmsis_os.o
 .debug_macro   0x00019914       0xab ./Middlewares/Third_Party/FreeRTOS/Source/CMSIS_RTOS/cmsis_os.o
 .debug_macro   0x000199bf      0x199 ./Middlewares/Third_Party/FreeRTOS/Source/list.o
 .debug_macro   0x00019b58      0x228 ./Middlewares/Third_Party/FreeRTOS/Source/queue.o
 .debug_macro   0x00019d80       0x87 ./Middlewares/Third_Party/FreeRTOS/Source/queue.o
 .debug_macro   0x00019e07      0x28b ./Middlewares/Third_Party/FreeRTOS/Source/tasks.o
 .debug_macro   0x0001a092       0x10 ./Middlewares/Third_Party/FreeRTOS/Source/tasks.o
 .debug_macro   0x0001a0a2      0x222 ./Middlewares/Third_Party/FreeRTOS/Source/portable/GCC/ARM_CM3/port.o
 .debug_macro   0x0001a2c4      0x1c0 ./Middlewares/Third_Party/FreeRTOS/Source/portable/MemMang/heap_4.o

.debug_line     0x00000000    0x161dc
 .debug_line    0x00000000      0xb72 ./Core/Src/aes.o
 .debug_line    0x00000b72      0x7aa ./Core/Src/buffer_pool.o
 .debug_line    0x0000131c      0xcf4 ./Core/Src/enc28j60_driver.o
 .debug_line    0x00002010      0xa63 ./Core/Src/freertos.o
 .debug_line    0x00002a73      0xf7a ./Core/Src/main.o
 .debug_line    0x000039ed      0x83e ./Core/Src/stm32f1xx_hal_msp.o
 .debug_line    0x0000422b      0x792 ./Core/Src/stm32f1xx_hal_timebase_tim.o
 .debug_line    0x000049bd      0x82c ./Core/Src/stm32f1xx_it.o
 .debug_line    0x000051e9      0x792 ./Core/Src/system_stm32f1xx.o
 .debug_line    0x0000597b       0x78 ./Core/Startup/startup_stm32f103c8tx.o
 .debug_line    0x000059f3      0x9c3 ./Drivers/STM32F1xx_HAL_Driver/Src/stm32f1xx_hal.o
 .debug_line    0x000063b6      0xb8d ./Drivers/STM32F1xx_HAL_Driver/Src/stm32f1xx_hal_cortex.o
 .debug_line    0x00006f43      0xdcd ./Drivers/STM32F1xx_HAL_Driver/Src/stm32f1xx_hal_dma.o
 .debug_line    0x00007d10      0xa20 ./Drivers/STM32F1xx_HAL_Driver/Src/stm32f1xx_hal_gpio.o
 .debug_line    0x00008730      0x792 ./Drivers/STM32F1xx_HAL_Driver/Src/stm32f1xx_hal_iwdg.o
 .debug_line    0x00008ec2      0xe7c ./Drivers/STM32F1xx_HAL_Driver/Src/stm32f1xx_hal_rcc.o
 .debug_line    0x00009d3e     0x1c5a ./Drivers/STM32F1xx_HAL_Driver/Src/stm32f1xx_hal_spi.o
 .debug_line    0x0000b998     0x34b1 ./Drivers/STM32F1xx_HAL_Driver/Src/stm32f1xx_hal_tim.o
 .debug_line    0x0000ee49     0x1887 ./Drivers/STM32F1xx_HAL_Driver/Src/stm32f1xx_hal_tim_ex.o
 .debug_line    0x000106d0     0x130a ./Middlewares/Third_Party/FreeRTOS/Source/CMSIS_RTOS/cmsis_os.o
 .debug_line    0x000119da      0x796 ./Middlewares/Third_Party/FreeRTOS/Source/list.o
 .debug_line    0x00012170     0x14da ./Middlewares/Third_Party/FreeRTOS/Source/queue.o
 .debug_line    0x0001364a     0x18f2 ./Middlewares/Third_Party/FreeRTOS/Source/tasks.o
 .debug_line    0x00014f3c      0x8f4 ./Middlewares/Third_Party/FreeRTOS/Source/portable/GCC/ARM_CM3/port.o
 .debug_line    0x00015830      0x9ac ./Middlewares/Third_Party/FreeRTOS/Source/portable/MemMang/heap_4.o

.debug_str      0x00000000    0x93fa6
 .debug_str     0x00000000    0x93fa6 ./Core/Src/aes.o
                               0xd51d (size before relaxing)
 .debug_str     0x00093fa6     0xd54c ./Core/Src/buffer_pool.o
 .debug_str     0x00093fa6    0x8d2f4 ./Core/Src/enc28j60_driver.o
 .debug_str     0x00093fa6    0x8d7a5 ./Core/Src/freertos.o
 .debug_str     0x00093fa6    0x8ec0d ./Core/Src/main.o
 .debug_str     0x00093fa6    0x83db3 ./Core/Src/stm32f1xx_hal_msp.o
 .debug_str     0x00093fa6    0x83d28 ./Core/Src/stm32f1xx_hal_timebase_tim.o
 .debug_str     0x00093fa6    0x83b97 ./Core/Src/stm32f1xx_it.o
 .debug_str     0x00093fa6    0x83460 ./Core/Src/system_stm32f1xx.o
 .debug_str     0x00093fa6       0x80 ./Core/Startup/startup_stm32f103c8tx.o
 .debug_str     0x00093fa6    0x83b93 ./Drivers/STM32F1xx_HAL_Driver/Src/stm32f1xx_hal.o
 .debug_str     0x00093fa6    0x83adf ./Drivers/STM32F1xx_HAL_Driver/Src/stm32f1xx_hal_cortex.o
 .debug_str     0x00093fa6    0x83809 ./Drivers/STM32F1xx_HAL_Driver/Src/stm32f1xx_hal_dma.o
 .debug_str     0x00093fa6    0x837e6 ./Drivers/STM32F1xx_HAL_Driver/Src/stm32f1xx_hal_gpio.o
 .debug_str     0x00093fa6    0x8352b ./Drivers/STM32F1xx_HAL_Driver/Src/stm32f1xx_hal_iwdg.o
 .debug_str     0x00093fa6    0x8388f ./Drivers/STM32F1xx_HAL_Driver/Src/stm32f1xx_hal_rcc.o
 .debug_str     0x00093fa6    0x83d86 ./Drivers/STM32F1xx_HAL_Driver/Src/stm32f1xx_hal_spi.o
 .debug_str     0x00093fa6    0x84891 ./Drivers/STM32F1xx_HAL_Driver/Src/stm32f1xx_hal_tim.o
 .debug_str     0x00093fa6    0x8409d ./Drivers/STM32F1xx_HAL_Driver/Src/stm32f1xx_hal_tim_ex.o
 .debug_str     0x00093fa6     0xea0c ./Middlewares/Third_Party/FreeRTOS/Source/CMSIS_RTOS/cmsis_os.o
 .debug_str     0x00093fa6     0xabed ./Middlewares/Third_Party/FreeRTOS/Source/list.o
 .debug_str     0x00093fa6     0xc580 ./Middlewares/Third_Party/FreeRTOS/Source/queue.o
 .debug_str     0x00093fa6     0xd2a7 ./Middlewares/Third_Party/FreeRTOS/Source/tasks.o
 .debug_str     0x00093fa6     0xb812 ./Middlewares/Third_Party/FreeRTOS/Source/portable/GCC/ARM_CM3/port.o
 .debug_str     0x00093fa6     0xb52f ./Middlewares/Third_Party/FreeRTOS/Source/portable/MemMang/heap_4.o

.comment        0x00000000       0x43
 .comment       0x00000000       0x43 ./Core/Src/aes.o
                                 0x44 (size before relaxing)
 .comment       0x00000043       0x44 ./Core/Src/buffer_pool.o
 .comment       0x00000043       0x44 ./Core/Src/enc28j60_driver.o
 .comment       0x00000043       0x44 ./Core/Src/freertos.o
 .comment       0x00000043       0x44 ./Core/Src/main.o