Archive member included to satisfy reference by file (symbol)

C:/ST/STM32CubeIDE_1.19.0/STM32CubeIDE/plugins/com.st.stm32cube.ide.mcu.externaltools.gnu-tools-for-stm32.13.3.rel1.win32_1.0.0.202411081344/tools/bin/../lib/gcc/arm-none-eabi/13.3.1/../../../../arm-none-eabi/lib/thumb/v7-m/nofp\libc_nano.a(libc_a-exit.o)
                              C:/ST/STM32CubeIDE_1.19.0/STM32CubeIDE/plugins/com.st.stm32cube.ide.mcu.externaltools.gnu-tools-for-stm32.13.3.rel1.win32_1.0.0.202411081344/tools/bin/../lib/gcc/arm-none-eabi/13.3.1/../../../../arm-none-eabi/lib/thumb/v7-m/nofp/crt0.o (exit)
C:/ST/STM32CubeIDE_1.19.0/STM32CubeIDE/plugins/com.st.stm32cube.ide.mcu.externaltools.gnu-tools-for-stm32.13.3.rel1.win32_1.0.0.202411081344/tools/bin/../lib/gcc/arm-none-eabi/13.3.1/../../../../arm-none-eabi/lib/thumb/v7-m/nofp\libc_nano.a(libc_a-findfp.o)
                              ./Middlewares/Third_Party/FreeRTOS/Source/tasks.o (__sf)
C:/ST/STM32CubeIDE_1.19.0/STM32CubeIDE/plugins/com.st.stm32cube.ide.mcu.externaltools.gnu-tools-for-stm32.13.3.rel1.win32_1.0.0.202411081344/tools/bin/../lib/gcc/arm-none-eabi/13.3.1/../../../../arm-none-eabi/lib/thumb/v7-m/nofp\libc_nano.a(libc_a-fwalk.o)
                              C:/ST/STM32CubeIDE_1.19.0/STM32CubeIDE/plugins/com.st.stm32cube.ide.mcu.externaltools.gnu-tools-for-stm32.13.3.rel1.win32_1.0.0.202411081344/tools/bin/../lib/gcc/arm-none-eabi/13.3.1/../../../../arm-none-eabi/lib/thumb/v7-m/nofp\libc_nano.a(libc_a-findfp.o) (_fwalk_sglue)
C:/ST/STM32CubeIDE_1.19.0/STM32CubeIDE/plugins/com.st.stm32cube.ide.mcu.externaltools.gnu-tools-for-stm32.13.3.rel1.win32_1.0.0.202411081344/tools/bin/../lib/gcc/arm-none-eabi/13.3.1/../../../../arm-none-eabi/lib/thumb/v7-m/nofp\libc_nano.a(libc_a-stdio.o)
                              C:/ST/STM32CubeIDE_1.19.0/STM32CubeIDE/plugins/com.st.stm32cube.ide.mcu.externaltools.gnu-tools-for-stm32.13.3.rel1.win32_1.0.0.202411081344/tools/bin/../lib/gcc/arm-none-eabi/13.3.1/../../../../arm-none-eabi/lib/thumb/v7-m/nofp\libc_nano.a(libc_a-findfp.o) (__sread)
C:/ST/STM32CubeIDE_1.19.0/STM32CubeIDE/plugins/com.st.stm32cube.ide.mcu.externaltools.gnu-tools-for-stm32.13.3.rel1.win32_1.0.0.202411081344/tools/bin/../lib/gcc/arm-none-eabi/13.3.1/../../../../arm-none-eabi/lib/thumb/v7-m/nofp\libc_nano.a(libc_a-memcmp.o)
                              ./Core/Src/main.o (memcmp)
C:/ST/STM32CubeIDE_1.19.0/STM32CubeIDE/plugins/com.st.stm32cube.ide.mcu.externaltools.gnu-tools-for-stm32.13.3.rel1.win32_1.0.0.202411081344/tools/bin/../lib/gcc/arm-none-eabi/13.3.1/../../../../arm-none-eabi/lib/thumb/v7-m/nofp\libc_nano.a(libc_a-memset.o)
                              C:/ST/STM32CubeIDE_1.19.0/STM32CubeIDE/plugins/com.st.stm32cube.ide.mcu.externaltools.gnu-tools-for-stm32.13.3.rel1.win32_1.0.0.202411081344/tools/bin/../lib/gcc/arm-none-eabi/13.3.1/../../../../arm-none-eabi/lib/thumb/v7-m/nofp/crt0.o (memset)
C:/ST/STM32CubeIDE_1.19.0/STM32CubeIDE/plugins/com.st.stm32cube.ide.mcu.externaltools.gnu-tools-for-stm32.13.3.rel1.win32_1.0.0.202411081344/tools/bin/../lib/gcc/arm-none-eabi/13.3.1/../../../../arm-none-eabi/lib/thumb/v7-m/nofp\libc_nano.a(libc_a-closer.o)
                              C:/ST/STM32CubeIDE_1.19.0/STM32CubeIDE/plugins/com.st.stm32cube.ide.mcu.externaltools.gnu-tools-for-stm32.13.3.rel1.win32_1.0.0.202411081344/tools/bin/../lib/gcc/arm-none-eabi/13.3.1/../../../../arm-none-eabi/lib/thumb/v7-m/nofp\libc_nano.a(libc_a-stdio.o) (_close_r)
C:/ST/STM32CubeIDE_1.19.0/STM32CubeIDE/plugins/com.st.stm32cube.ide.mcu.externaltools.gnu-tools-for-stm32.13.3.rel1.win32_1.0.0.202411081344/tools/bin/../lib/gcc/arm-none-eabi/13.3.1/../../../../arm-none-eabi/lib/thumb/v7-m/nofp\libc_nano.a(libc_a-reent.o)
                              ./Middlewares/Third_Party/FreeRTOS/Source/tasks.o (_reclaim_reent)
C:/ST/STM32CubeIDE_1.19.0/STM32CubeIDE/plugins/com.st.stm32cube.ide.mcu.externaltools.gnu-tools-for-stm32.13.3.rel1.win32_1.0.0.202411081344/tools/bin/../lib/gcc/arm-none-eabi/13.3.1/../../../../arm-none-eabi/lib/thumb/v7-m/nofp\libc_nano.a(libc_a-impure.o)
                              ./Middlewares/Third_Party/FreeRTOS/Source/tasks.o (_impure_ptr)
C:/ST/STM32CubeIDE_1.19.0/STM32CubeIDE/plugins/com.st.stm32cube.ide.mcu.externaltools.gnu-tools-for-stm32.13.3.rel1.win32_1.0.0.202411081344/tools/bin/../lib/gcc/arm-none-eabi/13.3.1/../../../../arm-none-eabi/lib/thumb/v7-m/nofp\libc_nano.a(libc_a-lseekr.o)
                              C:/ST/STM32CubeIDE_1.19.0/STM32CubeIDE/plugins/com.st.stm32cube.ide.mcu.externaltools.gnu-tools-for-stm32.13.3.rel1.win32_1.0.0.202411081344/tools/bin/../lib/gcc/arm-none-eabi/13.3.1/../../../../arm-none-eabi/lib/thumb/v7-m/nofp\libc_nano.a(libc_a-stdio.o) (_lseek_r)
C:/ST/STM32CubeIDE_1.19.0/STM32CubeIDE/plugins/com.st.stm32cube.ide.mcu.externaltools.gnu-tools-for-stm32.13.3.rel1.win32_1.0.0.202411081344/tools/bin/../lib/gcc/arm-none-eabi/13.3.1/../../../../arm-none-eabi/lib/thumb/v7-m/nofp\libc_nano.a(libc_a-readr.o)
[...]
Memory Configuration

Name             Origin             Length             Attributes
RAM              0x20000000         0x00005000         xrw
FLASH            0x08000000         0x00010000         xr
*default*        0x00000000         0xffffffff

Linker script and memory map

LOAD C:/ST/STM32CubeIDE_1.19.0/STM32CubeIDE/plugins/com.st.stm32cube.ide.mcu.externaltools.gnu-tools-for-stm32.13.3.rel1.win32_1.0.0.202411081344/tools/bin/../lib/gcc/arm-none-eabi/13.3.1/thumb/v7-m/nofp/crti.o
LOAD C:/ST/STM32CubeIDE_1.19.0/STM32CubeIDE/plugins/com.st.stm32cube.ide.mcu.externaltools.gnu-tools-for-stm32.13.3.rel1.win32_1.0.0.202411081344/tools/bin/../lib/gcc/arm-none-eabi/13.3.1/thumb/v7-m/nofp/crtbegin.o
LOAD C:/ST/STM32CubeIDE_1.19.0/STM32CubeIDE/plugins/com.st.stm32cube.ide.mcu.externaltools.gnu-tools-for-stm32.13.3.rel1.win32_1.0.0.202411081344/tools/bin/../lib/gcc/arm-none-eabi/13.3.1/../../../../arm-none-eabi/lib/thumb/v7-m/nofp/crt0.o
LOAD ./Core/Src/aes.o
LOAD ./Core/Src/buffer_pool.o
LOAD ./Core/Src/enc28j60_driver.o
LOAD ./Core/Src/freertos.o
LOAD ./Core/Src/main.o
LOAD ./Core/Src/stm32f1xx_hal_msp.o
LOAD ./Core/Src/stm32f1xx_hal_timebase_tim.o
LOAD ./Core/Src/stm32f1xx_it.o
LOAD ./Core/Src/syscalls.o
LOAD ./Core/Src/sysmem.o
LOAD ./Core/Src/system_stm32f1xx.o
LOAD ./Core/Startup/startup_stm32f103c8tx.o
LOAD ./Drivers/STM32F1xx_HAL_Driver/Src/stm32f1xx_hal.o
LOAD ./Drivers/STM32F1xx_HAL_Driver/Src/stm32f1xx_hal_cortex.o
LOAD ./Drivers/STM32F1xx_HAL_Driver/Src/stm32f1xx_hal_dma.o
LOAD ./Drivers/STM32F1xx_HAL_Driver/Src/stm32f1xx_hal_exti.o
LOAD ./Drivers/STM32F1xx_HAL_Driver/Src/stm32f1xx_hal_flash.o
LOAD ./Drivers/STM32F1xx_HAL_Driver/Src/stm32f1xx_hal_flash_ex.o
LOAD ./Drivers/STM32F1xx_HAL_Driver/Src/stm32f1xx_hal_gpio.o
LOAD ./Drivers/STM32F1xx_HAL_Driver/Src/stm32f1xx_hal_gpio_ex.o
LOAD ./Drivers/STM32F1xx_HAL_Driver/Src/stm32f1xx_hal_iwdg.o
LOAD ./Drivers/STM32F1xx_HAL_Driver/Src/stm32f1xx_hal_pwr.o
LOAD ./Drivers/STM32F1xx_HAL_Driver/Src/stm32f1xx_hal_rcc.o
LOAD ./Drivers/STM32F1xx_HAL_Driver/Src/stm32f1xx_hal_rcc_ex.o
LOAD ./Drivers/STM32F1xx_HAL_Driver/Src/stm32f1xx_hal_spi.o
LOAD ./Drivers/STM32F1xx_HAL_Driver/Src/stm32f1xx_hal_tim.o
LOAD ./Drivers/STM32F1xx_HAL_Driver/Src/stm32f1xx_hal_tim_ex.o
LOAD ./Middlewares/Third_Party/FreeRTOS/Source/CMSIS_RTOS/cmsis_os.o
LOAD ./Middlewares/Third_Party/FreeRTOS/Source/croutine.o
LOAD ./Middlewares/Third_Party/FreeRTOS/Source/event_groups.o
LOAD ./Middlewares/Third_Party/FreeRTOS/Source/list.o
LOAD ./Middlewares/Third_Party/FreeRTOS/Source/queue.o
LOAD ./Middlewares/Third_Party/FreeRTOS/Source/stream_buffer.o
LOAD ./Middlewares/Third_Party/FreeRTOS/Source/tasks.o
LOAD ./Middlewares/Third_Party/FreeRTOS/Source/timers.o
LOAD ./Middlewares/Third_Party/FreeRTOS/Source/portable/GCC/ARM_CM3/port.o
LOAD ./Middlewares/Third_Party/FreeRTOS/Source/portable/MemMang/heap_4.o
START GROUP
LOAD C:/ST/STM32CubeIDE_1.19.0/STM32CubeIDE/plugins/com.st.stm32cube.ide.mcu.externaltools.gnu-tools-for-stm32.13.3.rel1.win32_1.0.0.202411081344/tools/bin/../lib/gcc/arm-none-eabi/13.3.1/../../../../arm-none-eabi/lib/thumb/v7-m/nofp\libc_nano.a
LOAD C:/ST/STM32CubeIDE_1.19.0/STM32CubeIDE/plugins/com.st.stm32cube.ide.mcu.externaltools.gnu-tools-for-stm32.13.3.rel1.win32_1.0.0.202411081344/tools/bin/../lib/gcc/arm-none-eabi/13.3.1/../../../../arm-none-eabi/lib/thumb/v7-m/nofp\libm.a
END GROUP
START GROUP
LOAD C:/ST/STM32CubeIDE_1.19.0/STM32CubeIDE/plugins/com.st.stm32cube.ide.mcu.externaltools.gnu-tools-for-stm32.13.3.rel1.win32_1.0.0.202411081344/tools/bin/../lib/gcc/arm-none-eabi/13.3.1/thumb/v7-m/nofp\libgcc.a
LOAD C:/ST/STM32CubeIDE_1.19.0/STM32CubeIDE/plugins/com.st.stm32cube.ide.mcu.externaltools.gnu-tools-for-stm32.13.3.rel1.win32_1.0.0.202411081344/tools/bin/../lib/gcc/arm-none-eabi/13.3.1/../../../../arm-none-eabi/lib/thumb/v7-m/nofp\libc_nano.a
END GROUP
START GROUP
LOAD C:/ST/STM32CubeIDE_1.19.0/STM32CubeIDE/plugins/com.st.stm32cube.ide.mcu.externaltools.gnu-tools-for-stm32.13.3.rel1.win32_1.0.0.202411081344/tools/bin/../lib/gcc/arm-none-eabi/13.3.1/thumb/v7-m/nofp\libgcc.a
LOAD C:/ST/STM32CubeIDE_1.19.0/STM32CubeIDE/plugins/com.st.stm32cube.ide.mcu.externaltools.gnu-tools-for-stm32.13.3.rel1.win32_1.0.0.202411081344/tools/bin/../lib/gcc/arm-none-eabi/13.3.1/../../../../arm-none-eabi/lib/thumb/v7-m/nofp\libc_nano.a
LOAD C:/ST/STM32CubeIDE_1.19.0/STM32CubeIDE/plugins/com.st.stm32cube.ide.mcu.externaltools.gnu-tools-for-stm32.13.3.rel1.win32_1.0.0.202411081344/tools/bin/../lib/gcc/arm-none-eabi/13.3.1/../../../../arm-none-eabi/lib/thumb/v7-m/nofp\libnosys.a
END GROUP
START GROUP
LOAD C:/ST/STM32CubeIDE_1.19.0/STM32CubeIDE/plugins/com.st.stm32cube.ide.mcu.externaltools.gnu-tools-for-stm32.13.3.rel1.win32_1.0.0.202411081344/tools/bin/../lib/gcc/arm-none-eabi/13.3.1/thumb/v7-m/nofp\libgcc.a
LOAD C:/ST/STM32CubeIDE_1.19.0/STM32CubeIDE/plugins/com.st.stm32cube.ide.mcu.externaltools.gnu-tools-for-stm32.13.3.rel1.win32_1.0.0.202411081344/tools/bin/../lib/gcc/arm-none-eabi/13.3.1/../../../../arm-none-eabi/lib/thumb/v7-m/nofp\libc_nano.a
LOAD C:/ST/STM32CubeIDE_1.19.0/STM32CubeIDE/plugins/com.st.stm32cube.ide.mcu.externaltools.gnu-tools-for-stm32.13.3.rel1.win32_1.0.0.202411081344/tools/bin/../lib/gcc/arm-none-eabi/13.3.1/../../../../arm-none-eabi/lib/thumb/v7-m/nofp\libnosys.a
END GROUP
LOAD C:/ST/STM32CubeIDE_1.19.0/STM32CubeIDE/plugins/com.st.stm32cube.ide.mcu.externaltools.gnu-tools-for-stm32.13.3.rel1.win32_1.0.0.202411081344/tools/bin/../lib/gcc/arm-none-eabi/13.3.1/thumb/v7-m/nofp/crtend.o
LOAD C:/ST/STM32CubeIDE_1.19.0/STM32CubeIDE/plugins/com.st.stm32cube.ide.mcu.externaltools.gnu-tools-for-stm32.13.3.rel1.win32_1.0.0.202411081344/tools/bin/../lib/gcc/arm-none-eabi/13.3.1/thumb/v7-m/nofp/crtn.o
                0x20005000                        _estack = (ORIGIN (RAM) + LENGTH (RAM))
                0x00000200                        _Min_Heap_Size = 0x200
                0x00000400                        _Min_Stack_Size = 0x400

.isr_vector     0x08000000      0x10c
                0x08000000                        . = ALIGN (0x4)
 *(.isr_vector)
 .isr_vector    0x08000000      0x10c ./Core/Startup/startup_stm32f103c8tx.o
                0x08000000                g_pfnVectors
                0x0800010c                        . = ALIGN (0x4)

.text           0x08000110     0x7a5c
                0x08000110                        . = ALIGN (0x4)
 *(.text)
 .text          0x08000110       0x40 C:/ST/STM32CubeIDE_1.19.0/STM32CubeIDE/plugins/com.st.stm32cube.ide.mcu.externaltools.gnu-tools-for-stm32.13.3.rel1.win32_1.0.0.202411081344/tools/bin/../lib/gcc/arm-none-eabi/13.3.1/thumb/v7-m/nofp/crtbegin.o
 *(.text*)
 .text.BufferPool_Init
                0x08000150       0x64 ./Core/Src/buffer_pool.o
                0x08000150                BufferPool_Init
 .text.BufferPool_Acquire
                0x080001b4       0xa4 ./Core/Src/buffer_pool.o
                0x080001b4                BufferPool_Acquire
 .text.BufferPool_Release
                0x08000258       0x94 ./Core/Src/buffer_pool.o
                0x08000258                BufferPool_Release
 .text.ENC28J60_ReadOp
                0x080002ec       0x9c ./Core/Src/enc28j60_driver.o
                0x080002ec                ENC28J60_ReadOp
 .text.ENC28J60_WriteOp
                0x08000388       0x76 ./Core/Src/enc28j60_driver.o
                0x08000388                ENC28J60_WriteOp
 .text.ENC28J60_SetBank
                0x080003fe       0x48 ./Core/Src/enc28j60_driver.o
                0x080003fe                ENC28J60_SetBank
 .text.ENC28J60_ReadReg
                0x08000446       0x30 ./Core/Src/enc28j60_driver.o
                0x08000446                ENC28J60_ReadReg
 .text.ENC28J60_WriteReg
                0x08000476       0x2e ./Core/Src/enc28j60_driver.o
                0x08000476                ENC28J60_WriteReg
 .text.ENC28J60_WritePhy
                0x080004a4       0x6e ./Core/Src/enc28j60_driver.o
                0x080004a4                ENC28J60_WritePhy
 .text.ENC28J60_ReadPhy
                0x08000512       0x86 ./Core/Src/enc28j60_driver.o
                0x08000512                ENC28J60_ReadPhy
 .text.ENC28J60_ClearErrors
                0x08000598       0x2e ./Core/Src/enc28j60_driver.o
                0x08000598                ENC28J60_ClearErrors
 .text.ENC28J60_Init
                0x080005c6      0x1d4 ./Core/Src/enc28j60_driver.o
                0x080005c6                ENC28J60_Init
 *fill*         0x0800079a        0x2 
 .text.ENC28J60_SendPacket
                0x0800079c      0x288 ./Core/Src/enc28j60_driver.o
                0x0800079c                ENC28J60_SendPacket
 .text.ENC28J60_ReceivePacket
                0x08000a24      0x304 ./Core/Src/enc28j60_driver.o
                0x08000a24                ENC28J60_ReceivePacket
 .text.ENC28J60_DropPacket
                0x08000d28      0x10e ./Core/Src/enc28j60_driver.o
                0x08000d28                ENC28J60_DropPacket
 *fill*         0x08000e36        0x2 
 .text.vApplicationGetIdleTaskMemory
                0x08000e38       0x30 ./Core/Src/freertos.o
                0x08000e38                vApplicationGetIdleTaskMemory
 .text.HAL_GPIO_EXTI_Callback
                0x08000e68       0x7c ./Core/Src/freertos.o
                0x08000e68                HAL_GPIO_EXTI_Callback
 .text.HAL_SPI_RxCpltCallback
                0x08000ee4       0x8c ./Core/Src/freertos.o
                0x08000ee4                HAL_SPI_RxCpltCallback
 .text.HAL_SPI_TxCpltCallback
                0x08000f70       0x8c ./Core/Src/freertos.o
                0x08000f70                HAL_SPI_TxCpltCallback
 .text.HAL_SPI_ErrorCallback
                0x08000ffc       0xb0 ./Core/Src/freertos.o
                0x08000ffc                HAL_SPI_ErrorCallback
 .text.RX_HandlePacket
                0x080010ac       0x80 ./Core/Src/main.o
                0x080010ac                RX_HandlePacket
 .text.User_Init
                0x0800112c       0x48 ./Core/Src/main.o
                0x0800112c                User_Init
 .text.main     0x08001174      0x2cc ./Core/Src/main.o
                0x08001174                main
 .text.SystemClock_Config
                0x08001440       0x8e ./Core/Src/main.o
                0x08001440                SystemClock_Config
 *fill*         0x080014ce        0x2 
 .text.MX_SPI1_Init
                0x080014d0       0x6c ./Core/Src/main.o
 .text.MX_SPI2_Init
                0x0800153c       0x6c ./Core/Src/main.o
 .text.MX_DMA_Init
                0x080015a8       0x6c ./Core/Src/main.o
 .text.MX_GPIO_Init
                0x08001614      0x144 ./Core/Src/main.o
 .text.StartDefaultTask
                0x08001758       0x10 ./Core/Src/main.o
                0x08001758                StartDefaultTask
 .text.vRX_SPI1_TaskFunc
                0x08001768       0xd0 ./Core/Src/main.o
                0x08001768                vRX_SPI1_TaskFunc
 .text.vRX_SPI2_TaskFunc
                0x08001838       0xd0 ./Core/Src/main.o
                0x08001838                vRX_SPI2_TaskFunc
 .text.vTX_SPI1_TaskFunc
                0x08001908       0x78 ./Core/Src/main.o
                0x08001908                vTX_SPI1_TaskFunc
 .text.vPacket_Processing_TaskFunc
                0x08001980      0x2fc ./Core/Src/main.o
                0x08001980                vPacket_Processing_TaskFunc
 .text.vHeartbeat_TaskFunc
                0x08001c7c      0x114 ./Core/Src/main.o
                0x08001c7c                vHeartbeat_TaskFunc
 .text.vTX_SPI2_TaskFunc
                0x08001d90       0x78 ./Core/Src/main.o
                0x08001d90                vTX_SPI2_TaskFunc
 .text.HAL_TIM_PeriodElapsedCallback
                0x08001e08       0x24 ./Core/Src/main.o
                0x08001e08                HAL_TIM_PeriodElapsedCallback
 .text.Error_Handler
                0x08001e2c        0xc ./Core/Src/main.o
                0x08001e2c                Error_Handler
 .text.HAL_MspInit
                0x08001e38       0x70 ./Core/Src/stm32f1xx_hal_msp.o
                0x08001e38                HAL_MspInit
 .text.HAL_SPI_MspInit
                0x08001ea8      0x264 ./Core/Src/stm32f1xx_hal_msp.o
                0x08001ea8                HAL_SPI_MspInit
 .text.HAL_InitTick
                0x0800210c       0xfc ./Core/Src/stm32f1xx_hal_timebase_tim.o
                0x0800210c                HAL_InitTick
 .text.NMI_Handler
                0x08002208        0x8 ./Core/Src/stm32f1xx_it.o
                0x08002208                NMI_Handler
 .text.HardFault_Handler
                0x08002210        0x8 ./Core/Src/stm32f1xx_it.o
                0x08002210                HardFault_Handler
 .text.MemManage_Handler
                0x08002218        0x8 ./Core/Src/stm32f1xx_it.o
                0x08002218                MemManage_Handler
 .text.BusFault_Handler
                0x08002220        0x8 ./Core/Src/stm32f1xx_it.o
                0x08002220                BusFault_Handler
 .text.UsageFault_Handler
                0x08002228        0x8 ./Core/Src/stm32f1xx_it.o
                0x08002228                UsageFault_Handler
 .text.DebugMon_Handler
                0x08002230        0xc ./Core/Src/stm32f1xx_it.o
                0x08002230                DebugMon_Handler
 .text.EXTI0_IRQHandler
                0x0800223c        0xe ./Core/Src/stm32f1xx_it.o
                0x0800223c                EXTI0_IRQHandler
 .text.EXTI1_IRQHandler
                0x0800224a        0xe ./Core/Src/stm32f1xx_it.o
                0x0800224a                EXTI1_IRQHandler
 .text.DMA1_Channel2_IRQHandler
                0x08002258       0x14 ./Core/Src/stm32f1xx_it.o
                0x08002258                DMA1_Channel2_IRQHandler
 .text.DMA1_Channel3_IRQHandler
                0x0800226c       0x14 ./Core/Src/stm32f1xx_it.o
                0x0800226c                DMA1_Channel3_IRQHandler
 .text.DMA1_Channel4_IRQHandler
                0x08002280       0x14 ./Core/Src/stm32f1xx_it.o
                0x08002280                DMA1_Channel4_IRQHandler
 .text.DMA1_Channel5_IRQHandler
                0x08002294       0x14 ./Core/Src/stm32f1xx_it.o
                0x08002294                DMA1_Channel5_IRQHandler
 .text.TIM4_IRQHandler
                0x080022a8       0x14 ./Core/Src/stm32f1xx_it.o
                0x080022a8                TIM4_IRQHandler
 .text.SystemInit
                0x080022bc        0xc ./Core/Src/system_stm32f1xx.o
                0x080022bc                SystemInit
 .text.Reset_Handler
                0x080022c8       0x48 ./Core/Startup/startup_stm32f103c8tx.o
                0x080022c8                Reset_Handler
 .text.Default_Handler
                0x08002310        0x2 ./Core/Startup/startup_stm32f103c8tx.o
                0x08002310                RTC_Alarm_IRQHandler
                0x08002310                EXTI2_IRQHandler
                0x08002310                TIM1_CC_IRQHandler
                0x08002310                PVD_IRQHandler
                0x08002310                EXTI3_IRQHandler
                0x08002310                I2C2_EV_IRQHandler
                0x08002310                ADC1_2_IRQHandler
                0x08002310                SPI1_IRQHandler
                0x08002310                TAMPER_IRQHandler
                0x08002310                USART3_IRQHandler
                0x08002310                RTC_IRQHandler
                0x08002310                DMA1_Channel7_IRQHandler
                0x08002310                CAN1_RX1_IRQHandler
                0x08002310                I2C1_EV_IRQHandler
                0x08002310                DMA1_Channel6_IRQHandler
                0x08002310                TIM3_IRQHandler
                0x08002310                RCC_IRQHandler
                0x08002310                TIM1_TRG_COM_IRQHandler
                0x08002310                DMA1_Channel1_IRQHandler
                0x08002310                Default_Handler
                0x08002310                EXTI15_10_IRQHandler
                0x08002310                EXTI9_5_IRQHandler
                0x08002310                SPI2_IRQHandler
                0x08002310                EXTI4_IRQHandler
                0x08002310                USB_LP_CAN1_RX0_IRQHandler
                0x08002310                USB_HP_CAN1_TX_IRQHandler
                0x08002310                TIM1_UP_IRQHandler
                0x08002310                WWDG_IRQHandler
                0x08002310                TIM2_IRQHandler
                0x08002310                TIM1_BRK_IRQHandler
                0x08002310                USART2_IRQHandler
                0x08002310                I2C2_ER_IRQHandler
                0x08002310                CAN1_SCE_IRQHandler
                0x08002310                FLASH_IRQHandler
                0x08002310                USART1_IRQHandler
                0x08002310                I2C1_ER_IRQHandler
                0x08002310                USBWakeUp_IRQHandler
 *fill*         0x08002312        0x2 
 .text.HAL_Init
                0x08002314       0x2c ./Drivers/STM32F1xx_HAL_Driver/Src/stm32f1xx_hal.o
                0x08002314                HAL_Init
 .text.HAL_IncTick
                0x08002340       0x24 ./Drivers/STM32F1xx_HAL_Driver/Src/stm32f1xx_hal.o
                0x08002340                HAL_IncTick
 .text.HAL_GetTick
                0x08002364       0x14 ./Drivers/STM32F1xx_HAL_Driver/Src/stm32f1xx_hal.o
                0x08002364                HAL_GetTick
 .text.__NVIC_SetPriorityGrouping
                0x08002378       0x48 ./Drivers/STM32F1xx_HAL_Driver/Src/stm32f1xx_hal_cortex.o
 .text.__NVIC_GetPriorityGrouping
                0x080023c0       0x1c ./Drivers/STM32F1xx_HAL_Driver/Src/stm32f1xx_hal_cortex.o
 .text.__NVIC_EnableIRQ
                0x080023dc       0x38 ./Drivers/STM32F1xx_HAL_Driver/Src/stm32f1xx_hal_cortex.o
 .text.__NVIC_SetPriority
                0x08002414       0x54 ./Drivers/STM32F1xx_HAL_Driver/Src/stm32f1xx_hal_cortex.o
 .text.NVIC_EncodePriority
                0x08002468       0x64 ./Drivers/STM32F1xx_HAL_Driver/Src/stm32f1xx_hal_cortex.o
 .text.HAL_NVIC_SetPriorityGrouping
                0x080024cc       0x16 ./Drivers/STM32F1xx_HAL_Driver/Src/stm32f1xx_hal_cortex.o
                0x080024cc                HAL_NVIC_SetPriorityGrouping
 .text.HAL_NVIC_SetPriority
                0x080024e2       0x38 ./Drivers/STM32F1xx_HAL_Driver/Src/stm32f1xx_hal_cortex.o
                0x080024e2                HAL_NVIC_SetPriority
 .text.HAL_NVIC_EnableIRQ
                0x0800251a       0x1c ./Drivers/STM32F1xx_HAL_Driver/Src/stm32f1xx_hal_cortex.o
                0x0800251a                HAL_NVIC_EnableIRQ
 *fill*         0x08002536        0x2 
 .text.HAL_DMA_Init
                0x08002538       0xb4 ./Drivers/STM32F1xx_HAL_Driver/Src/stm32f1xx_hal_dma.o
                0x08002538                HAL_DMA_Init
 .text.HAL_DMA_Start_IT
                0x080025ec       0xc0 ./Drivers/STM32F1xx_HAL_Driver/Src/stm32f1xx_hal_dma.o
                0x080025ec                HAL_DMA_Start_IT
 .text.HAL_DMA_Abort
                0x080026ac       0x76 ./Drivers/STM32F1xx_HAL_Driver/Src/stm32f1xx_hal_dma.o
                0x080026ac                HAL_DMA_Abort
 *fill*         0x08002722        0x2 
 .text.HAL_DMA_IRQHandler
                0x08002724      0x20c ./Drivers/STM32F1xx_HAL_Driver/Src/stm32f1xx_hal_dma.o
                0x08002724                HAL_DMA_IRQHandler
 .text.DMA_SetConfig
                0x08002930       0x5a ./Drivers/STM32F1xx_HAL_Driver/Src/stm32f1xx_hal_dma.o
 *fill*         0x0800298a        0x2 
 .text.HAL_GPIO_Init
                0x0800298c      0x308 ./Drivers/STM32F1xx_HAL_Driver/Src/stm32f1xx_hal_gpio.o
                0x0800298c                HAL_GPIO_Init
 .text.HAL_GPIO_WritePin
                0x08002c94       0x30 ./Drivers/STM32F1xx_HAL_Driver/Src/stm32f1xx_hal_gpio.o
                0x08002c94                HAL_GPIO_WritePin
 .text.HAL_GPIO_TogglePin
                0x08002cc4       0x32 ./Drivers/STM32F1xx_HAL_Driver/Src/stm32f1xx_hal_gpio.o
                0x08002cc4                HAL_GPIO_TogglePin
 *fill*         0x08002cf6        0x2 
 .text.HAL_GPIO_EXTI_IRQHandler
                0x08002cf8       0x30 ./Drivers/STM32F1xx_HAL_Driver/Src/stm32f1xx_hal_gpio.o
                0x08002cf8                HAL_GPIO_EXTI_IRQHandler
 .text.HAL_RCC_OscConfig
                0x08002d28      0x504 ./Drivers/STM32F1xx_HAL_Driver/Src/stm32f1xx_hal_rcc.o
                0x08002d28                HAL_RCC_OscConfig
 .text.HAL_RCC_ClockConfig
                0x0800322c      0x1d4 ./Drivers/STM32F1xx_HAL_Driver/Src/stm32f1xx_hal_rcc.o
                0x0800322c                HAL_RCC_ClockConfig
 .text.HAL_RCC_GetSysClockFreq
                0x08003400       0xa8 ./Drivers/STM32F1xx_HAL_Driver/Src/stm32f1xx_hal_rcc.o
                0x08003400                HAL_RCC_GetSysClockFreq
 .text.HAL_RCC_GetHCLKFreq
                0x080034a8       0x14 ./Drivers/STM32F1xx_HAL_Driver/Src/stm32f1xx_hal_rcc.o
                0x080034a8                HAL_RCC_GetHCLKFreq
 .text.HAL_RCC_GetPCLK1Freq
                0x080034bc       0x28 ./Drivers/STM32F1xx_HAL_Driver/Src/stm32f1xx_hal_rcc.o
                0x080034bc                HAL_RCC_GetPCLK1Freq
 .text.HAL_RCC_GetClockConfig
                0x080034e4       0x60 ./Drivers/STM32F1xx_HAL_Driver/Src/stm32f1xx_hal_rcc.o
                0x080034e4                HAL_RCC_GetClockConfig
 .text.RCC_Delay
                0x08003544       0x3c ./Drivers/STM32F1xx_HAL_Driver/Src/stm32f1xx_hal_rcc.o
 .text.HAL_SPI_Init
                0x08003580      0x108 ./Drivers/STM32F1xx_HAL_Driver/Src/stm32f1xx_hal_spi.o
                0x08003580                HAL_SPI_Init
 .text.HAL_SPI_Transmit
                0x08003688      0x288 ./Drivers/STM32F1xx_HAL_Driver/Src/stm32f1xx_hal_spi.o
                0x08003688                HAL_SPI_Transmit
 .text.HAL_SPI_Receive
                0x08003910      0x232 ./Drivers/STM32F1xx_HAL_Driver/Src/stm32f1xx_hal_spi.o
                0x08003910                HAL_SPI_Receive
 .text.HAL_SPI_TransmitReceive
                0x08003b42      0x352 ./Drivers/STM32F1xx_HAL_Driver/Src/stm32f1xx_hal_spi.o
                0x08003b42                HAL_SPI_TransmitReceive
 .text.HAL_SPI_Transmit_DMA
                0x08003e94      0x164 ./Drivers/STM32F1xx_HAL_Driver/Src/stm32f1xx_hal_spi.o
                0x08003e94                HAL_SPI_Transmit_DMA
 .text.HAL_SPI_TransmitReceive_DMA
                0x08003ff8      0x1f8 ./Drivers/STM32F1xx_HAL_Driver/Src/stm32f1xx_hal_spi.o
                0x08003ff8                HAL_SPI_TransmitReceive_DMA
 .text.HAL_SPI_DMAStop
                0x080041f0       0x7e ./Drivers/STM32F1xx_HAL_Driver/Src/stm32f1xx_hal_spi.o
                0x080041f0                HAL_SPI_DMAStop
 .text.HAL_SPI_TxRxCpltCallback
                0x0800426e       0x12 ./Drivers/STM32F1xx_HAL_Driver/Src/stm32f1xx_hal_spi.o
                0x0800426e                HAL_SPI_TxRxCpltCallback
 .text.HAL_SPI_TxHalfCpltCallback
                0x08004280       0x12 ./Drivers/STM32F1xx_HAL_Driver/Src/stm32f1xx_hal_spi.o
                0x08004280                HAL_SPI_TxHalfCpltCallback
 .text.HAL_SPI_RxHalfCpltCallback
                0x08004292       0x12 ./Drivers/STM32F1xx_HAL_Driver/Src/stm32f1xx_hal_spi.o
                0x08004292                HAL_SPI_RxHalfCpltCallback
 .text.HAL_SPI_TxRxHalfCpltCallback
                0x080042a4       0x12 ./Drivers/STM32F1xx_HAL_Driver/Src/stm32f1xx_hal_spi.o
                0x080042a4                HAL_SPI_TxRxHalfCpltCallback
 .text.SPI_DMATransmitCplt
                0x080042b6       0xa6 ./Drivers/STM32F1xx_HAL_Driver/Src/stm32f1xx_hal_spi.o
 .text.SPI_DMAReceiveCplt
                0x0800435c       0xa6 ./Drivers/STM32F1xx_HAL_Driver/Src/stm32f1xx_hal_spi.o
 .text.SPI_DMATransmitReceiveCplt
                0x08004402       0x8e ./Drivers/STM32F1xx_HAL_Driver/Src/stm32f1xx_hal_spi.o
 .text.SPI_DMAHalfTransmitCplt
                0x08004490       0x1c ./Drivers/STM32F1xx_HAL_Driver/Src/stm32f1xx_hal_spi.o
 .text.SPI_DMAHalfReceiveCplt
                0x080044ac       0x1c ./Drivers/STM32F1xx_HAL_Driver/Src/stm32f1xx_hal_spi.o
 .text.SPI_DMAHalfTransmitReceiveCplt
                0x080044c8       0x1c ./Drivers/STM32F1xx_HAL_Driver/Src/stm32f1xx_hal_spi.o
 .text.SPI_DMAError
                0x080044e4       0x40 ./Drivers/STM32F1xx_HAL_Driver/Src/stm32f1xx_hal_spi.o
 .text.SPI_WaitFlagStateUntilTimeout
                0x08004524      0x110 ./Drivers/STM32F1xx_HAL_Driver/Src/stm32f1xx_hal_spi.o
 .text.SPI_EndRxTransaction
                0x08004634       0xa4 ./Drivers/STM32F1xx_HAL_Driver/Src/stm32f1xx_hal_spi.o
 .text.SPI_EndRxTxTransaction
                0x080046d8       0x62 ./Drivers/STM32F1xx_HAL_Driver/Src/stm32f1xx_hal_spi.o
 .text.HAL_TIM_Base_Init
                0x0800473a       0x9e ./Drivers/STM32F1xx_HAL_Driver/Src/stm32f1xx_hal_tim.o
                0x0800473a                HAL_TIM_Base_Init
 .text.HAL_TIM_Base_MspInit
                0x080047d8       0x12 ./Drivers/STM32F1xx_HAL_Driver/Src/stm32f1xx_hal_tim.o
                0x080047d8                HAL_TIM_Base_MspInit
 *fill*         0x080047ea        0x2 
 .text.HAL_TIM_Base_Start_IT
                0x080047ec       0xa4 ./Drivers/STM32F1xx_HAL_Driver/Src/stm32f1xx_hal_tim.o
                0x080047ec                HAL_TIM_Base_Start_IT
 .text.HAL_TIM_IRQHandler
                0x08004890      0x1e0 ./Drivers/STM32F1xx_HAL_Driver/Src/stm32f1xx_hal_tim.o
                0x08004890                HAL_TIM_IRQHandler
 .text.HAL_TIM_OC_DelayElapsedCallback
                0x08004a70       0x12 ./Drivers/STM32F1xx_HAL_Driver/Src/stm32f1xx_hal_tim.o
                0x08004a70                HAL_TIM_OC_DelayElapsedCallback
 .text.HAL_TIM_IC_CaptureCallback
                0x08004a82       0x12 ./Drivers/STM32F1xx_HAL_Driver/Src/stm32f1xx_hal_tim.o
                0x08004a82                HAL_TIM_IC_CaptureCallback
 .text.HAL_TIM_PWM_PulseFinishedCallback
                0x08004a94       0x12 ./Drivers/STM32F1xx_HAL_Driver/Src/stm32f1xx_hal_tim.o
                0x08004a94                HAL_TIM_PWM_PulseFinishedCallback
 .text.HAL_TIM_TriggerCallback
                0x08004aa6       0x12 ./Drivers/STM32F1xx_HAL_Driver/Src/stm32f1xx_hal_tim.o
                0x08004aa6                HAL_TIM_TriggerCallback
 .text.TIM_Base_SetConfig
                0x08004ab8       0xdc ./Drivers/STM32F1xx_HAL_Driver/Src/stm32f1xx_hal_tim.o
                0x08004ab8                TIM_Base_SetConfig
 .text.HAL_TIMEx_CommutCallback
                0x08004b94       0x12 ./Drivers/STM32F1xx_HAL_Driver/Src/stm32f1xx_hal_tim_ex.o
                0x08004b94                HAL_TIMEx_CommutCallback
 .text.HAL_TIMEx_BreakCallback
                0x08004ba6       0x12 ./Drivers/STM32F1xx_HAL_Driver/Src/stm32f1xx_hal_tim_ex.o
                0x08004ba6                HAL_TIMEx_BreakCallback
 .text.makeFreeRtosPriority
                0x08004bb8       0x2e ./Middlewares/Third_Party/FreeRTOS/Source/CMSIS_RTOS/cmsis_os.o
 .text.inHandlerMode
                0x08004be6       0x22 ./Middlewares/Third_Party/FreeRTOS/Source/CMSIS_RTOS/cmsis_os.o
 .text.osKernelStart
                0x08004c08        0xe ./Middlewares/Third_Party/FreeRTOS/Source/CMSIS_RTOS/cmsis_os.o
                0x08004c08                osKernelStart
 .text.osThreadCreate
                0x08004c16       0x98 ./Middlewares/Third_Party/FreeRTOS/Source/CMSIS_RTOS/cmsis_os.o
                0x08004c16                osThreadCreate
 .text.osDelay  0x08004cae       0x28 ./Middlewares/Third_Party/FreeRTOS/Source/CMSIS_RTOS/cmsis_os.o
                0x08004cae                osDelay
 .text.osMutexCreate
                0x08004cd6       0x30 ./Middlewares/Third_Party/FreeRTOS/Source/CMSIS_RTOS/cmsis_os.o
                0x08004cd6                osMutexCreate
 *fill*         0x08004d06        0x2 
 .text.osMutexWait
                0x08004d08       0x9c ./Middlewares/Third_Party/FreeRTOS/Source/CMSIS_RTOS/cmsis_os.o
                0x08004d08                osMutexWait
 .text.osMutexRelease
                0x08004da4       0x6c ./Middlewares/Third_Party/FreeRTOS/Source/CMSIS_RTOS/cmsis_os.o
                0x08004da4                osMutexRelease
 .text.osSemaphoreCreate
                0x08004e10       0x64 ./Middlewares/Third_Party/FreeRTOS/Source/CMSIS_RTOS/cmsis_os.o
                0x08004e10                osSemaphoreCreate
 .text.osSemaphoreWait
                0x08004e74       0x9c ./Middlewares/Third_Party/FreeRTOS/Source/CMSIS_RTOS/cmsis_os.o
                0x08004e74                osSemaphoreWait
 .text.osSemaphoreRelease
                0x08004f10       0x6c ./Middlewares/Third_Party/FreeRTOS/Source/CMSIS_RTOS/cmsis_os.o
                0x08004f10                osSemaphoreRelease
 .text.osMessageCreate
                0x08004f7c       0x50 ./Middlewares/Third_Party/FreeRTOS/Source/CMSIS_RTOS/cmsis_os.o
                0x08004f7c                osMessageCreate
 .text.osMessagePut
                0x08004fcc       0x80 ./Middlewares/Third_Party/FreeRTOS/Source/CMSIS_RTOS/cmsis_os.o
                0x08004fcc                osMessagePut
 .text.osMessageGet
                0x0800504c       0xe8 ./Middlewares/Third_Party/FreeRTOS/Source/CMSIS_RTOS/cmsis_os.o
                0x0800504c                osMessageGet
 .text.vListInitialise
                0x08005134       0x3e ./Middlewares/Third_Party/FreeRTOS/Source/list.o
                0x08005134                vListInitialise
 .text.vListInitialiseItem
                0x08005172       0x18 ./Middlewares/Third_Party/FreeRTOS/Source/list.o
                0x08005172                vListInitialiseItem
 .text.vListInsertEnd
                0x0800518a       0x46 ./Middlewares/Third_Party/FreeRTOS/Source/list.o
                0x0800518a                vListInsertEnd
 .text.vListInsert
                0x080051d0       0x70 ./Middlewares/Third_Party/FreeRTOS/Source/list.o
                0x080051d0                vListInsert
 .text.uxListRemove
                0x08005240       0x52 ./Middlewares/Third_Party/FreeRTOS/Source/list.o
                0x08005240                uxListRemove
 *fill*         0x08005292        0x2 
 .text.xQueueGenericReset
                0x08005294       0xd4 ./Middlewares/Third_Party/FreeRTOS/Source/queue.o
                0x08005294                xQueueGenericReset
 .text.xQueueGenericCreateStatic
                0x08005368       0xfa ./Middlewares/Third_Party/FreeRTOS/Source/queue.o
                0x08005368                xQueueGenericCreateStatic
 .text.xQueueGenericCreate
                0x08005462       0x76 ./Middlewares/Third_Party/FreeRTOS/Source/queue.o
                0x08005462                xQueueGenericCreate
 .text.prvInitialiseNewQueue
                0x080054d8       0x3e ./Middlewares/Third_Party/FreeRTOS/Source/queue.o
 .text.prvInitialiseMutex
                0x08005516       0x34 ./Middlewares/Third_Party/FreeRTOS/Source/queue.o
 .text.xQueueCreateMutex
                0x0800554a       0x30 ./Middlewares/Third_Party/FreeRTOS/Source/queue.o
                0x0800554a                xQueueCreateMutex
 .text.xQueueCreateMutexStatic
                0x0800557a       0x36 ./Middlewares/Third_Party/FreeRTOS/Source/queue.o
                0x0800557a                xQueueCreateMutexStatic
 .text.xQueueGenericSend
                0x080055b0      0x204 ./Middlewares/Third_Party/FreeRTOS/Source/queue.o
                0x080055b0                xQueueGenericSend
 .text.xQueueGenericSendFromISR
                0x080057b4      0x13c ./Middlewares/Third_Party/FreeRTOS/Source/queue.o
                0x080057b4                xQueueGenericSendFromISR
 .text.xQueueGiveFromISR
                0x080058f0      0x120 ./Middlewares/Third_Party/FreeRTOS/Source/queue.o
                0x080058f0                xQueueGiveFromISR
 .text.xQueueReceive
                0x08005a10      0x1c4 ./Middlewares/Third_Party/FreeRTOS/Source/queue.o
                0x08005a10                xQueueReceive
 .text.xQueueSemaphoreTake
                0x08005bd4      0x220 ./Middlewares/Third_Party/FreeRTOS/Source/queue.o
                0x08005bd4                xQueueSemaphoreTake
 .text.xQueueReceiveFromISR
                0x08005df4      0x104 ./Middlewares/Third_Party/FreeRTOS/Source/queue.o
                0x08005df4                xQueueReceiveFromISR
 .text.prvGetDisinheritPriorityAfterTimeout
                0x08005ef8       0x2e ./Middlewares/Third_Party/FreeRTOS/Source/queue.o
 .text.prvCopyDataToQueue
                0x08005f26       0xd4 ./Middlewares/Third_Party/FreeRTOS/Source/queue.o
 .text.prvCopyDataFromQueue
                0x08005ffa       0x4c ./Middlewares/Third_Party/FreeRTOS/Source/queue.o
 .text.prvUnlockQueue
                0x08006046       0xa4 ./Middlewares/Third_Party/FreeRTOS/Source/queue.o
 .text.prvIsQueueEmpty
                0x080060ea       0x2c ./Middlewares/Third_Party/FreeRTOS/Source/queue.o
 .text.prvIsQueueFull
                0x08006116       0x30 ./Middlewares/Third_Party/FreeRTOS/Source/queue.o
 .text.xTaskCreateStatic
                0x08006146       0xc0 ./Middlewares/Third_Party/FreeRTOS/Source/tasks.o
                0x08006146                xTaskCreateStatic
 .text.xTaskCreate
                0x08006206       0x8a ./Middlewares/Third_Party/FreeRTOS/Source/tasks.o
                0x08006206                xTaskCreate
 .text.prvInitialiseNewTask
                0x08006290      0x140 ./Middlewares/Third_Party/FreeRTOS/Source/tasks.o
 .text.prvAddNewTaskToReadyList
                0x080063d0       0xd4 ./Middlewares/Third_Party/FreeRTOS/Source/tasks.o
 .text.vTaskDelay
                0x080064a4       0x6c ./Middlewares/Third_Party/FreeRTOS/Source/tasks.o
                0x080064a4                vTaskDelay
 .text.vTaskStartScheduler
                0x08006510       0xd4 ./Middlewares/Third_Party/FreeRTOS/Source/tasks.o
                0x08006510                vTaskStartScheduler
 .text.vTaskSuspendAll
                0x080065e4       0x1c ./Middlewares/Third_Party/FreeRTOS/Source/tasks.o
                0x080065e4                vTaskSuspendAll
 .text.xTaskResumeAll
                0x08006600      0x13c ./Middlewares/Third_Party/FreeRTOS/Source/tasks.o
                0x08006600                xTaskResumeAll
 .text.xTaskIncrementTick
                0x0800673c      0x174 ./Middlewares/Third_Party/FreeRTOS/Source/tasks.o
                0x0800673c                xTaskIncrementTick
 .text.vTaskSwitchContext
                0x080068b0       0xc4 ./Middlewares/Third_Party/FreeRTOS/Source/tasks.o
                0x080068b0                vTaskSwitchContext
 .text.vTaskPlaceOnEventList
                0x08006974       0x4c ./Middlewares/Third_Party/FreeRTOS/Source/tasks.o
                0x08006974                vTaskPlaceOnEventList
 .text.xTaskRemoveFromEventList
                0x080069c0       0xc8 ./Middlewares/Third_Party/FreeRTOS/Source/tasks.o
                0x080069c0                xTaskRemoveFromEventList
 .text.vTaskInternalSetTimeOutState
                0x08006a88       0x2c ./Middlewares/Third_Party/FreeRTOS/Source/tasks.o
                0x08006a88                vTaskInternalSetTimeOutState
 .text.xTaskCheckForTimeOut
                0x08006ab4       0xc8 ./Middlewares/Third_Party/FreeRTOS/Source/tasks.o
                0x08006ab4                xTaskCheckForTimeOut
 .text.vTaskMissedYield
                0x08006b7c       0x18 ./Middlewares/Third_Party/FreeRTOS/Source/tasks.o
                0x08006b7c                vTaskMissedYield
 .text.prvIdleTask
                0x08006b94       0x30 ./Middlewares/Third_Party/FreeRTOS/Source/tasks.o
 .text.prvInitialiseTaskLists
                0x08006bc4       0x80 ./Middlewares/Third_Party/FreeRTOS/Source/tasks.o
 .text.prvCheckTasksWaitingTermination
                0x08006c44       0x5c ./Middlewares/Third_Party/FreeRTOS/Source/tasks.o
 .text.prvDeleteTCB
                0x08006ca0       0x6a ./Middlewares/Third_Party/FreeRTOS/Source/tasks.o
 *fill*         0x08006d0a        0x2 
 .text.prvResetNextTaskUnblockTime
                0x08006d0c       0x40 ./Middlewares/Third_Party/FreeRTOS/Source/tasks.o
 .text.xTaskGetSchedulerState
                0x08006d4c       0x3c ./Middlewares/Third_Party/FreeRTOS/Source/tasks.o
                0x08006d4c                xTaskGetSchedulerState
 .text.xTaskPriorityInherit
                0x08006d88       0xec ./Middlewares/Third_Party/FreeRTOS/Source/tasks.o
                0x08006d88                xTaskPriorityInherit
 .text.xTaskPriorityDisinherit
                0x08006e74      0x110 ./Middlewares/Third_Party/FreeRTOS/Source/tasks.o
                0x08006e74                xTaskPriorityDisinherit
 .text.vTaskPriorityDisinheritAfterTimeout
                0x08006f84      0x120 ./Middlewares/Third_Party/FreeRTOS/Source/tasks.o
                0x08006f84                vTaskPriorityDisinheritAfterTimeout
 .text.pvTaskIncrementMutexHeldCount
                0x080070a4       0x28 ./Middlewares/Third_Party/FreeRTOS/Source/tasks.o
                0x080070a4                pvTaskIncrementMutexHeldCount
 .text.prvAddCurrentTaskToDelayedList
                0x080070cc       0xcc ./Middlewares/Third_Party/FreeRTOS/Source/tasks.o
 .text.pxPortInitialiseStack
                0x08007198       0x58 ./Middlewares/Third_Party/FreeRTOS/Source/portable/GCC/ARM_CM3/port.o
                0x08007198                pxPortInitialiseStack
 .text.prvTaskExitError
                0x080071f0       0x58 ./Middlewares/Third_Party/FreeRTOS/Source/portable/GCC/ARM_CM3/port.o
 *fill*         0x08007248        0x8 
 .text.SVC_Handler
                0x08007250       0x28 ./Middlewares/Third_Party/FreeRTOS/Source/portable/GCC/ARM_CM3/port.o
                0x08007250                SVC_Handler
 .text.prvPortStartFirstTask
                0x08007278       0x20 ./Middlewares/Third_Party/FreeRTOS/Source/portable/GCC/ARM_CM3/port.o
 .text.xPortStartScheduler
                0x08007298       0xe4 ./Middlewares/Third_Party/FreeRTOS/Source/portable/GCC/ARM_CM3/port.o
                0x08007298                xPortStartScheduler
 .text.vPortEnterCritical
                0x0800737c       0x60 ./Middlewares/Third_Party/FreeRTOS/Source/portable/GCC/ARM_CM3/port.o
                0x0800737c                vPortEnterCritical
 .text.vPortExitCritical
                0x080073dc       0x54 ./Middlewares/Third_Party/FreeRTOS/Source/portable/GCC/ARM_CM3/port.o
                0x080073dc                vPortExitCritical
 .text.PendSV_Handler
                0x08007430       0x48 ./Middlewares/Third_Party/FreeRTOS/Source/portable/GCC/ARM_CM3/port.o
                0x08007430                PendSV_Handler
 .text.SysTick_Handler
                0x08007478       0x44 ./Middlewares/Third_Party/FreeRTOS/Source/portable/GCC/ARM_CM3/port.o
                0x08007478                SysTick_Handler
 .text.vPortSetupTimerInterrupt
                0x080074bc       0x44 ./Middlewares/Third_Party/FreeRTOS/Source/portable/GCC/ARM_CM3/port.o
                0x080074bc                vPortSetupTimerInterrupt
 .text.vPortValidateInterruptPriority
                0x08007500       0x80 ./Middlewares/Third_Party/FreeRTOS/Source/portable/GCC/ARM_CM3/port.o
                0x08007500                vPortValidateInterruptPriority
 .text.pvPortMalloc
                0x08007580      0x19c ./Middlewares/Third_Party/FreeRTOS/Source/portable/MemMang/heap_4.o
                0x08007580                pvPortMalloc
 .text.vPortFree
                0x0800771c       0xc8 ./Middlewares/Third_Party/FreeRTOS/Source/portable/MemMang/heap_4.o
                0x0800771c                vPortFree
 .text.prvHeapInit
                0x080077e4       0xc4 ./Middlewares/Third_Party/FreeRTOS/Source/portable/MemMang/heap_4.o
 .text.prvInsertBlockIntoFreeList
                0x080078a8       0xb0 ./Middlewares/Third_Party/FreeRTOS/Source/portable/MemMang/heap_4.o
 .text.memcmp   0x08007958       0x20 C:/ST/STM32CubeIDE_1.19.0/STM32CubeIDE/plugins/com.st.stm32cube.ide.mcu.externaltools.gnu-tools-for-stm32.13.3.rel1.win32_1.0.0.202411081344/tools/bin/../lib/gcc/arm-none-eabi/13.3.1/../../../../arm-none-eabi/lib/thumb/v7-m/nofp\libc_nano.a(libc_a-memcmp.o)
                0x08007958                memcmp
 .text.memset   0x08007978       0x10 C:/ST/STM32CubeIDE_1.19.0/STM32CubeIDE/plugins/com.st.stm32cube.ide.mcu.externaltools.gnu-tools-for-stm32.13.3.rel1.win32_1.0.0.202411081344/tools/bin/../lib/gcc/arm-none-eabi/13.3.1/../../../../arm-none-eabi/lib/thumb/v7-m/nofp\libc_nano.a(libc_a-memset.o)
                0x08007978                memset
 .text._reclaim_reent
                0x08007988       0xbc C:/ST/STM32CubeIDE_1.19.0/STM32CubeIDE/plugins/com.st.stm32cube.ide.mcu.externaltools.gnu-tools-for-stm32.13.3.rel1.win32_1.0.0.202411081344/tools/bin/../lib/gcc/arm-none-eabi/13.3.1/../../../../arm-none-eabi/lib/thumb/v7-m/nofp\libc_nano.a(libc_a-reent.o)
                0x08007988                _reclaim_reent
 .text.__libc_init_array
                0x08007a44       0x48 C:/ST/STM32CubeIDE_1.19.0/STM32CubeIDE/plugins/com.st.stm32cube.ide.mcu.externaltools.gnu-tools-for-stm32.13.3.rel1.win32_1.0.0.202411081344/tools/bin/../lib/gcc/arm-none-eabi/13.3.1/../../../../arm-none-eabi/lib/thumb/v7-m/nofp\libc_nano.a(libc_a-init.o)
                0x08007a44                __libc_init_array
 .text.__retarget_lock_acquire_recursive
                0x08007a8c        0x2 C:/ST/STM32CubeIDE_1.19.0/STM32CubeIDE/plugins/com.st.stm32cube.ide.mcu.externaltools.gnu-tools-for-stm32.13.3.rel1.win32_1.0.0.202411081344/tools/bin/../lib/gcc/arm-none-eabi/13.3.1/../../../../arm-none-eabi/lib/thumb/v7-m/nofp\libc_nano.a(libc_a-lock.o)
                0x08007a8c                __retarget_lock_acquire_recursive
 .text.__retarget_lock_release_recursive
                0x08007a8e        0x2 C:/ST/STM32CubeIDE_1.19.0/STM32CubeIDE/plugins/com.st.stm32cube.ide.mcu.externaltools.gnu-tools-for-stm32.13.3.rel1.win32_1.0.0.202411081344/tools/bin/../lib/gcc/arm-none-eabi/13.3.1/../../../../arm-none-eabi/lib/thumb/v7-m/nofp\libc_nano.a(libc_a-lock.o)
                0x08007a8e                __retarget_lock_release_recursive
 .text.memcpy   0x08007a90       0x1c C:/ST/STM32CubeIDE_1.19.0/STM32CubeIDE/plugins/com.st.stm32cube.ide.mcu.externaltools.gnu-tools-for-stm32.13.3.rel1.win32_1.0.0.202411081344/tools/bin/../lib/gcc/arm-none-eabi/13.3.1/../../../../arm-none-eabi/lib/thumb/v7-m/nofp\libc_nano.a(libc_a-memcpy-stub.o)
                0x08007a90                memcpy
 .text._free_r  0x08007aac       0x90 C:/ST/STM32CubeIDE_1.19.0/STM32CubeIDE/plugins/com.st.stm32cube.ide.mcu.externaltools.gnu-tools-for-stm32.13.3.rel1.win32_1.0.0.202411081344/tools/bin/../lib/gcc/arm-none-eabi/13.3.1/../../../../arm-none-eabi/lib/thumb/v7-m/nofp\libc_nano.a(libc_a-freer.o)
                0x08007aac                _free_r
 .text.__malloc_lock
                0x08007b3c        0xc C:/ST/STM32CubeIDE_1.19.0/STM32CubeIDE/plugins/com.st.stm32cube.ide.mcu.externaltools.gnu-tools-for-stm32.13.3.rel1.win32_1.0.0.202411081344/tools/bin/../lib/gcc/arm-none-eabi/13.3.1/../../../../arm-none-eabi/lib/thumb/v7-m/nofp\libc_nano.a(libc_a-mlock.o)
                0x08007b3c                __malloc_lock
 .text.__malloc_unlock
                0x08007b48        0xc C:/ST/STM32CubeIDE_1.19.0/STM32CubeIDE/plugins/com.st.stm32cube.ide.mcu.externaltools.gnu-tools-for-stm32.13.3.rel1.win32_1.0.0.202411081344/tools/bin/../lib/gcc/arm-none-eabi/13.3.1/../../../../arm-none-eabi/lib/thumb/v7-m/nofp\libc_nano.a(libc_a-mlock.o)
                0x08007b48                __malloc_unlock
 *(.glue_7)
 .glue_7        0x08007b54        0x0 linker stubs
 *(.glue_7t)
 .glue_7t       0x08007b54        0x0 linker stubs
 *(.eh_frame)
 .eh_frame      0x08007b54        0x0 C:/ST/STM32CubeIDE_1.19.0/STM32CubeIDE/plugins/com.st.stm32cube.ide.mcu.externaltools.gnu-tools-for-stm32.13.3.rel1.win32_1.0.0.202411081344/tools/bin/../lib/gcc/arm-none-eabi/13.3.1/thumb/v7-m/nofp/crtbegin.o
 *(.init)
 .init          0x08007b54        0x4 C:/ST/STM32CubeIDE_1.19.0/STM32CubeIDE/plugins/com.st.stm32cube.ide.mcu.externaltools.gnu-tools-for-stm32.13.3.rel1.win32_1.0.0.202411081344/tools/bin/../lib/gcc/arm-none-eabi/13.3.1/thumb/v7-m/nofp/crti.o
                0x08007b54                _init
 .init          0x08007b58        0x8 C:/ST/STM32CubeIDE_1.19.0/STM32CubeIDE/plugins/com.st.stm32cube.ide.mcu.externaltools.gnu-tools-for-stm32.13.3.rel1.win32_1.0.0.202411081344/tools/bin/../lib/gcc/arm-none-eabi/13.3.1/thumb/v7-m/nofp/crtn.o
 *(.fini)
 .fini          0x08007b60        0x4 C:/ST/STM32CubeIDE_1.19.0/STM32CubeIDE/plugins/com.st.stm32cube.ide.mcu.externaltools.gnu-tools-for-stm32.13.3.rel1.win32_1.0.0.202411081344/tools/bin/../lib/gcc/arm-none-eabi/13.3.1/thumb/v7-m/nofp/crti.o
                0x08007b60                _fini
 .fini          0x08007b64        0x8 C:/ST/STM32CubeIDE_1.19.0/STM32CubeIDE/plugins/com.st.stm32cube.ide.mcu.externaltools.gnu-tools-for-stm32.13.3.rel1.win32_1.0.0.202411081344/tools/bin/../lib/gcc/arm-none-eabi/13.3.1/thumb/v7-m/nofp/crtn.o
                0x08007b6c                        . = ALIGN (0x4)
                0x08007b6c                        _etext = .

.vfp11_veneer   0x08007b6c        0x0
 .vfp11_veneer  0x08007b6c        0x0 linker stubs

.v4_bx          0x08007b6c        0x0
 .v4_bx         0x08007b6c        0x0 linker stubs

.iplt           0x08007b6c        0x0
 .iplt          0x08007b6c        0x0 C:/ST/STM32CubeIDE_1.19.0/STM32CubeIDE/plugins/com.st.stm32cube.ide.mcu.externaltools.gnu-tools-for-stm32.13.3.rel1.win32_1.0.0.202411081344/tools/bin/../lib/gcc/arm-none-eabi/13.3.1/thumb/v7-m/nofp/crtbegin.o

.rodata         0x08007b6c      0x1c4
                0x08007b6c                        . = ALIGN (0x4)
 *(.rodata)
 .rodata        0x08007b6c      0x168 ./Core/Src/main.o
 .rodata        0x08007cd4        0x5 ./Middlewares/Third_Party/FreeRTOS/Source/tasks.o
 *(.rodata*)
 *fill*         0x08007cd9        0x3 
 .rodata.key_table
                0x08007cdc       0x28 ./Core/Src/main.o
                0x08007cdc                key_table
 .rodata.AHBPrescTable
                0x08007d04       0x10 ./Core/Src/system_stm32f1xx.o
                0x08007d04                AHBPrescTable
 .rodata.APBPrescTable
                0x08007d14        0x8 ./Core/Src/system_stm32f1xx.o
                0x08007d14                APBPrescTable
 .rodata.aPLLMULFactorTable.1
                0x08007d1c       0x10 ./Drivers/STM32F1xx_HAL_Driver/Src/stm32f1xx_hal_rcc.o
 .rodata.aPredivFactorTable.0
                0x08007d2c        0x2 ./Drivers/STM32F1xx_HAL_Driver/Src/stm32f1xx_hal_rcc.o
                0x08007d30                        . = ALIGN (0x4)
 *fill*         0x08007d2e        0x2 

.ARM.extab      0x08007d30        0x0
                0x08007d30                        . = ALIGN (0x4)
 *(.ARM.extab* .gnu.linkonce.armextab.*)
                0x08007d30                        . = ALIGN (0x4)

.ARM            0x08007d30        0x0
                0x08007d30                        . = ALIGN (0x4)
                0x08007d30                        __exidx_start = .
 *(.ARM.exidx*)
                0x08007d30                        __exidx_end = .
                0x08007d30                        . = ALIGN (0x4)

.preinit_array  0x08007d30        0x0
                0x08007d30                        . = ALIGN (0x4)
                0x08007d30                        PROVIDE (__preinit_array_start = .)
 *(.preinit_array*)
                0x08007d30                        PROVIDE (__preinit_array_end = .)
                0x08007d30                        . = ALIGN (0x4)

.init_array     0x08007d30        0x4
                0x08007d30                        . = ALIGN (0x4)
                0x08007d30                        PROVIDE (__init_array_start = .)
 *(SORT_BY_NAME(.init_array.*))
 *(.init_array*)
 .init_array    0x08007d30        0x4 C:/ST/STM32CubeIDE_1.19.0/STM32CubeIDE/plugins/com.st.stm32cube.ide.mcu.externaltools.gnu-tools-for-stm32.13.3.rel1.win32_1.0.0.202411081344/tools/bin/../lib/gcc/arm-none-eabi/13.3.1/thumb/v7-m/nofp/crtbegin.o
                0x08007d34                        PROVIDE (__init_array_end = .)
                0x08007d34                        . = ALIGN (0x4)

.fini_array     0x08007d34        0x4
                0x08007d34                        . = ALIGN (0x4)
                [!provide]                        PROVIDE (__fini_array_start = .)
 *(SORT_BY_NAME(.fini_array.*))
 *(.fini_array*)
 .fini_array    0x08007d34        0x4 C:/ST/STM32CubeIDE_1.19.0/STM32CubeIDE/plugins/com.st.stm32cube.ide.mcu.externaltools.gnu-tools-for-stm32.13.3.rel1.win32_1.0.0.202411081344/tools/bin/../lib/gcc/arm-none-eabi/13.3.1/thumb/v7-m/nofp/crtbegin.o
                [!provide]                        PROVIDE (__fini_array_end = .)
                0x08007d38                        . = ALIGN (0x4)
                0x08007d38                        _sidata = LOADADDR (.data)

.rel.dyn        0x08007d38        0x0
 .rel.iplt      0x08007d38        0x0 C:/ST/STM32CubeIDE_1.19.0/STM32CubeIDE/plugins/com.st.stm32cube.ide.mcu.externaltools.gnu-tools-for-stm32.13.3.rel1.win32_1.0.0.202411081344/tools/bin/../lib/gcc/arm-none-eabi/13.3.1/thumb/v7-m/nofp/crtbegin.o

.data           0x20000000       0x98 load address 0x08007d38
                0x20000000                        . = ALIGN (0x4)
                0x20000000                        _sdata = .
 *(.data)
 *(.data*)
 .data.dev1     0x20000000       0x14 ./Core/Src/enc28j60_driver.o
                0x20000000                dev1
 .data.dev2     0x20000014       0x14 ./Core/Src/enc28j60_driver.o
                0x20000014                dev2
 .data.mac1_addr
                0x20000028        0x6 ./Core/Src/main.o
                0x20000028                mac1_addr
 *fill*         0x2000002e        0x2 
 .data.mac2_addr
                0x20000030        0x6 ./Core/Src/main.o
                0x20000030                mac2_addr
 *fill*         0x20000036        0x2 
 .data.SystemCoreClock
                0x20000038        0x4 ./Core/Src/system_stm32f1xx.o
                0x20000038                SystemCoreClock
 .data.uwTickPrio
                0x2000003c        0x4 ./Drivers/STM32F1xx_HAL_Driver/Src/stm32f1xx_hal.o
                0x2000003c                uwTickPrio
 .data.uwTickFreq
                0x20000040        0x1 ./Drivers/STM32F1xx_HAL_Driver/Src/stm32f1xx_hal.o
                0x20000040                uwTickFreq
 *fill*         0x20000041        0x3 
 .data.uxCriticalNesting
                0x20000044        0x4 ./Middlewares/Third_Party/FreeRTOS/Source/portable/GCC/ARM_CM3/port.o
 .data._impure_ptr
                0x20000048        0x4 C:/ST/STM32CubeIDE_1.19.0/STM32CubeIDE/plugins/com.st.stm32cube.ide.mcu.externaltools.gnu-tools-for-stm32.13.3.rel1.win32_1.0.0.202411081344/tools/bin/../lib/gcc/arm-none-eabi/13.3.1/../../../../arm-none-eabi/lib/thumb/v7-m/nofp\libc_nano.a(libc_a-impure.o)
                0x20000048                _impure_ptr
 .data._impure_data
                0x2000004c       0x4c C:/ST/STM32CubeIDE_1.19.0/STM32CubeIDE/plugins/com.st.stm32cube.ide.mcu.externaltools.gnu-tools-for-stm32.13.3.rel1.win32_1.0.0.202411081344/tools/bin/../lib/gcc/arm-none-eabi/13.3.1/../../../../arm-none-eabi/lib/thumb/v7-m/nofp\libc_nano.a(libc_a-impure.o)
                0x2000004c                _impure_data
 *(.RamFunc)
 *(.RamFunc*)
                0x20000098                        . = ALIGN (0x4)
                0x20000098                        _edata = .

.igot.plt       0x20000098        0x0 load address 0x08007dd0
 .igot.plt      0x20000098        0x0 C:/ST/STM32CubeIDE_1.19.0/STM32CubeIDE/plugins/com.st.stm32cube.ide.mcu.externaltools.gnu-tools-for-stm32.13.3.rel1.win32_1.0.0.202411081344/tools/bin/../lib/gcc/arm-none-eabi/13.3.1/thumb/v7-m/nofp/crtbegin.o
                0x20000098                        . = ALIGN (0x4)

.bss            0x20000098     0x455c load address 0x08007dd0
                0x20000098                        _sbss = .
                0x20000098                        __bss_start__ = _sbss
 *(.bss)
 .bss           0x20000098       0x1c C:/ST/STM32CubeIDE_1.19.0/STM32CubeIDE/plugins/com.st.stm32cube.ide.mcu.externaltools.gnu-tools-for-stm32.13.3.rel1.win32_1.0.0.202411081344/tools/bin/../lib/gcc/arm-none-eabi/13.3.1/thumb/v7-m/nofp/crtbegin.o
 *(.bss*)
 .bss.pool_buffers
                0x200000b4     0x1824 ./Core/Src/buffer_pool.o
 .bss.pool_status
                0x200018d8        0xa ./Core/Src/buffer_pool.o
 *fill*         0x200018e2        0x2 
 .bss.dummy_tx  0x200018e4      0x256 ./Core/Src/enc28j60_driver.o
 *fill*         0x20001b3a        0x2 
 .bss.xIdleTaskTCBBuffer
                0x20001b3c       0xb0 ./Core/Src/freertos.o
 .bss.xIdleStack
                0x20001bec      0x200 ./Core/Src/freertos.o
 .bss.hspi1     0x20001dec       0x58 ./Core/Src/main.o
                0x20001dec                hspi1
 .bss.hspi2     0x20001e44       0x58 ./Core/Src/main.o
                0x20001e44                hspi2
 .bss.hdma_spi1_rx
                0x20001e9c       0x44 ./Core/Src/main.o
                0x20001e9c                hdma_spi1_rx
 .bss.hdma_spi1_tx
                0x20001ee0       0x44 ./Core/Src/main.o
                0x20001ee0                hdma_spi1_tx
 .bss.hdma_spi2_rx
                0x20001f24       0x44 ./Core/Src/main.o
                0x20001f24                hdma_spi2_rx
 .bss.hdma_spi2_tx
                0x20001f68       0x44 ./Core/Src/main.o
                0x20001f68                hdma_spi2_tx
 .bss.defaultTaskHandle
                0x20001fac        0x4 ./Core/Src/main.o
                0x20001fac                defaultTaskHandle
 .bss.vRX_SPI1_TaskHandle
                0x20001fb0        0x4 ./Core/Src/main.o
                0x20001fb0                vRX_SPI1_TaskHandle
 .bss.vRX_SPI1_TaskBuffer
                0x20001fb4      0x400 ./Core/Src/main.o
                0x20001fb4                vRX_SPI1_TaskBuffer
 .bss.vRX_SPI1_TaskControlBlock
                0x200023b4       0xb0 ./Core/Src/main.o
                0x200023b4                vRX_SPI1_TaskControlBlock
 .bss.vRX_SPI2_TaskHandle
                0x20002464        0x4 ./Core/Src/main.o
                0x20002464                vRX_SPI2_TaskHandle
 .bss.vRX_SPI2_TaskBuffer
                0x20002468      0x400 ./Core/Src/main.o
                0x20002468                vRX_SPI2_TaskBuffer
 .bss.vRX_SPI2_TaskControlBlock
                0x20002868       0xb0 ./Core/Src/main.o
                0x20002868                vRX_SPI2_TaskControlBlock
 .bss.vTX_SPI1_TaskHandle
                0x20002918        0x4 ./Core/Src/main.o
                0x20002918                vTX_SPI1_TaskHandle
 .bss.vTX_TaskBuffer
                0x2000291c      0x400 ./Core/Src/main.o
                0x2000291c                vTX_TaskBuffer
 .bss.vTX_TaskControlBlock
                0x20002d1c       0xb0 ./Core/Src/main.o
                0x20002d1c                vTX_TaskControlBlock
 .bss.vPacket_Processing_TaskHandle
                0x20002dcc        0x4 ./Core/Src/main.o
                0x20002dcc                vPacket_Processing_TaskHandle
 .bss.vPacket_Processing_TaskBuffer
                0x20002dd0      0x800 ./Core/Src/main.o
                0x20002dd0                vPacket_Processing_TaskBuffer
 .bss.vPacket_Processing_TaskControlBlock
                0x200035d0       0xb0 ./Core/Src/main.o
                0x200035d0                vPacket_Processing_TaskControlBlock
 .bss.vHearbeat_TaskHandle
                0x20003680        0x4 ./Core/Src/main.o
                0x20003680                vHearbeat_TaskHandle
 .bss.vHearbeat_TaskBuffer
                0x20003684      0x200 ./Core/Src/main.o
                0x20003684                vHearbeat_TaskBuffer
 .bss.vHearbeat_TaskControlBlock
                0x20003884       0xb0 ./Core/Src/main.o
                0x20003884                vHearbeat_TaskControlBlock
 .bss.vTX_SPI2_TaskHandle
                0x20003934        0x4 ./Core/Src/main.o
                0x20003934                vTX_SPI2_TaskHandle
 .bss.vTX_SPI2_TaskBuffer
                0x20003938      0x400 ./Core/Src/main.o
                0x20003938                vTX_SPI2_TaskBuffer
 .bss.vTX_SPI2_TaskControlBlock
                0x20003d38       0xb0 ./Core/Src/main.o
                0x20003d38                vTX_SPI2_TaskControlBlock
 .bss.xRX_QueueHandle
                0x20003de8        0x4 ./Core/Src/main.o
                0x20003de8                xRX_QueueHandle
 .bss.xRX_QueueBuffer
                0x20003dec       0x18 ./Core/Src/main.o
                0x20003dec                xRX_QueueBuffer
 .bss.xRX_QueueControlBlock
                0x20003e04       0x48 ./Core/Src/main.o
                0x20003e04                xRX_QueueControlBlock
 .bss.xTX_SPI1_QueueHandle
                0x20003e4c        0x4 ./Core/Src/main.o
                0x20003e4c                xTX_SPI1_QueueHandle
 .bss.xTX_SPI1_QueueBuffer
                0x20003e50        0x8 ./Core/Src/main.o
                0x20003e50                xTX_SPI1_QueueBuffer
 .bss.xTX_SPI1_QueueControlBlock
                0x20003e58       0x48 ./Core/Src/main.o
                0x20003e58                xTX_SPI1_QueueControlBlock
 .bss.xTX_SPI2_QueueHandle
                0x20003ea0        0x4 ./Core/Src/main.o
                0x20003ea0                xTX_SPI2_QueueHandle
 .bss.xTX_SPI2_QueueBuffer
                0x20003ea4        0x8 ./Core/Src/main.o
                0x20003ea4                xTX_SPI2_QueueBuffer
 .bss.xTX_SPI2_QueueControlBlock
                0x20003eac       0x48 ./Core/Src/main.o
                0x20003eac                xTX_SPI2_QueueControlBlock
 .bss.xSem_DMA_SPI1_Done
                0x20003ef4        0x4 ./Core/Src/main.o
                0x20003ef4                xSem_DMA_SPI1_Done
 .bss.xSem_DMA_SPI2_Done
                0x20003ef8        0x4 ./Core/Src/main.o
                0x20003ef8                xSem_DMA_SPI2_Done
 .bss.xSem_INT_SPI1
                0x20003efc        0x4 ./Core/Src/main.o
                0x20003efc                xSem_INT_SPI1
 .bss.xSem_INT_SPI2
                0x20003f00        0x4 ./Core/Src/main.o
                0x20003f00                xSem_INT_SPI2
 .bss.dev1_mutex
                0x20003f04        0x4 ./Core/Src/main.o
                0x20003f04                dev1_mutex
 .bss.dev2_mutex
                0x20003f08        0x4 ./Core/Src/main.o
                0x20003f08                dev2_mutex
 .bss.pool_mutex
                0x20003f0c        0x4 ./Core/Src/main.o
                0x20003f0c                pool_mutex
 .bss.is_init_done
                0x20003f10        0x1 ./Core/Src/main.o
                0x20003f10                is_init_done
 .bss.link_down_count_dev1
                0x20003f11        0x1 ./Core/Src/main.o
                0x20003f11                link_down_count_dev1
 .bss.link_down_count_dev2
                0x20003f12        0x1 ./Core/Src/main.o
                0x20003f12                link_down_count_dev2
 *fill*         0x20003f13        0x1 
 .bss.htim4     0x20003f14       0x48 ./Core/Src/stm32f1xx_hal_timebase_tim.o
                0x20003f14                htim4
 .bss.uwTick    0x20003f5c        0x4 ./Drivers/STM32F1xx_HAL_Driver/Src/stm32f1xx_hal.o
                0x20003f5c                uwTick
 .bss.pxCurrentTCB
                0x20003f60        0x4 ./Middlewares/Third_Party/FreeRTOS/Source/tasks.o
                0x20003f60                pxCurrentTCB
 .bss.pxReadyTasksLists
                0x20003f64       0x8c ./Middlewares/Third_Party/FreeRTOS/Source/tasks.o
 .bss.xDelayedTaskList1
                0x20003ff0       0x14 ./Middlewares/Third_Party/FreeRTOS/Source/tasks.o
 .bss.xDelayedTaskList2
                0x20004004       0x14 ./Middlewares/Third_Party/FreeRTOS/Source/tasks.o
 .bss.pxDelayedTaskList
                0x20004018        0x4 ./Middlewares/Third_Party/FreeRTOS/Source/tasks.o
 .bss.pxOverflowDelayedTaskList
                0x2000401c        0x4 ./Middlewares/Third_Party/FreeRTOS/Source/tasks.o
 .bss.xPendingReadyList
                0x20004020       0x14 ./Middlewares/Third_Party/FreeRTOS/Source/tasks.o
 .bss.xTasksWaitingTermination
                0x20004034       0x14 ./Middlewares/Third_Party/FreeRTOS/Source/tasks.o
 .bss.uxDeletedTasksWaitingCleanUp
                0x20004048        0x4 ./Middlewares/Third_Party/FreeRTOS/Source/tasks.o
 .bss.xSuspendedTaskList
                0x2000404c       0x14 ./Middlewares/Third_Party/FreeRTOS/Source/tasks.o
 .bss.uxCurrentNumberOfTasks
                0x20004060        0x4 ./Middlewares/Third_Party/FreeRTOS/Source/tasks.o
 .bss.xTickCount
                0x20004064        0x4 ./Middlewares/Third_Party/FreeRTOS/Source/tasks.o
 .bss.uxTopReadyPriority
                0x20004068        0x4 ./Middlewares/Third_Party/FreeRTOS/Source/tasks.o
 .bss.xSchedulerRunning
                0x2000406c        0x4 ./Middlewares/Third_Party/FreeRTOS/Source/tasks.o
 .bss.xPendedTicks
                0x20004070        0x4 ./Middlewares/Third_Party/FreeRTOS/Source/tasks.o
 .bss.xYieldPending
                0x20004074        0x4 ./Middlewares/Third_Party/FreeRTOS/Source/tasks.o
 .bss.xNumOfOverflows
                0x20004078        0x4 ./Middlewares/Third_Party/FreeRTOS/Source/tasks.o
 .bss.uxTaskNumber
                0x2000407c        0x4 ./Middlewares/Third_Party/FreeRTOS/Source/tasks.o
 .bss.xNextTaskUnblockTime
                0x20004080        0x4 ./Middlewares/Third_Party/FreeRTOS/Source/tasks.o
 .bss.xIdleTaskHandle
                0x20004084        0x4 ./Middlewares/Third_Party/FreeRTOS/Source/tasks.o
 .bss.uxSchedulerSuspended
                0x20004088        0x4 ./Middlewares/Third_Party/FreeRTOS/Source/tasks.o
 .bss.ucMaxSysCallPriority
                0x2000408c        0x1 ./Middlewares/Third_Party/FreeRTOS/Source/portable/GCC/ARM_CM3/port.o
 *fill*         0x2000408d        0x3 
 .bss.ulMaxPRIGROUPValue
                0x20004090        0x4 ./Middlewares/Third_Party/FreeRTOS/Source/portable/GCC/ARM_CM3/port.o
 .bss.ucHeap    0x20004094      0x400 ./Middlewares/Third_Party/FreeRTOS/Source/portable/MemMang/heap_4.o
 .bss.xStart    0x20004494        0x8 ./Middlewares/Third_Party/FreeRTOS/Source/portable/MemMang/heap_4.o
 .bss.pxEnd     0x2000449c        0x4 ./Middlewares/Third_Party/FreeRTOS/Source/portable/MemMang/heap_4.o
 .bss.xFreeBytesRemaining
                0x200044a0        0x4 ./Middlewares/Third_Party/FreeRTOS/Source/portable/MemMang/heap_4.o
 .bss.xMinimumEverFreeBytesRemaining
                0x200044a4        0x4 ./Middlewares/Third_Party/FreeRTOS/Source/portable/MemMang/heap_4.o
 .bss.xNumberOfSuccessfulAllocations
                0x200044a8        0x4 ./Middlewares/Third_Party/FreeRTOS/Source/portable/MemMang/heap_4.o
 .bss.xNumberOfSuccessfulFrees
                0x200044ac        0x4 ./Middlewares/Third_Party/FreeRTOS/Source/portable/MemMang/heap_4.o
 .bss.xBlockAllocatedBit
                0x200044b0        0x4 ./Middlewares/Third_Party/FreeRTOS/Source/portable/MemMang/heap_4.o
 .bss.__sf      0x200044b4      0x138 C:/ST/STM32CubeIDE_1.19.0/STM32CubeIDE/plugins/com.st.stm32cube.ide.mcu.externaltools.gnu-tools-for-stm32.13.3.rel1.win32_1.0.0.202411081344/tools/bin/../lib/gcc/arm-none-eabi/13.3.1/../../../../arm-none-eabi/lib/thumb/v7-m/nofp\libc_nano.a(libc_a-findfp.o)
                0x200044b4                __sf
 .bss.__lock___malloc_recursive_mutex
                0x200045ec        0x1 C:/ST/STM32CubeIDE_1.19.0/STM32CubeIDE/plugins/com.st.stm32cube.ide.mcu.externaltools.gnu-tools-for-stm32.13.3.rel1.win32_1.0.0.202411081344/tools/bin/../lib/gcc/arm-none-eabi/13.3.1/../../../../arm-none-eabi/lib/thumb/v7-m/nofp\libc_nano.a(libc_a-lock.o)
                0x200045ec                __lock___malloc_recursive_mutex
 *fill*         0x200045ed        0x3 
 .bss.__malloc_free_list
                0x200045f0        0x4 C:/ST/STM32CubeIDE_1.19.0/STM32CubeIDE/plugins/com.st.stm32cube.ide.mcu.externaltools.gnu-tools-for-stm32.13.3.rel1.win32_1.0.0.202411081344/tools/bin/../lib/gcc/arm-none-eabi/13.3.1/../../../../arm-none-eabi/lib/thumb/v7-m/nofp\libc_nano.a(libc_a-mallocr.o)
                0x200045f0                __malloc_free_list
 *(COMMON)
                0x200045f4                        . = ALIGN (0x4)
                0x200045f4                        _ebss = .
                0x200045f4                        __bss_end__ = _ebss

._user_heap_stack
                0x200045f4      0x604 load address 0x08007dd0
                0x200045f8                        . = ALIGN (0x8)
 *fill*         0x200045f4        0x4 
                [!provide]                        PROVIDE (end = .)
                0x200045f8                        PROVIDE (_end = .)
                0x200047f8                        . = (. + _Min_Heap_Size)
 *fill*         0x200045f8      0x200 
                0x20004bf8                        . = (. + _Min_Stack_Size)
 *fill*         0x200047f8      0x400 
                0x20004bf8                        . = ALIGN (0x8)

/DISCARD/
 libc.a(*)
 libm.a(*)
 libgcc.a(*)

.ARM.attributes
                0x00000000       0x29
 *(.ARM.attributes)
 .ARM.attributes
                0x00000000       0x1d C:/ST/STM32CubeIDE_1.19.0/STM32CubeIDE/plugins/com.st.stm32cube.ide.mcu.externaltools.gnu-tools-for-stm32.13.3.rel1.win32_1.0.0.202411081344/tools/bin/../lib/gcc/arm-none-eabi/13.3.1/thumb/v7-m/nofp/crti.o
 .ARM.attributes
                0x0000001d       0x2d C:/ST/STM32CubeIDE_1.19.0/STM32CubeIDE/plugins/com.st.stm32cube.ide.mcu.externaltools.gnu-tools-for-stm32.13.3.rel1.win32_1.0.0.202411081344/tools/bin/../lib/gcc/arm-none-eabi/13.3.1/thumb/v7-m/nofp/crtbegin.o
 .ARM.attributes
                0x0000004a       0x2d ./Core/Src/buffer_pool.o
 .ARM.attributes
                0x00000077       0x2d ./Core/Src/enc28j60_driver.o
 .ARM.attributes
                0x000000a4       0x2d ./Core/Src/freertos.o
 .ARM.attributes
                0x000000d1       0x2d ./Core/Src/main.o
 .ARM.attributes
                0x000000fe       0x2d ./Core/Src/stm32f1xx_hal_msp.o
 .ARM.attributes
                0x0000012b       0x2d ./Core/Src/stm32f1xx_hal_timebase_tim.o
 .ARM.attributes
                0x00000158       0x2d ./Core/Src/stm32f1xx_it.o
 .ARM.attributes
                0x00000185       0x2d ./Core/Src/system_stm32f1xx.o
 .ARM.attributes
                0x000001b2       0x21 ./Core/Startup/startup_stm32f103c8tx.o
 .ARM.attributes
                0x000001d3       0x2d ./Drivers/STM32F1xx_HAL_Driver/Src/stm32f1xx_hal.o
 .ARM.attributes
                0x00000200       0x2d ./Drivers/STM32F1xx_HAL_Driver/Src/stm32f1xx_hal_cortex.o
 .ARM.attributes
                0x0000022d       0x2d ./Drivers/STM32F1xx_HAL_Driver/Src/stm32f1xx_hal_dma.o
 .ARM.attributes
                0x0000025a       0x2d ./Drivers/STM32F1xx_HAL_Driver/Src/stm32f1xx_hal_gpio.o
 .ARM.attributes
                0x00000287       0x2d ./Drivers/STM32F1xx_HAL_Driver/Src/stm32f1xx_hal_rcc.o
 .ARM.attributes
                0x000002b4       0x2d ./Drivers/STM32F1xx_HAL_Driver/Src/stm32f1xx_hal_spi.o
 .ARM.attributes
                0x000002e1       0x2d ./Drivers/STM32F1xx_HAL_Driver/Src/stm32f1xx_hal_tim.o
 .ARM.attributes
                0x0000030e       0x2d ./Drivers/STM32F1xx_HAL_Driver/Src/stm32f1xx_hal_tim_ex.o
 .ARM.attributes
                0x0000033b       0x2d ./Middlewares/Third_Party/FreeRTOS/Source/CMSIS_RTOS/cmsis_os.o
 .ARM.attributes
                0x00000368       0x2d ./Middlewares/Third_Party/FreeRTOS/Source/list.o
 .ARM.attributes
                0x00000395       0x2d ./Middlewares/Third_Party/FreeRTOS/Source/queue.o
 .ARM.attributes
                0x000003c2       0x2d ./Middlewares/Third_Party/FreeRTOS/Source/tasks.o
 .ARM.attributes
                0x000003ef       0x2d ./Middlewares/Third_Party/FreeRTOS/Source/portable/GCC/ARM_CM3/port.o
 .ARM.attributes
                0x0000041c       0x2d ./Middlewares/Third_Party/FreeRTOS/Source/portable/MemMang/heap_4.o
 .ARM.attributes
                0x00000449       0x2d C:/ST/STM32CubeIDE_1.19.0/STM32CubeIDE/plugins/com.st.stm32cube.ide.mcu.externaltools.gnu-tools-for-stm32.13.3.rel1.win32_1.0.0.202411081344/tools/bin/../lib/gcc/arm-none-eabi/13.3.1/../../../../arm-none-eabi/lib/thumb/v7-m/nofp\libc_nano.a(libc_a-findfp.o)
 .ARM.attributes
                0x00000476       0x2d C:/ST/STM32CubeIDE_1.19.0/STM32CubeIDE/plugins/com.st.stm32cube.ide.mcu.externaltools.gnu-tools-for-stm32.13.3.rel1.win32_1.0.0.202411081344/tools/bin/../lib/gcc/arm-none-eabi/13.3.1/../../../../arm-none-eabi/lib/thumb/v7-m/nofp\libc_nano.a(libc_a-memcmp.o)
 .ARM.attributes
                0x000004a3       0x2d C:/ST/STM32CubeIDE_1.19.0/STM32CubeIDE/plugins/com.st.stm32cube.ide.mcu.externaltools.gnu-tools-for-stm32.13.3.rel1.win32_1.0.0.202411081344/tools/bin/../lib/gcc/arm-none-eabi/13.3.1/../../../../arm-none-eabi/lib/thumb/v7-m/nofp\libc_nano.a(libc_a-memset.o)
 .ARM.attributes
                0x000004d0       0x2d C:/ST/STM32CubeIDE_1.19.0/STM32CubeIDE/plugins/com.st.stm32cube.ide.mcu.externaltools.gnu-tools-for-stm32.13.3.rel1.win32_1.0.0.202411081344/tools/bin/../lib/gcc/arm-none-eabi/13.3.1/../../../../arm-none-eabi/lib/thumb/v7-m/nofp\libc_nano.a(libc_a-reent.o)
 .ARM.attributes
                0x000004fd       0x2d C:/ST/STM32CubeIDE_1.19.0/STM32CubeIDE/plugins/com.st.stm32cube.ide.mcu.externaltools.gnu-tools-for-stm32.13.3.rel1.win32_1.0.0.202411081344/tools/bin/../lib/gcc/arm-none-eabi/13.3.1/../../../../arm-none-eabi/lib/thumb/v7-m/nofp\libc_nano.a(libc_a-impure.o)
 .ARM.attributes
                0x0000052a       0x2d C:/ST/STM32CubeIDE_1.19.0/STM32CubeIDE/plugins/com.st.stm32cube.ide.mcu.externaltools.gnu-tools-for-stm32.13.3.rel1.win32_1.0.0.202411081344/tools/bin/../lib/gcc/arm-none-eabi/13.3.1/../../../../arm-none-eabi/lib/thumb/v7-m/nofp\libc_nano.a(libc_a-init.o)
 .ARM.attributes
                0x00000557       0x2d C:/ST/STM32CubeIDE_1.19.0/STM32CubeIDE/plugins/com.st.stm32cube.ide.mcu.externaltools.gnu-tools-for-stm32.13.3.rel1.win32_1.0.0.202411081344/tools/bin/../lib/gcc/arm-none-eabi/13.3.1/../../../../arm-none-eabi/lib/thumb/v7-m/nofp\libc_nano.a(libc_a-lock.o)
 .ARM.attributes
                0x00000584       0x2d C:/ST/STM32CubeIDE_1.19.0/STM32CubeIDE/plugins/com.st.stm32cube.ide.mcu.externaltools.gnu-tools-for-stm32.13.3.rel1.win32_1.0.0.202411081344/tools/bin/../lib/gcc/arm-none-eabi/13.3.1/../../../../arm-none-eabi/lib/thumb/v7-m/nofp\libc_nano.a(libc_a-memcpy-stub.o)
 .ARM.attributes
                0x000005b1       0x2d C:/ST/STM32CubeIDE_1.19.0/STM32CubeIDE/plugins/com.st.stm32cube.ide.mcu.externaltools.gnu-tools-for-stm32.13.3.rel1.win32_1.0.0.202411081344/tools/bin/../lib/gcc/arm-none-eabi/13.3.1/../../../../arm-none-eabi/lib/thumb/v7-m/nofp\libc_nano.a(libc_a-freer.o)
 .ARM.attributes
                0x000005de       0x2d C:/ST/STM32CubeIDE_1.19.0/STM32CubeIDE/plugins/com.st.stm32cube.ide.mcu.externaltools.gnu-tools-for-stm32.13.3.rel1.win32_1.0.0.202411081344/tools/bin/../lib/gcc/arm-none-eabi/13.3.1/../../../../arm-none-eabi/lib/thumb/v7-m/nofp\libc_nano.a(libc_a-mallocr.o)
 .ARM.attributes
                0x0000060b       0x2d C:/ST/STM32CubeIDE_1.19.0/STM32CubeIDE/plugins/com.st.stm32cube.ide.mcu.externaltools.gnu-tools-for-stm32.13.3.rel1.win32_1.0.0.202411081344/tools/bin/../lib/gcc/arm-none-eabi/13.3.1/../../../../arm-none-eabi/lib/thumb/v7-m/nofp\libc_nano.a(libc_a-mlock.o)
 .ARM.attributes
                0x00000638       0x1d C:/ST/STM32CubeIDE_1.19.0/STM32CubeIDE/plugins/com.st.stm32cube.ide.mcu.externaltools.gnu-tools-for-stm32.13.3.rel1.win32_1.0.0.202411081344/tools/bin/../lib/gcc/arm-none-eabi/13.3.1/thumb/v7-m/nofp/crtn.o
OUTPUT(Secure Gateway AES-STM32.elf elf32-littlearm)
LOAD linker stubs
LOAD C:/ST/STM32CubeIDE_1.19.0/STM32CubeIDE/plugins/com.st.stm32cube.ide.mcu.externaltools.gnu-tools-for-stm32.13.3.rel1.win32_1.0.0.202411081344/tools/bin/../lib/gcc/arm-none-eabi/13.3.1/../../../../arm-none-eabi/lib/thumb/v7-m/nofp\libc.a
LOAD C:/ST/STM32CubeIDE_1.19.0/STM32CubeIDE/plugins/com.st.stm32cube.ide.mcu.externaltools.gnu-tools-for-stm32.13.3.rel1.win32_1.0.0.202411081344/tools/bin/../lib/gcc/arm-none-eabi/13.3.1/../../../../arm-none-eabi/lib/thumb/v7-m/nofp\libm.a
LOAD C:/ST/STM32CubeIDE_1.19.0/STM32CubeIDE/plugins/com.st.stm32cube.ide.mcu.externaltools.gnu-tools-for-stm32.13.3.rel1.win32_1.0.0.202411081344/tools/bin/../lib/gcc/arm-none-eabi/13.3.1/thumb/v7-m/nofp\libgcc.a

.debug_info     0x00000000    0x146bc
 .debug_info    0x00000000      0x315 ./Core/Src/buffer_pool.o
 .debug_info    0x00000315      0xd3f ./Core/Src/enc28j60_driver.o
 .debug_info    0x00001054      0xf71 ./Core/Src/freertos.o
 .debug_info    0x00001fc5     0x281e ./Core/Src/main.o
 .debug_info    0x000047e3      0xa53 ./Core/Src/stm32f1xx_hal_msp.o
 .debug_info    0x00005236      0x9a8 ./Core/Src/stm32f1xx_hal_timebase_tim.o
 .debug_info    0x00005bde      0x729 ./Core/Src/stm32f1xx_it.o
 .debug_info    0x00006307      0x222 ./Core/Src/system_stm32f1xx.o
 .debug_info    0x00006529       0x30 ./Core/Startup/startup_stm32f103c8tx.o
 .debug_info    0x00006559      0x704 ./Drivers/STM32F1xx_HAL_Driver/Src/stm32f1xx_hal.o
 .debug_info    0x00006c5d      0xa87 ./Drivers/STM32F1xx_HAL_Driver/Src/stm32f1xx_hal_cortex.o
 .debug_info    0x000076e4      0x6d2 ./Drivers/STM32F1xx_HAL_Driver/Src/stm32f1xx_hal_dma.o
 .debug_info    0x00007db6      0x5ab ./Drivers/STM32F1xx_HAL_Driver/Src/stm32f1xx_hal_gpio.o
 .debug_info    0x00008361      0x7d5 ./Drivers/STM32F1xx_HAL_Driver/Src/stm32f1xx_hal_rcc.o
 .debug_info    0x00008b36     0x142d ./Drivers/STM32F1xx_HAL_Driver/Src/stm32f1xx_hal_spi.o
 .debug_info    0x00009f63     0x2959 ./Drivers/STM32F1xx_HAL_Driver/Src/stm32f1xx_hal_tim.o
 .debug_info    0x0000c8bc     0x149b ./Drivers/STM32F1xx_HAL_Driver/Src/stm32f1xx_hal_tim_ex.o
 .debug_info    0x0000dd57     0x21e2 ./Middlewares/Third_Party/FreeRTOS/Source/CMSIS_RTOS/cmsis_os.o
 .debug_info    0x0000ff39      0x2af ./Middlewares/Third_Party/FreeRTOS/Source/list.o
 .debug_info    0x000101e8     0x17cd ./Middlewares/Third_Party/FreeRTOS/Source/queue.o
 .debug_info    0x000119b5     0x239e ./Middlewares/Third_Party/FreeRTOS/Source/tasks.o
 .debug_info    0x00013d53      0x494 ./Middlewares/Third_Party/FreeRTOS/Source/portable/GCC/ARM_CM3/port.o
 .debug_info    0x000141e7      0x4d5 ./Middlewares/Third_Party/FreeRTOS/Source/portable/MemMang/heap_4.o

.debug_abbrev   0x00000000     0x3564
 .debug_abbrev  0x00000000      0x184 ./Core/Src/buffer_pool.o
 .debug_abbrev  0x00000184      0x2a7 ./Core/Src/enc28j60_driver.o
 .debug_abbrev  0x0000042b      0x1eb ./Core/Src/freertos.o
 .debug_abbrev  0x00000616      0x45f ./Core/Src/main.o
 .debug_abbrev  0x00000a75      0x20a ./Core/Src/stm32f1xx_hal_msp.o
 .debug_abbrev  0x00000c7f      0x1f3 ./Core/Src/stm32f1xx_hal_timebase_tim.o
 .debug_abbrev  0x00000e72      0x196 ./Core/Src/stm32f1xx_it.o
 .debug_abbrev  0x00001008      0x13f ./Core/Src/system_stm32f1xx.o
 .debug_abbrev  0x00001147       0x24 ./Core/Startup/startup_stm32f103c8tx.o
 .debug_abbrev  0x0000116b      0x201 ./Drivers/STM32F1xx_HAL_Driver/Src/stm32f1xx_hal.o
 .debug_abbrev  0x0000136c      0x2f8 ./Drivers/STM32F1xx_HAL_Driver/Src/stm32f1xx_hal_cortex.o
 .debug_abbrev  0x00001664      0x20b ./Drivers/STM32F1xx_HAL_Driver/Src/stm32f1xx_hal_dma.o
 .debug_abbrev  0x0000186f      0x1ca ./Drivers/STM32F1xx_HAL_Driver/Src/stm32f1xx_hal_gpio.o
 .debug_abbrev  0x00001a39      0x2b3 ./Drivers/STM32F1xx_HAL_Driver/Src/stm32f1xx_hal_rcc.o
 .debug_abbrev  0x00001cec      0x27a ./Drivers/STM32F1xx_HAL_Driver/Src/stm32f1xx_hal_spi.o
 .debug_abbrev  0x00001f66      0x277 ./Drivers/STM32F1xx_HAL_Driver/Src/stm32f1xx_hal_tim.o
 .debug_abbrev  0x000021dd      0x282 ./Drivers/STM32F1xx_HAL_Driver/Src/stm32f1xx_hal_tim_ex.o
 .debug_abbrev  0x0000245f      0x416 ./Middlewares/Third_Party/FreeRTOS/Source/CMSIS_RTOS/cmsis_os.o
 .debug_abbrev  0x00002875       0xf5 ./Middlewares/Third_Party/FreeRTOS/Source/list.o
 .debug_abbrev  0x0000296a      0x3b5 ./Middlewares/Third_Party/FreeRTOS/Source/queue.o
 .debug_abbrev  0x00002d1f      0x3d0 ./Middlewares/Third_Party/FreeRTOS/Source/tasks.o
 .debug_abbrev  0x000030ef      0x258 ./Middlewares/Third_Party/FreeRTOS/Source/portable/GCC/ARM_CM3/port.o
 .debug_abbrev  0x00003347      0x21d ./Middlewares/Third_Party/FreeRTOS/Source/portable/MemMang/heap_4.o

.debug_aranges  0x00000000     0x12b8
 .debug_aranges
                0x00000000       0x30 ./Core/Src/buffer_pool.o
 .debug_aranges
                0x00000030       0x78 ./Core/Src/enc28j60_driver.o
 .debug_aranges
                0x000000a8       0x40 ./Core/Src/freertos.o
 .debug_aranges
                0x000000e8       0xa8 ./Core/Src/main.o
 .debug_aranges
                0x00000190       0x30 ./Core/Src/stm32f1xx_hal_msp.o
 .debug_aranges
                0x000001c0       0x30 ./Core/Src/stm32f1xx_hal_timebase_tim.o
 .debug_aranges
                0x000001f0       0x80 ./Core/Src/stm32f1xx_it.o
 .debug_aranges
                0x00000270       0x28 ./Core/Src/system_stm32f1xx.o
 .debug_aranges
                0x00000298       0x28 ./Core/Startup/startup_stm32f103c8tx.o
 .debug_aranges
                0x000002c0       0xe0 ./Drivers/STM32F1xx_HAL_Driver/Src/stm32f1xx_hal.o
 .debug_aranges
                0x000003a0      0x100 ./Drivers/STM32F1xx_HAL_Driver/Src/stm32f1xx_hal_cortex.o
 .debug_aranges
                0x000004a0       0x80 ./Drivers/STM32F1xx_HAL_Driver/Src/stm32f1xx_hal_dma.o
 .debug_aranges
                0x00000520       0x58 ./Drivers/STM32F1xx_HAL_Driver/Src/stm32f1xx_hal_gpio.o
 .debug_aranges
                0x00000578       0x90 ./Drivers/STM32F1xx_HAL_Driver/Src/stm32f1xx_hal_rcc.o
 .debug_aranges
                0x00000608      0x1d0 ./Drivers/STM32F1xx_HAL_Driver/Src/stm32f1xx_hal_spi.o
 .debug_aranges
                0x000007d8      0x3d0 ./Drivers/STM32F1xx_HAL_Driver/Src/stm32f1xx_hal_tim.o
 .debug_aranges
                0x00000ba8      0x168 ./Drivers/STM32F1xx_HAL_Driver/Src/stm32f1xx_hal_tim_ex.o
 .debug_aranges
                0x00000d10      0x1d8 ./Middlewares/Third_Party/FreeRTOS/Source/CMSIS_RTOS/cmsis_os.o
 .debug_aranges
                0x00000ee8       0x40 ./Middlewares/Third_Party/FreeRTOS/Source/list.o
 .debug_aranges
                0x00000f28      0x108 ./Middlewares/Third_Party/FreeRTOS/Source/queue.o
 .debug_aranges
                0x00001030      0x1b8 ./Middlewares/Third_Party/FreeRTOS/Source/tasks.o
 .debug_aranges
                0x000011e8       0x78 ./Middlewares/Third_Party/FreeRTOS/Source/portable/GCC/ARM_CM3/port.o
 .debug_aranges
                0x00001260       0x58 ./Middlewares/Third_Party/FreeRTOS/Source/portable/MemMang/heap_4.o

.debug_rnglists
                0x00000000      0xe7e
 .debug_rnglists
                0x00000000       0x21 ./Core/Src/buffer_pool.o
 .debug_rnglists
                0x00000021       0x5b ./Core/Src/enc28j60_driver.o
 .debug_rnglists
                0x0000007c       0x2e ./Core/Src/freertos.o
 .debug_rnglists
                0x000000aa       0x91 ./Core/Src/main.o
 .debug_rnglists
                0x0000013b       0x21 ./Core/Src/stm32f1xx_hal_msp.o
 .debug_rnglists
                0x0000015c       0x20 ./Core/Src/stm32f1xx_hal_timebase_tim.o
 .debug_rnglists
                0x0000017c       0x5b ./Core/Src/stm32f1xx_it.o
 .debug_rnglists
                0x000001d7       0x1a ./Core/Src/system_stm32f1xx.o
 .debug_rnglists
                0x000001f1       0x19 ./Core/Startup/startup_stm32f103c8tx.o
 .debug_rnglists
                0x0000020a       0xa3 ./Drivers/STM32F1xx_HAL_Driver/Src/stm32f1xx_hal.o
 .debug_rnglists
                0x000002ad       0xbb ./Drivers/STM32F1xx_HAL_Driver/Src/stm32f1xx_hal_cortex.o
 .debug_rnglists
                0x00000368       0x64 ./Drivers/STM32F1xx_HAL_Driver/Src/stm32f1xx_hal_dma.o
 .debug_rnglists
                0x000003cc       0x3f ./Drivers/STM32F1xx_HAL_Driver/Src/stm32f1xx_hal_gpio.o
 .debug_rnglists
                0x0000040b       0x6c ./Drivers/STM32F1xx_HAL_Driver/Src/stm32f1xx_hal_rcc.o
 .debug_rnglists
                0x00000477      0x16e ./Drivers/STM32F1xx_HAL_Driver/Src/stm32f1xx_hal_spi.o
 .debug_rnglists
                0x000005e5      0x31a ./Drivers/STM32F1xx_HAL_Driver/Src/stm32f1xx_hal_tim.o
 .debug_rnglists
                0x000008ff      0x125 ./Drivers/STM32F1xx_HAL_Driver/Src/stm32f1xx_hal_tim_ex.o
 .debug_rnglists
                0x00000a24      0x16a ./Middlewares/Third_Party/FreeRTOS/Source/CMSIS_RTOS/cmsis_os.o
 .debug_rnglists
                0x00000b8e       0x2b ./Middlewares/Third_Party/FreeRTOS/Source/list.o
 .debug_rnglists
                0x00000bb9       0xcd ./Middlewares/Third_Party/FreeRTOS/Source/queue.o
 .debug_rnglists
                0x00000c86      0x15f ./Middlewares/Third_Party/FreeRTOS/Source/tasks.o
 .debug_rnglists
                0x00000de5       0x57 ./Middlewares/Third_Party/FreeRTOS/Source/portable/GCC/ARM_CM3/port.o
 .debug_rnglists
                0x00000e3c       0x42 ./Middlewares/Third_Party/FreeRTOS/Source/portable/MemMang/heap_4.o

.debug_macro    0x00000000    0x17b22
 .debug_macro   0x00000000      0x1de ./Core/Src/buffer_pool.o
 .debug_macro   0x000001de       0x8e ./Core/Src/buffer_pool.o
 .debug_macro   0x0000026c       0x51 ./Core/Src/buffer_pool.o
 .debug_macro   0x000002bd       0x61 ./Core/Src/buffer_pool.o
 .debug_macro   0x0000031e       0x10 ./Core/Src/buffer_pool.o
 .debug_macro   0x0000032e      0x31f ./Core/Src/enc28j60_driver.o
 .debug_macro   0x0000064d      0x227 ./Core/Src/enc28j60_driver.o
 .debug_macro   0x00000874       0x2e ./Core/Src/enc28j60_driver.o
 .debug_macro   0x000008a2       0x22 ./Core/Src/enc28j60_driver.o
 .debug_macro   0x000008c4       0x1c ./Core/Src/enc28j60_driver.o
 .debug_macro   0x000008e0       0x22 ./Core/Src/enc28j60_driver.o
 .debug_macro   0x00000902       0xbd ./Core/Src/enc28j60_driver.o
 .debug_macro   0x000009bf      0xd23 ./Core/Src/enc28j60_driver.o
 .debug_macro   0x000016e2     0xe09e ./Core/Src/enc28j60_driver.o
 .debug_macro   0x0000f780       0x6d ./Core/Src/enc28j60_driver.o
 .debug_macro   0x0000f7ed     0x34a2 ./Core/Src/enc28j60_driver.o
 .debug_macro   0x00012c8f       0x5c ./Core/Src/enc28j60_driver.o
 .debug_macro   0x00012ceb      0x5bc ./Core/Src/enc28j60_driver.o
 .debug_macro   0x000132a7      0x289 ./Core/Src/enc28j60_driver.o
 .debug_macro   0x00013530      0x1cb ./Core/Src/enc28j60_driver.o
 .debug_macro   0x000136fb      0x114 ./Core/Src/enc28j60_driver.o
 .debug_macro   0x0001380f      0x1b2 ./Core/Src/enc28j60_driver.o
 .debug_macro   0x000139c1       0x27 ./Core/Src/enc28j60_driver.o
 .debug_macro   0x000139e8      0x136 ./Core/Src/enc28j60_driver.o
 .debug_macro   0x00013b1e      0x1bc ./Core/Src/enc28j60_driver.o
 .debug_macro   0x00013cda       0x34 ./Core/Src/enc28j60_driver.o
 .debug_macro   0x00013d0e       0x3c ./Core/Src/enc28j60_driver.o
 .debug_macro   0x00013d4a       0x57 ./Core/Src/enc28j60_driver.o
 .debug_macro   0x00013da1       0x87 ./Core/Src/enc28j60_driver.o
 .debug_macro   0x00013e28      0x240 ./Core/Src/enc28j60_driver.o
 .debug_macro   0x00014068       0x78 ./Core/Src/enc28j60_driver.o
 .debug_macro   0x000140e0      0x140 ./Core/Src/enc28j60_driver.o
 .debug_macro   0x00014220      0x217 ./Core/Src/enc28j60_driver.o
 .debug_macro   0x00014437      0x8ed ./Core/Src/enc28j60_driver.o
 .debug_macro   0x00014d24       0x83 ./Core/Src/enc28j60_driver.o
 .debug_macro   0x00014da7       0xf1 ./Core/Src/enc28j60_driver.o
 .debug_macro   0x00014e98      0x247 ./Core/Src/enc28j60_driver.o
 .debug_macro   0x000150df      0x345 ./Core/Src/freertos.o
 .debug_macro   0x00015424       0x56 ./Core/Src/freertos.o
 .debug_macro   0x0001547a       0x64 ./Core/Src/freertos.o
 .debug_macro   0x000154de      0x3c0 ./Core/Src/main.o
 .debug_macro   0x0001589e       0x16 ./Core/Src/main.o
 .debug_macro   0x000158b4      0x1bc ./Core/Src/stm32f1xx_hal_msp.o
 .debug_macro   0x00015a70      0x1ad ./Core/Src/stm32f1xx_hal_timebase_tim.o
 .debug_macro   0x00015c1d      0x1c6 ./Core/Src/stm32f1xx_it.o
 .debug_macro   0x00015de3      0x1ad ./Core/Src/system_stm32f1xx.o
 .debug_macro   0x00015f90      0x1d1 ./Drivers/STM32F1xx_HAL_Driver/Src/stm32f1xx_hal.o
 .debug_macro   0x00016161      0x1ad ./Drivers/STM32F1xx_HAL_Driver/Src/stm32f1xx_hal_cortex.o
 .debug_macro   0x0001630e      0x1ad ./Drivers/STM32F1xx_HAL_Driver/Src/stm32f1xx_hal_dma.o
 .debug_macro   0x000164bb      0x218 ./Drivers/STM32F1xx_HAL_Driver/Src/stm32f1xx_hal_gpio.o
 .debug_macro   0x000166d3      0x1bf ./Drivers/STM32F1xx_HAL_Driver/Src/stm32f1xx_hal_rcc.o
 .debug_macro   0x00016892      0x1b5 ./Drivers/STM32F1xx_HAL_Driver/Src/stm32f1xx_hal_spi.o
 .debug_macro   0x00016a47      0x1ae ./Drivers/STM32F1xx_HAL_Driver/Src/stm32f1xx_hal_tim.o
 .debug_macro   0x00016bf5      0x1ad ./Drivers/STM32F1xx_HAL_Driver/Src/stm32f1xx_hal_tim_ex.o
 .debug_macro   0x00016da2      0x210 ./Middlewares/Third_Party/FreeRTOS/Source/CMSIS_RTOS/cmsis_os.o
 .debug_macro   0x00016fb2       0xab ./Middlewares/Third_Party/FreeRTOS/Source/CMSIS_RTOS/cmsis_os.o
 .debug_macro   0x0001705d      0x199 ./Middlewares/Third_Party/FreeRTOS/Source/list.o
 .debug_macro   0x000171f6      0x228 ./Middlewares/Third_Party/FreeRTOS/Source/queue.o
 .debug_macro   0x0001741e       0x87 ./Middlewares/Third_Party/FreeRTOS/Source/queue.o
 .debug_macro   0x000174a5      0x28b ./Middlewares/Third_Party/FreeRTOS/Source/tasks.o
 .debug_macro   0x00017730       0x10 ./Middlewares/Third_Party/FreeRTOS/Source/tasks.o
 .debug_macro   0x00017740      0x222 ./Middlewares/Third_Party/FreeRTOS/Source/portable/GCC/ARM_CM3/port.o
 .debug_macro   0x00017962      0x1c0 ./Middlewares/Third_Party/FreeRTOS/Source/portable/MemMang/heap_4.o

.debug_line     0x00000000    0x15344
 .debug_line    0x00000000      0x797 ./Core/Src/buffer_pool.o
 .debug_line    0x00000797      0xe9f ./Core/Src/enc28j60_driver.o
 .debug_line    0x00001636      0xb32 ./Core/Src/freertos.o
 .debug_line    0x00002168     0x117f ./Core/Src/main.o
 .debug_line    0x000032e7      0x83e ./Core/Src/stm32f1xx_hal_msp.o
 .debug_line    0x00003b25      0x792 ./Core/Src/stm32f1xx_hal_timebase_tim.o
 .debug_line    0x000042b7      0x82c ./Core/Src/stm32f1xx_it.o
 .debug_line    0x00004ae3      0x792 ./Core/Src/system_stm32f1xx.o
 .debug_line    0x00005275       0x78 ./Core/Startup/startup_stm32f103c8tx.o
 .debug_line    0x000052ed      0x9c3 ./Drivers/STM32F1xx_HAL_Driver/Src/stm32f1xx_hal.o
 .debug_line    0x00005cb0      0xb8d ./Drivers/STM32F1xx_HAL_Driver/Src/stm32f1xx_hal_cortex.o
 .debug_line    0x0000683d      0xdcd ./Drivers/STM32F1xx_HAL_Driver/Src/stm32f1xx_hal_dma.o
 .debug_line    0x0000760a      0xa20 ./Drivers/STM32F1xx_HAL_Driver/Src/stm32f1xx_hal_gpio.o
 .debug_line    0x0000802a      0xe7c ./Drivers/STM32F1xx_HAL_Driver/Src/stm32f1xx_hal_rcc.o
 .debug_line    0x00008ea6     0x1c5a ./Drivers/STM32F1xx_HAL_Driver/Src/stm32f1xx_hal_spi.o
 .debug_line    0x0000ab00     0x34b1 ./Drivers/STM32F1xx_HAL_Driver/Src/stm32f1xx_hal_tim.o
 .debug_line    0x0000dfb1     0x1887 ./Drivers/STM32F1xx_HAL_Driver/Src/stm32f1xx_hal_tim_ex.o
 .debug_line    0x0000f838     0x130a ./Middlewares/Third_Party/FreeRTOS/Source/CMSIS_RTOS/cmsis_os.o
 .debug_line    0x00010b42      0x796 ./Middlewares/Third_Party/FreeRTOS/Source/list.o
 .debug_line    0x000112d8     0x14da ./Middlewares/Third_Party/FreeRTOS/Source/queue.o
 .debug_line    0x000127b2     0x18f2 ./Middlewares/Third_Party/FreeRTOS/Source/tasks.o
 .debug_line    0x000140a4      0x8f4 ./Middlewares/Third_Party/FreeRTOS/Source/portable/GCC/ARM_CM3/port.o
 .debug_line    0x00014998      0x9ac ./Middlewares/Third_Party/FreeRTOS/Source/portable/MemMang/heap_4.o

.debug_str      0x00000000    0x93e1c
 .debug_str     0x00000000    0x93e1c ./Core/Src/buffer_pool.o
                               0xd42f (size before relaxing)
 .debug_str     0x00093e1c    0x8d41b ./Core/Src/enc28j60_driver.o
 .debug_str     0x00093e1c    0x8d738 ./Core/Src/freertos.o
 .debug_str     0x00093e1c    0x8ed88 ./Core/Src/main.o
 .debug_str     0x00093e1c    0x83db3 ./Core/Src/stm32f1xx_hal_msp.o
 .debug_str     0x00093e1c    0x83d28 ./Core/Src/stm32f1xx_hal_timebase_tim.o
 .debug_str     0x00093e1c    0x83b97 ./Core/Src/stm32f1xx_it.o
 .debug_str     0x00093e1c    0x83460 ./Core/Src/system_stm32f1xx.o
 .debug_str     0x00093e1c       0x80 ./Core/Startup/startup_stm32f103c8tx.o
 .debug_str     0x00093e1c    0x83b93 ./Drivers/STM32F1xx_HAL_Driver/Src/stm32f1xx_hal.o
 .debug_str     0x00093e1c    0x83adf ./Drivers/STM32F1xx_HAL_Driver/Src/stm32f1xx_hal_cortex.o
 .debug_str     0x00093e1c    0x83809 ./Drivers/STM32F1xx_HAL_Driver/Src/stm32f1xx_hal_dma.o
 .debug_str     0x00093e1c    0x837e6 ./Drivers/STM32F1xx_HAL_Driver/Src/stm32f1xx_hal_gpio.o
 .debug_str     0x00093e1c    0x8388f ./Drivers/STM32F1xx_HAL_Driver/Src/stm32f1xx_hal_rcc.o
 .debug_str     0x00093e1c    0x83d86 ./Drivers/STM32F1xx_HAL_Driver/Src/stm32f1xx_hal_spi.o
 .debug_str     0x00093e1c    0x84891 ./Drivers/STM32F1xx_HAL_Driver/Src/stm32f1xx_hal_tim.o
 .debug_str     0x00093e1c    0x8409d ./Drivers/STM32F1xx_HAL_Driver/Src/stm32f1xx_hal_tim_ex.o
 .debug_str     0x00093e1c     0xea0d ./Middlewares/Third_Party/FreeRTOS/Source/CMSIS_RTOS/cmsis_os.o
 .debug_str     0x00093e1c     0xabee ./Middlewares/Third_Party/FreeRTOS/Source/list.o
 .debug_str     0x00093e1c     0xc581 ./Middlewares/Third_Party/FreeRTOS/Source/queue.o
 .debug_str     0x00093e1c     0xd2a8 ./Middlewares/Third_Party/FreeRTOS/Source/tasks.o
 .debug_str     0x00093e1c     0xb813 ./Middlewares/Third_Party/FreeRTOS/Source/portable/GCC/ARM_CM3/port.o
 .debug_str     0x00093e1c     0xb530 ./Middlewares/Third_Party/FreeRTOS/Source/portable/MemMang/heap_4.o

.comment        0x00000000       0x43
 .comment       0x00000000       0x43 ./Core/Src/buffer_pool.o
                                 0x44 (size before relaxing)
 .comment       0x00000043       0x44 ./Core/Src/enc28j60_driver.o
 .comment       0x00000043       0x44 ./Core/Src/freertos.o
 .comment       0x00000043       0x44 ./Core/Src/main.o
 .comment       0x00000043       0x44 ./Core/Src/stm32f1xx_hal_msp.o
 .comment       0x00000043       0x44 ./Core/Src/stm32f1xx_hal_timebase_tim.o
 .comment       0x00000043       0x44 ./Core/Src/stm32f1xx_it.o
 .comment       0x00000043       0x44 ./Core/Src/system_stm32f1xx.o
 .comment       0x00000043       0x44 ./Drivers/STM32F1xx_HAL_Driver/Src/stm32f1xx_hal.o
 .comment       0x00000043       0x44 ./Drivers/STM32F1xx_HAL_Driver/Src/stm32f1xx_hal_cortex.o
 .comment       0x00000043       0x44 ./Drivers/STM32F1xx_HAL_Driver/Src/stm32f1xx_hal_dma.o
 .comment       0x00000043       0x44 ./Drivers/STM32F1xx_HAL_Driver/Src/stm32f1xx_hal_gpio.o
 .comment       0x00000043       0x44 ./Drivers/STM32F1xx_HAL_Driver/Src/stm32f1xx_hal_rcc.o
 .comment       0x00000043       0x44 ./Drivers/STM32F1xx_HAL_Driver/Src/stm32f1xx_hal_spi.o
 .comment       0x00000043       0x44 ./Drivers/STM32F1xx_HAL_Driver/Src/stm32f1xx_hal_tim.o
 .comment       0x00000043       0x44 ./Drivers/STM32F1xx_HAL_Driver/Src/stm32f1xx_hal_tim_ex.o
 .comment       0x00000043       0x44 ./Middlewares/Third_Party/FreeRTOS/Source/CMSIS_RTOS/cmsis_os.o
 .comment       0x00000043       0x44 ./Middlewares/Third_Party/FreeRTOS/Source/list.o
 .comment       0x00000043       0x44 ./Middlewares/Third_Party/FreeRTOS/Source/queue.o
 .comment       0x00000043       0x44 ./Middlewares/Third_Party/FreeRTOS/Source/tasks.o
 .comment       0x00000043       0x44 ./Middlewares/Third_Party/FreeRTOS/Source/portable/GCC/ARM_CM3/port.o
 .comment       0x00000043       0x44 ./Middlewares/Third_Party/FreeRTOS/Source/portable/MemMang/heap_4.o

.debug_frame    0x00000000     0x5014
 .debug_frame   0x00000000       0x80 ./Core/Src/buffer_pool.o
 .debug_frame   0x00000080      0x1cc ./Core/Src/enc28j60_driver.o
 .debug_frame   0x0000024c       0xc8 ./Core/Src/freertos.o
 .debug_frame   0x00000314      0x25c ./Core/Src/main.o
 .debug_frame   0x00000570       0x80 ./Core/Src/stm32f1xx_hal_msp.o
 .debug_frame   0x000005f0       0x74 ./Core/Src/stm32f1xx_hal_timebase_tim.o
 .debug_frame   0x00000664      0x16c ./Core/Src/stm32f1xx_it.o
 .debug_frame   0x000007d0       0x58 ./Core/Src/system_stm32f1xx.o
 .debug_frame   0x00000828      0x334 ./Drivers/STM32F1xx_HAL_Driver/Src/stm32f1xx_hal.o
 .debug_frame   0x00000b5c      0x428 ./Drivers/STM32F1xx_HAL_Driver/Src/stm32f1xx_hal_cortex.o
 .debug_frame   0x00000f84      0x208 ./Drivers/STM32F1xx_HAL_Driver/Src/stm32f1xx_hal_dma.o
 .debug_frame   0x0000118c      0x14c ./Drivers/STM32F1xx_HAL_Driver/Src/stm32f1xx_hal_gpio.o
 .debug_frame   0x000012d8      0x218 ./Drivers/STM32F1xx_HAL_Driver/Src/stm32f1xx_hal_rcc.o
 .debug_frame   0x000014f0      0x824 ./Drivers/STM32F1xx_HAL_Driver/Src/stm32f1xx_hal_spi.o
 .debug_frame   0x00001d14     0x11b8 ./Drivers/STM32F1xx_HAL_Driver/Src/stm32f1xx_hal_tim.o
 .debug_frame   0x00002ecc      0x638 ./Drivers/STM32F1xx_HAL_Driver/Src/stm32f1xx_hal_tim_ex.o
 .debug_frame   0x00003504      0x80c ./Middlewares/Third_Party/FreeRTOS/Source/CMSIS_RTOS/cmsis_os.o
 .debug_frame   0x00003d10       0xd8 ./Middlewares/Third_Party/FreeRTOS/Source/list.o
 .debug_frame   0x00003de8      0x46c ./Middlewares/Third_Party/FreeRTOS/Source/queue.o
 .debug_frame   0x00004254      0x77c ./Middlewares/Third_Party/FreeRTOS/Source/tasks.o
 .debug_frame   0x000049d0      0x198 ./Middlewares/Third_Party/FreeRTOS/Source/portable/GCC/ARM_CM3/port.o
 .debug_frame   0x00004b68      0x12c ./Middlewares/Third_Party/FreeRTOS/Source/portable/MemMang/heap_4.o
 .debug_frame   0x00004c94      0x144 C:/ST/STM32CubeIDE_1.19.0/STM32CubeIDE/plugins/com.st.stm32cube.ide.mcu.externaltools.gnu-tools-for-stm32.13.3.rel1.win32_1.0.0.202411081344/tools/bin/../lib/gcc/arm-none-eabi/13.3.1/../../../../arm-none-eabi/lib/thumb/v7-m/nofp\libc_nano.a(libc_a-findfp.o)
 .debug_frame   0x00004dd8       0x28 C:/ST/STM32CubeIDE_1.19.0/STM32CubeIDE/plugins/com.st.stm32cube.ide.mcu.externaltools.gnu-tools-for-stm32.13.3.rel1.win32_1.0.0.202411081344/tools/bin/../lib/gcc/arm-none-eabi/13.3.1/../../../../arm-none-eabi/lib/thumb/v7-m/nofp\libc_nano.a(libc_a-memcmp.o)
 .debug_frame   0x00004e00       0x20 C:/ST/STM32CubeIDE_1.19.0/STM32CubeIDE/plugins/com.st.stm32cube.ide.mcu.externaltools.gnu-tools-for-stm32.13.3.rel1.win32_1.0.0.202411081344/tools/bin/../lib/gcc/arm-none-eabi/13.3.1/../../../../arm-none-eabi/lib/thumb/v7-m/nofp\libc_nano.a(libc_a-memset.o)