../Core/Src/main.c:153:6:RX_HandlePacket	24	static
../Core/Src/main.c:181:6:Update_Ip_Checksum	40	static
../Core/Src/main.c:217:6:User_Init	8	static
../Core/Src/main.c:235:5:main	320	static
../Core/Src/main.c:368:6:SystemClock_Config	72	static
../Core/Src/main.c:437:13:MX_SPI1_Init	8	static
../Core/Src/main.c:475:13:MX_SPI2_Init	8	static
../Core/Src/main.c:511:13:MX_DMA_Init	16	static
../Core/Src/main.c:538:13:MX_GPIO_Init	40	static
../Core/Src/main.c:610:6:StartDefaultTask	16	static
../Core/Src/main.c:628:6:vRX_SPI1_TaskFunc	24	static
../Core/Src/main.c:685:6:vRX_SPI2_TaskFunc	24	static
../Core/Src/main.c:736:6:vTX_SPI1_TaskFunc	32	static
../Core/Src/main.c:773:6:vPacket_Processing_TaskFunc	64	static
../Core/Src/main.c:917:6:vHeartbeat_TaskFunc	24	static
../Core/Src/main.c:987:6:vTX_SPI2_TaskFunc	32	static
../Core/Src/main.c:1025:6:HAL_TIM_PeriodElapsedCallback	16	static
../Core/Src/main.c:1043:6:Error_Handler	4	static,ignoring_inline_asm
