../Core/Src/main.c:145:6:RX_HandlePacket	24	static
../Core/Src/main.c:175:6:Update_Ip_Checksum	32	static
../Core/Src/main.c:207:5:main	272	static
../Core/Src/main.c:344:6:SystemClock_Config	72	static
../Core/Src/main.c:385:13:MX_IWDG_Init	8	static
../Core/Src/main.c:413:13:MX_SPI1_Init	8	static
../Core/Src/main.c:451:13:MX_SPI2_Init	8	static
../Core/Src/main.c:487:13:MX_DMA_Init	16	static
../Core/Src/main.c:514:13:MX_GPIO_Init	40	static
../Core/Src/main.c:586:6:StartDefaultTask	16	static
../Core/Src/main.c:604:6:vRX_SPI1_TaskFunc	24	static
../Core/Src/main.c:638:6:vRX_SPI2_TaskFunc	24	static
../Core/Src/main.c:667:6:vTX_TaskFunc	32	static
../Core/Src/main.c:702:6:vPacket_Processing_TaskFunc	80	static
../Core/Src/main.c:815:6:vHeartbeat_TaskFunc	24	static
../Core/Src/main.c:867:6:HAL_TIM_PeriodElapsedCallback	16	static
../Core/Src/main.c:885:6:Error_Handler	4	static,ignoring_inline_asm
